<html>
<body>
<pre>
<h1>猩ision Build Log</h1>
<h2>Project:</h2>
D:\英達開發資料\CS012\第一次試產資料\原始程式碼\Board\nrf6310\s310\cs012_Dfu\arm\ble_ant_app_hrm.uvproj
Project File Date:  06/03/2014

<h2>Output:</h2>
Rebuild target 'nrf51422_xxaa_s310 (256K)'
assembling arm_startup_nrf51422_s310.s...
compiling system_nrf51.c...
compiling main.c...
compiling hrm_tx.c...
compiling battery.c...
compiling hrm_rx.c...
compiling heart_rate.c...
compiling ble_dis.c...
compiling ble_hrs.c...
compiling ble_bas.c...
compiling ble_nus.c...
compiling ble_error_log.c...
compiling ble_advdata.c...
compiling ble_srv_common.c...
compiling app_timer.c...
compiling ble_conn_params.c...
compiling ble_bondmngr.c...
compiling ble_debug_assert_handler.c...
compiling crc16.c...
compiling softdevice_handler.c...
compiling pstorage.c...
compiling app_button.c...
compiling app_gpiote.c...
compiling ble_radio_notification.c...
compiling ble_flash.c...
compiling ble_dtm.c...
linking...
Program Size: Code=20684 RO-data=312 RW-data=428 ZI-data=4088  
FromELF: creating hex file...
".\_build\ble_ant_app_hrm.axf" - 0 Errors, 0 Warning(s).
Rebuild target 'nrf51422_xxaa_s310 (256K)'
assembling arm_startup_nrf51422_s310.s...
compiling system_nrf51.c...
compiling main.c...
compiling hrm_tx.c...
compiling battery.c...
compiling hrm_rx.c...
compiling heart_rate.c...
compiling ble_dis.c...
compiling ble_hrs.c...
compiling ble_bas.c...
compiling ble_nus.c...
compiling ble_error_log.c...
compiling ble_advdata.c...
compiling ble_srv_common.c...
compiling app_timer.c...
compiling ble_conn_params.c...
compiling ble_bondmngr.c...
compiling ble_debug_assert_handler.c...
compiling crc16.c...
compiling softdevice_handler.c...
compiling pstorage.c...
compiling app_button.c...
compiling app_gpiote.c...
compiling ble_radio_notification.c...
compiling ble_flash.c...
compiling ble_dtm.c...
linking...
Program Size: Code=20684 RO-data=312 RW-data=428 ZI-data=4088  
FromELF: creating hex file...
".\_build\cs012.axf" - 0 Errors, 0 Warning(s).
