ARM Linker, 5.03 [Build 76] [MDK-ARM Standard]

==============================================================================

Section Cross References

    arm_startup_nrf51422_s310.o(RESET) refers to arm_startup_nrf51422_s310.o(STACK) for __initial_sp
    arm_startup_nrf51422_s310.o(RESET) refers to arm_startup_nrf51422_s310.o(.text) for Reset_Handler
    arm_startup_nrf51422_s310.o(RESET) refers to app_gpiote.o(.text) for GPIOTE_IRQHandler
    arm_startup_nrf51422_s310.o(RESET) refers to battery.o(.text) for ADC_IRQHandler
    arm_startup_nrf51422_s310.o(RESET) refers to app_timer.o(.text) for RTC1_IRQHandler
    arm_startup_nrf51422_s310.o(RESET) refers to ble_radio_notification.o(.text) for SWI1_IRQHandler
    arm_startup_nrf51422_s310.o(RESET) refers to softdevice_handler.o(.text) for SWI2_IRQHandler
    arm_startup_nrf51422_s310.o(.text) refers to system_nrf51.o(.text) for SystemInit
    arm_startup_nrf51422_s310.o(.text) refers to entry.o(.ARM.Collect$$$$00000000) for __main
    system_nrf51.o(.text) refers to system_nrf51.o(.data) for SystemCoreClock
    main.o(.text) refers to hrm_tx.o(.text) for ant_heart_tx_channel_close
    main.o(.text) refers to softdevice_handler.o(.text) for softdevice_handler_sd_disable
    main.o(.text) refers to ble_flash.o(.text) for F_flash_page_erase
    main.o(.text) refers to app_timer.o(.text) for app_timer_start
    main.o(.text) refers to battery.o(.text) for battery_start
    main.o(.text) refers to heart_rate.o(.text) for F_HearRateProcess
    main.o(.text) refers to ble_hrs.o(.text) for ble_hrs_heart_rate_measurement_send
    main.o(.text) refers to memseta.o(.text) for __aeabi_memclr4
    main.o(.text) refers to ble_advdata.o(.text) for ble_advdata_set
    main.o(.text) refers to main.o(.ARM.__AT_0x0002B004) for BluetoothDFU
    main.o(.text) refers to main.o(.data) for m_battery_timer_id
    main.o(.text) refers to main.o(.bss) for m_adv_params
    main.o(.text) refers to main.o(.constdata) for .constdata
    main.o(.text) refers to ble_bas.o(.text) for ble_bas_init
    main.o(.text) refers to ble_nus.o(.text) for ble_nus_init
    main.o(.text) refers to ble_srv_common.o(.text) for ble_srv_ascii_to_utf8
    main.o(.text) refers to ble_dis.o(.text) for ble_dis_init
    main.o(.text) refers to ble_conn_params.o(.text) for ble_conn_params_init
    main.o(.text) refers to hrm_rx.o(.text) for on_ant_evt_rx
    main.o(.text) refers to app_button.o(.text) for app_button_enable
    main.o(.text) refers to app_gpiote.o(.text) for app_gpiote_init
    main.o(.text) refers to ble_dtm.o(.text) for dtm_cmd
    main.o(.text) refers to main.o(.emb_text) for __asm___6_main_c_1accdf12__nrf_delay_us
    main.o(.text) refers to main.o(.ARM.__AT_0x10001080) for UICR_ADDR_0x80
    main.o(.data) refers to main.o(.text) for button_event_handler
    hrm_tx.o(.text) refers to main.o(.text) for app_error_handler
    hrm_tx.o(.text) refers to uidiv.o(.text) for __aeabi_uidivmod
    hrm_tx.o(.text) refers to dfltui.o(.text) for __aeabi_ui2d
    hrm_tx.o(.text) refers to dmul.o(.text) for __aeabi_dmul
    hrm_tx.o(.text) refers to dfixui.o(.text) for __aeabi_d2uiz
    hrm_tx.o(.text) refers to hrm_tx.o(.constdata) for m_network_key
    hrm_tx.o(.text) refers to hrm_tx.o(.data) for m_page_change
    battery.o(.text) refers to idiv.o(.text) for __aeabi_idivmod
    battery.o(.text) refers to ble_bas.o(.text) for ble_bas_battery_level_update
    battery.o(.text) refers to main.o(.text) for app_error_handler
    battery.o(.text) refers to main.o(.bss) for m_bas
    hrm_rx.o(.text) refers to main.o(.text) for app_error_handler
    hrm_rx.o(.text) refers to hrm_tx.o(.text) for F_UpAntHeartRatePage4Data
    hrm_rx.o(.text) refers to hrm_rx.o(i.__ARM_common_switch8) for __ARM_common_switch8
    hrm_rx.o(.text) refers to hrm_rx.o(.data) for m_network_key
    heart_rate.o(.text) refers to uidiv.o(.text) for __aeabi_uidivmod
    heart_rate.o(.text) refers to idiv.o(.text) for __aeabi_idivmod
    heart_rate.o(.text) refers to hrm_tx.o(.text) for F_UpAntHeartRatePage4Data
    heart_rate.o(.text) refers to heart_rate.o(.data) for HRBufProcIndx
    heart_rate.o(.text) refers to heart_rate.o(.bss) for RgHRBuf
    heart_rate.o(.text) refers to app_timer.o(.text) for app_timer_cnt_get
    heart_rate.o(.text) refers to dfltui.o(.text) for __aeabi_ui2d
    heart_rate.o(.text) refers to ddiv.o(.text) for __aeabi_ddiv
    heart_rate.o(.text) refers to dfixui.o(.text) for __aeabi_d2uiz
    ble_dis.o(.text) refers to main.o(.text) for app_error_handler
    ble_dis.o(.text) refers to memseta.o(.text) for __aeabi_memclr4
    ble_dis.o(.text) refers to ble_dis.o(.data) for service_handle
    ble_hrs.o(.text) refers to memmovea.o(.text) for __aeabi_memmove
    ble_hrs.o(.text) refers to memseta.o(.text) for __aeabi_memclr4
    ble_bas.o(.text) refers to memseta.o(.text) for __aeabi_memclr4
    ble_bas.o(.text) refers to ble_srv_common.o(.text) for ble_srv_report_ref_encode
    ble_nus.o(.text) refers to memseta.o(.text) for __aeabi_memclr4
    ble_nus.o(.text) refers to ble_nus.o(.constdata) for .constdata
    ble_error_log.o(.text) refers to memmovea.o(.text) for __aeabi_memcpy4
    ble_error_log.o(.text) refers to strncpy.o(.text) for strncpy
    ble_error_log.o(.text) refers to arm_startup_nrf51422_s310.o(RESET) for __Vectors
    ble_error_log.o(.text) refers to ble_error_log.o(.bss) for m_ble_error_log
    ble_advdata.o(.text) refers to memmovea.o(.text) for __aeabi_memcpy
    ble_srv_common.o(.text) refers to main.o(.text) for app_error_handler
    ble_srv_common.o(.text) refers to strlen.o(.text) for strlen
    app_timer.o(.text) refers to app_timer.o(.emb_text) for __asm___11_app_timer_c_cd27f9c3__nrf_delay_us
    app_timer.o(.text) refers to main.o(.text) for app_error_handler
    app_timer.o(.text) refers to app_timer.o(.data) for mp_nodes
    ble_conn_params.o(.text) refers to memmovea.o(.text) for __aeabi_memcpy4
    ble_conn_params.o(.text) refers to app_timer.o(.text) for app_timer_create
    ble_conn_params.o(.text) refers to ble_conn_params.o(.data) for m_preferred_conn_params
    ble_conn_params.o(.text) refers to ble_conn_params.o(.bss) for m_conn_params_config
    ble_bondmngr.o(.text) refers to crc16.o(.text) for crc16_compute
    ble_bondmngr.o(.text) refers to pstorage.o(.text) for pstorage_block_identifier_get
    ble_bondmngr.o(.text) refers to ble_bondmngr.o(.data) for m_bond_info_in_flash_count
    ble_bondmngr.o(.text) refers to ble_bondmngr.o(.bss) for m_bond_crc_array
    ble_bondmngr.o(.text) refers to memmovea.o(.text) for __aeabi_memcpy
    ble_bondmngr.o(.text) refers to memcmp.o(.text) for memcmp
    ble_bondmngr.o(.text) refers to memseta.o(.text) for __aeabi_memclr4
    ble_debug_assert_handler.o(.text) refers to strncpy.o(.text) for strncpy
    ble_debug_assert_handler.o(.text) refers to ble_debug_assert_handler.o(.bss) for s_file_name
    ble_debug_assert_handler.o(.text) refers to ble_debug_assert_handler.o(.data) for s_line_num
    softdevice_handler.o(.text) refers to main.o(.text) for assert_nrf_callback
    softdevice_handler.o(.text) refers to softdevice_handler.o(.data) for m_softdevice_enabled
    pstorage.o(.text) refers to uidiv.o(.text) for __aeabi_uidivmod
    pstorage.o(.text) refers to pstorage.o(.bss) for m_cmd_queue
    pstorage.o(.text) refers to pstorage.o(.data) for m_round_val
    pstorage.o(.text) refers to memmovea.o(.text) for __aeabi_memcpy
    app_button.o(.text) refers to main.o(.text) for app_error_handler
    app_button.o(.text) refers to app_gpiote.o(.text) for app_gpiote_pins_state_get
    app_button.o(.text) refers to app_timer.o(.text) for app_timer_stop
    app_button.o(.text) refers to app_button.o(.data) for m_evt_schedule_func
    app_gpiote.o(.text) refers to memseta.o(.text) for __aeabi_memclr4
    app_gpiote.o(.text) refers to app_gpiote.o(.data) for mp_users
    ble_radio_notification.o(.text) refers to ble_radio_notification.o(.data) for m_radio_active
    ble_flash.o(.text) refers to memmovea.o(.text) for __aeabi_memcpy4
    ble_flash.o(.text) refers to ble_flash.o(.data) for m_radio_active
    ble_dtm.o(.text) refers to memcmp.o(.text) for memcmp
    ble_dtm.o(.text) refers to memseta.o(.text) for __aeabi_memclr
    ble_dtm.o(.text) refers to ble_dtm.o(.bss) for m_pdu
    ble_dtm.o(.text) refers to ble_dtm.o(.constdata) for m_prbs_content
    ble_dtm.o(.text) refers to ble_dtm.o(.data) for m_rx_pkt_count
    ble_dtm.o(.text) refers to memmovea.o(.text) for __aeabi_memcpy
    entry.o(.ARM.Collect$$$$00000000) refers (Special) to entry10a.o(.ARM.Collect$$$$0000000D) for __rt_final_cpp
    entry.o(.ARM.Collect$$$$00000000) refers (Special) to entry11a.o(.ARM.Collect$$$$0000000F) for __rt_final_exit
    entry.o(.ARM.Collect$$$$00000000) refers (Special) to entry7b.o(.ARM.Collect$$$$00000008) for _main_clock
    entry.o(.ARM.Collect$$$$00000000) refers (Special) to entry8b.o(.ARM.Collect$$$$0000000A) for _main_cpp_init
    entry.o(.ARM.Collect$$$$00000000) refers (Special) to entry9a.o(.ARM.Collect$$$$0000000B) for _main_init
    entry.o(.ARM.Collect$$$$00000000) refers (Special) to entry5.o(.ARM.Collect$$$$00000004) for _main_scatterload
    entry.o(.ARM.Collect$$$$00000000) refers (Special) to entry2.o(.ARM.Collect$$$$00000001) for _main_stk
    idiv.o(.text) refers to uidiv.o(.text) for __aeabi_uidivmod
    dmul.o(.text) refers (Special) to iusefp.o(.text) for __I$use$fp
    dmul.o(.text) refers to depilogue.o(.text) for _double_epilogue
    ddiv.o(.text) refers (Special) to iusefp.o(.text) for __I$use$fp
    ddiv.o(.text) refers to depilogue.o(.text) for _double_round
    dfltui.o(.text) refers (Special) to iusefp.o(.text) for __I$use$fp
    dfltui.o(.text) refers to depilogue.o(.text) for _double_epilogue
    dfixui.o(.text) refers (Special) to iusefp.o(.text) for __I$use$fp
    dfixui.o(.text) refers to llushr.o(.text) for __aeabi_llsr
    entry2.o(.ARM.Collect$$$$00000001) refers to entry2.o(.ARM.Collect$$$$00002712) for __lit__00000000
    entry2.o(.ARM.Collect$$$$00002712) refers to arm_startup_nrf51422_s310.o(STACK) for __initial_sp
    entry2.o(__vectab_stack_and_reset_area) refers to arm_startup_nrf51422_s310.o(STACK) for __initial_sp
    entry2.o(__vectab_stack_and_reset_area) refers to entry.o(.ARM.Collect$$$$00000000) for __main
    entry5.o(.ARM.Collect$$$$00000004) refers to init.o(.text) for __scatterload
    entry9a.o(.ARM.Collect$$$$0000000B) refers to main.o(.text) for main
    entry9b.o(.ARM.Collect$$$$0000000C) refers to main.o(.text) for main
    depilogue.o(.text) refers to depilogue.o(i.__ARM_clz) for __ARM_clz
    depilogue.o(.text) refers to llshl.o(.text) for __aeabi_llsl
    depilogue.o(.text) refers to llushr.o(.text) for __aeabi_llsr
    init.o(.text) refers to entry5.o(.ARM.Collect$$$$00000004) for __main_after_scatterload


==============================================================================

Removing Unused input sections from the image.

    Removing arm_startup_nrf51422_s310.o(HEAP), (0 bytes).
    Removing system_nrf51.o(.rev16_text), (4 bytes).
    Removing system_nrf51.o(.revsh_text), (4 bytes).
    Removing main.o(.rev16_text), (4 bytes).
    Removing main.o(.revsh_text), (4 bytes).
    Removing hrm_tx.o(.rev16_text), (4 bytes).
    Removing hrm_tx.o(.revsh_text), (4 bytes).
    Removing battery.o(.rev16_text), (4 bytes).
    Removing battery.o(.revsh_text), (4 bytes).
    Removing hrm_rx.o(.rev16_text), (4 bytes).
    Removing hrm_rx.o(.revsh_text), (4 bytes).
    Removing heart_rate.o(.rev16_text), (4 bytes).
    Removing heart_rate.o(.revsh_text), (4 bytes).
    Removing ble_dis.o(.rev16_text), (4 bytes).
    Removing ble_dis.o(.revsh_text), (4 bytes).
    Removing ble_hrs.o(.rev16_text), (4 bytes).
    Removing ble_hrs.o(.revsh_text), (4 bytes).
    Removing ble_bas.o(.rev16_text), (4 bytes).
    Removing ble_bas.o(.revsh_text), (4 bytes).
    Removing ble_nus.o(.rev16_text), (4 bytes).
    Removing ble_nus.o(.revsh_text), (4 bytes).
    Removing ble_error_log.o(.rev16_text), (4 bytes).
    Removing ble_error_log.o(.revsh_text), (4 bytes).
    Removing ble_error_log.o(.text), (96 bytes).
    Removing ble_error_log.o(.bss), (392 bytes).
    Removing ble_advdata.o(.rev16_text), (4 bytes).
    Removing ble_advdata.o(.revsh_text), (4 bytes).
    Removing ble_srv_common.o(.rev16_text), (4 bytes).
    Removing ble_srv_common.o(.revsh_text), (4 bytes).
    Removing app_timer.o(.rev16_text), (4 bytes).
    Removing app_timer.o(.revsh_text), (4 bytes).
    Removing ble_conn_params.o(.rev16_text), (4 bytes).
    Removing ble_conn_params.o(.revsh_text), (4 bytes).
    Removing ble_bondmngr.o(.rev16_text), (4 bytes).
    Removing ble_bondmngr.o(.revsh_text), (4 bytes).
    Removing ble_bondmngr.o(.text), (4068 bytes).
    Removing ble_bondmngr.o(.bss), (1068 bytes).
    Removing ble_bondmngr.o(.data), (33 bytes).
    Removing ble_debug_assert_handler.o(.rev16_text), (4 bytes).
    Removing ble_debug_assert_handler.o(.revsh_text), (4 bytes).
    Removing ble_debug_assert_handler.o(.text), (60 bytes).
    Removing ble_debug_assert_handler.o(.bss), (128 bytes).
    Removing ble_debug_assert_handler.o(.data), (8 bytes).
    Removing crc16.o(.text), (68 bytes).
    Removing softdevice_handler.o(.rev16_text), (4 bytes).
    Removing softdevice_handler.o(.revsh_text), (4 bytes).
    Removing pstorage.o(.rev16_text), (4 bytes).
    Removing pstorage.o(.revsh_text), (4 bytes).
    Removing pstorage.o(.text), (1948 bytes).
    Removing pstorage.o(.bss), (636 bytes).
    Removing pstorage.o(.data), (10 bytes).
    Removing app_button.o(.rev16_text), (4 bytes).
    Removing app_button.o(.revsh_text), (4 bytes).
    Removing app_gpiote.o(.rev16_text), (4 bytes).
    Removing app_gpiote.o(.revsh_text), (4 bytes).
    Removing ble_radio_notification.o(.rev16_text), (4 bytes).
    Removing ble_radio_notification.o(.revsh_text), (4 bytes).
    Removing ble_flash.o(.rev16_text), (4 bytes).
    Removing ble_flash.o(.revsh_text), (4 bytes).
    Removing ble_dtm.o(.rev16_text), (4 bytes).
    Removing ble_dtm.o(.revsh_text), (4 bytes).

61 unused section(s) (total 8707 bytes) removed from the image.

==============================================================================

Image Symbol Table

    Local Symbols

    Symbol Name                              Value     Ov Type        Size  Object(Section)

    ../clib/../cmprslib/zerorunl.c           0x00000000   Number         0  __dczerorl.o ABSOLUTE
    ../clib/microlib/division.c              0x00000000   Number         0  idiv.o ABSOLUTE
    ../clib/microlib/division.c              0x00000000   Number         0  uidiv.o ABSOLUTE
    ../clib/microlib/init/entry.s            0x00000000   Number         0  entry.o ABSOLUTE
    ../clib/microlib/init/entry.s            0x00000000   Number         0  entry7a.o ABSOLUTE
    ../clib/microlib/init/entry.s            0x00000000   Number         0  entry5.o ABSOLUTE
    ../clib/microlib/init/entry.s            0x00000000   Number         0  entry2.o ABSOLUTE
    ../clib/microlib/init/entry.s            0x00000000   Number         0  entry8a.o ABSOLUTE
    ../clib/microlib/init/entry.s            0x00000000   Number         0  entry11b.o ABSOLUTE
    ../clib/microlib/init/entry.s            0x00000000   Number         0  entry11a.o ABSOLUTE
    ../clib/microlib/init/entry.s            0x00000000   Number         0  entry10b.o ABSOLUTE
    ../clib/microlib/init/entry.s            0x00000000   Number         0  entry10a.o ABSOLUTE
    ../clib/microlib/init/entry.s            0x00000000   Number         0  entry9b.o ABSOLUTE
    ../clib/microlib/init/entry.s            0x00000000   Number         0  entry9a.o ABSOLUTE
    ../clib/microlib/init/entry.s            0x00000000   Number         0  entry8b.o ABSOLUTE
    ../clib/microlib/init/entry.s            0x00000000   Number         0  entry7b.o ABSOLUTE
    ../clib/microlib/longlong.c              0x00000000   Number         0  llshl.o ABSOLUTE
    ../clib/microlib/longlong.c              0x00000000   Number         0  llushr.o ABSOLUTE
    ../clib/microlib/string/memcmp.c         0x00000000   Number         0  memcmp.o ABSOLUTE
    ../clib/microlib/string/memcpy.c         0x00000000   Number         0  memcpyb.o ABSOLUTE
    ../clib/microlib/string/memcpy.c         0x00000000   Number         0  memmoveb.o ABSOLUTE
    ../clib/microlib/string/memcpy.c         0x00000000   Number         0  memmovea.o ABSOLUTE
    ../clib/microlib/string/memcpy.c         0x00000000   Number         0  memcpya.o ABSOLUTE
    ../clib/microlib/string/memset.c         0x00000000   Number         0  memseta.o ABSOLUTE
    ../clib/microlib/string/strlen.c         0x00000000   Number         0  strlen.o ABSOLUTE
    ../clib/microlib/string/strncpy.c        0x00000000   Number         0  strncpy.o ABSOLUTE
    ../clib/microlib/stubs.s                 0x00000000   Number         0  iusefp.o ABSOLUTE
    ../fplib/microlib/fpdiv.c                0x00000000   Number         0  ddiv.o ABSOLUTE
    ../fplib/microlib/fpepilogue.c           0x00000000   Number         0  depilogue.o ABSOLUTE
    ../fplib/microlib/fpfix.c                0x00000000   Number         0  dfixui.o ABSOLUTE
    ../fplib/microlib/fpflt.c                0x00000000   Number         0  dfltui.o ABSOLUTE
    ../fplib/microlib/fpmul.c                0x00000000   Number         0  dmul.o ABSOLUTE
    ..\..\..\..\..\Source\app_common\app_button.c 0x00000000   Number         0  app_button.o ABSOLUTE
    ..\..\..\..\..\Source\app_common\app_gpiote.c 0x00000000   Number         0  app_gpiote.o ABSOLUTE
    ..\..\..\..\..\Source\app_common\app_timer.c 0x00000000   Number         0  app_timer.o ABSOLUTE
    ..\..\..\..\..\Source\app_common\crc16.c 0x00000000   Number         0  crc16.o ABSOLUTE
    ..\..\..\..\..\Source\app_common\pstorage.c 0x00000000   Number         0  pstorage.o ABSOLUTE
    ..\..\..\..\..\Source\ble\ble_advdata.c  0x00000000   Number         0  ble_advdata.o ABSOLUTE
    ..\..\..\..\..\Source\ble\ble_bondmngr.c 0x00000000   Number         0  ble_bondmngr.o ABSOLUTE
    ..\..\..\..\..\Source\ble\ble_conn_params.c 0x00000000   Number         0  ble_conn_params.o ABSOLUTE
    ..\..\..\..\..\Source\ble\ble_debug_assert_handler.c 0x00000000   Number         0  ble_debug_assert_handler.o ABSOLUTE
    ..\..\..\..\..\Source\ble\ble_dtm.c      0x00000000   Number         0  ble_dtm.o ABSOLUTE
    ..\..\..\..\..\Source\ble\ble_error_log.c 0x00000000   Number         0  ble_error_log.o ABSOLUTE
    ..\..\..\..\..\Source\ble\ble_flash.c    0x00000000   Number         0  ble_flash.o ABSOLUTE
    ..\..\..\..\..\Source\ble\ble_radio_notification.c 0x00000000   Number         0  ble_radio_notification.o ABSOLUTE
    ..\..\..\..\..\Source\ble\ble_services\ble_bas.c 0x00000000   Number         0  ble_bas.o ABSOLUTE
    ..\..\..\..\..\Source\ble\ble_services\ble_dis.c 0x00000000   Number         0  ble_dis.o ABSOLUTE
    ..\..\..\..\..\Source\ble\ble_services\ble_hrs.c 0x00000000   Number         0  ble_hrs.o ABSOLUTE
    ..\..\..\..\..\Source\ble\ble_services\ble_srv_common.c 0x00000000   Number         0  ble_srv_common.o ABSOLUTE
    ..\..\..\..\..\Source\sd_common\softdevice_handler.c 0x00000000   Number         0  softdevice_handler.o ABSOLUTE
    ..\..\..\..\..\Source\templates\arm\arm_startup_nrf51422_s310.s 0x00000000   Number         0  arm_startup_nrf51422_s310.o ABSOLUTE
    ..\..\..\..\..\Source\templates\system_nrf51.c 0x00000000   Number         0  system_nrf51.o ABSOLUTE
    ..\\..\\..\\..\\..\\Source\\app_common\\app_button.c 0x00000000   Number         0  app_button.o ABSOLUTE
    ..\\..\\..\\..\\..\\Source\\app_common\\app_gpiote.c 0x00000000   Number         0  app_gpiote.o ABSOLUTE
    ..\\..\\..\\..\\..\\Source\\app_common\\app_timer.c 0x00000000   Number         0  app_timer.o ABSOLUTE
    ..\\..\\..\\..\\..\\Source\\app_common\\pstorage.c 0x00000000   Number         0  pstorage.o ABSOLUTE
    ..\\..\\..\\..\\..\\Source\\ble\\ble_advdata.c 0x00000000   Number         0  ble_advdata.o ABSOLUTE
    ..\\..\\..\\..\\..\\Source\\ble\\ble_bondmngr.c 0x00000000   Number         0  ble_bondmngr.o ABSOLUTE
    ..\\..\\..\\..\\..\\Source\\ble\\ble_conn_params.c 0x00000000   Number         0  ble_conn_params.o ABSOLUTE
    ..\\..\\..\\..\\..\\Source\\ble\\ble_debug_assert_handler.c 0x00000000   Number         0  ble_debug_assert_handler.o ABSOLUTE
    ..\\..\\..\\..\\..\\Source\\ble\\ble_dtm.c 0x00000000   Number         0  ble_dtm.o ABSOLUTE
    ..\\..\\..\\..\\..\\Source\\ble\\ble_error_log.c 0x00000000   Number         0  ble_error_log.o ABSOLUTE
    ..\\..\\..\\..\\..\\Source\\ble\\ble_flash.c 0x00000000   Number         0  ble_flash.o ABSOLUTE
    ..\\..\\..\\..\\..\\Source\\ble\\ble_radio_notification.c 0x00000000   Number         0  ble_radio_notification.o ABSOLUTE
    ..\\..\\..\\..\\..\\Source\\ble\\ble_services\\ble_bas.c 0x00000000   Number         0  ble_bas.o ABSOLUTE
    ..\\..\\..\\..\\..\\Source\\ble\\ble_services\\ble_dis.c 0x00000000   Number         0  ble_dis.o ABSOLUTE
    ..\\..\\..\\..\\..\\Source\\ble\\ble_services\\ble_hrs.c 0x00000000   Number         0  ble_hrs.o ABSOLUTE
    ..\\..\\..\\..\\..\\Source\\ble\\ble_services\\ble_srv_common.c 0x00000000   Number         0  ble_srv_common.o ABSOLUTE
    ..\\..\\..\\..\\..\\Source\\sd_common\\softdevice_handler.c 0x00000000   Number         0  softdevice_handler.o ABSOLUTE
    ..\\..\\..\\..\\..\\Source\\templates\\system_nrf51.c 0x00000000   Number         0  system_nrf51.o ABSOLUTE
    ..\\battery.c                            0x00000000   Number         0  battery.o ABSOLUTE
    ..\\ble_nus.c                            0x00000000   Number         0  ble_nus.o ABSOLUTE
    ..\\heart_rate.c                         0x00000000   Number         0  heart_rate.o ABSOLUTE
    ..\\hrm_rx.c                             0x00000000   Number         0  hrm_rx.o ABSOLUTE
    ..\\hrm_tx.c                             0x00000000   Number         0  hrm_tx.o ABSOLUTE
    ..\\main.c                               0x00000000   Number         0  main.o ABSOLUTE
    ..\battery.c                             0x00000000   Number         0  battery.o ABSOLUTE
    ..\ble_nus.c                             0x00000000   Number         0  ble_nus.o ABSOLUTE
    ..\heart_rate.c                          0x00000000   Number         0  heart_rate.o ABSOLUTE
    ..\hrm_rx.c                              0x00000000   Number         0  hrm_rx.o ABSOLUTE
    ..\hrm_tx.c                              0x00000000   Number         0  hrm_tx.o ABSOLUTE
    ..\main.c                                0x00000000   Number         0  main.o ABSOLUTE
    dc.s                                     0x00000000   Number         0  dc.o ABSOLUTE
    handlers.s                               0x00000000   Number         0  handlers.o ABSOLUTE
    init.s                                   0x00000000   Number         0  init.o ABSOLUTE
    RESET                                    0x00020000   Section      192  arm_startup_nrf51422_s310.o(RESET)
    .ARM.Collect$$$$00000000                 0x000200c0   Section        0  entry.o(.ARM.Collect$$$$00000000)
    .ARM.Collect$$$$00000001                 0x000200c0   Section        4  entry2.o(.ARM.Collect$$$$00000001)
    .ARM.Collect$$$$00000004                 0x000200c4   Section        4  entry5.o(.ARM.Collect$$$$00000004)
    .ARM.Collect$$$$00000008                 0x000200c8   Section        0  entry7b.o(.ARM.Collect$$$$00000008)
    .ARM.Collect$$$$0000000A                 0x000200c8   Section        0  entry8b.o(.ARM.Collect$$$$0000000A)
    .ARM.Collect$$$$0000000B                 0x000200c8   Section        8  entry9a.o(.ARM.Collect$$$$0000000B)
    .ARM.Collect$$$$0000000D                 0x000200d0   Section        0  entry10a.o(.ARM.Collect$$$$0000000D)
    .ARM.Collect$$$$0000000F                 0x000200d0   Section        0  entry11a.o(.ARM.Collect$$$$0000000F)
    .ARM.Collect$$$$00002712                 0x000200d0   Section        4  entry2.o(.ARM.Collect$$$$00002712)
    __lit__00000000                          0x000200d0   Data           4  entry2.o(.ARM.Collect$$$$00002712)
    .emb_text                                0x000200d4   Section       30  main.o(.emb_text)
    .emb_text                                0x000200f4   Section       30  app_timer.o(.emb_text)
    .text                                    0x00020114   Section       44  arm_startup_nrf51422_s310.o(.text)
    .text                                    0x00020140   Section        0  system_nrf51.o(.text)
    is_disabled_in_debug_needed              0x00020149   Thumb Code    48  system_nrf51.o(.text)
    is_manual_peripheral_setup_needed        0x00020179   Thumb Code    94  system_nrf51.o(.text)
    .text                                    0x00020218   Section        0  main.o(.text)
    nrf_gpio_cfg_sense_input                 0x00020219   Thumb Code    24  main.o(.text)
    F_dfu_test                               0x00020231   Thumb Code    28  main.o(.text)
    application_timers_start                 0x00020273   Thumb Code    80  main.o(.text)
    advertising_start                        0x000202c3   Thumb Code    32  main.o(.text)
    storage_access_complete_handler          0x000202e3   Thumb Code    18  main.o(.text)
    battery_level_meas_timeout_handler       0x000202f5   Thumb Code    10  main.o(.text)
    set_heartRate_handler                    0x000202ff   Thumb Code    78  main.o(.text)
    timers_init                              0x0002034d   Thumb Code   120  main.o(.text)
    gap_params_init                          0x000203c5   Thumb Code   184  main.o(.text)
    advertising_init                         0x0002047d   Thumb Code   114  main.o(.text)
    services_init                            0x000204ef   Thumb Code   622  main.o(.text)
    on_conn_params_evt                       0x0002075d   Thumb Code    52  main.o(.text)
    conn_params_error_handler                0x00020791   Thumb Code    16  main.o(.text)
    conn_params_init                         0x000207a1   Thumb Code    86  main.o(.text)
    on_ant_evt_channel_closed                0x000207f7   Thumb Code     8  main.o(.text)
    on_ant_evt                               0x000207ff   Thumb Code    78  main.o(.text)
    on_ble_evt                               0x0002084d   Thumb Code   104  main.o(.text)
    ble_evt_dispatch                         0x000208b5   Thumb Code    42  main.o(.text)
    button_start                             0x000208df   Thumb Code    34  main.o(.text)
    button_event_handler                     0x00020901   Thumb Code    36  main.o(.text)
    buttons_init                             0x00020925   Thumb Code    94  main.o(.text)
    ble_ant_stack_init                       0x00020983   Thumb Code   110  main.o(.text)
    power_manage                             0x000209f1   Thumb Code    32  main.o(.text)
    dtm_cmd_put                              0x00020a11   Thumb Code    42  main.o(.text)
    test_rf                                  0x00020a3b   Thumb Code   148  main.o(.text)
    NVIC_SystemReset                         0x00020b0b   Thumb Code    18  main.o(.text)
    .text                                    0x00020b2c   Section        0  hrm_tx.o(.text)
    .text                                    0x00020de0   Section        0  battery.o(.text)
    battery_level_in_percent                 0x00020ed1   Thumb Code   148  battery.o(.text)
    .text                                    0x00020fa0   Section        0  hrm_rx.o(.text)
    ant_data_messages_handle                 0x00021095   Thumb Code    56  hrm_rx.o(.text)
    .text                                    0x00021100   Section        0  heart_rate.o(.text)
    .text                                    0x00021724   Section        0  ble_dis.o(.text)
    sys_id_encode                            0x00021725   Thumb Code   160  ble_dis.o(.text)
    pnp_id_encode                            0x000217c5   Thumb Code   152  ble_dis.o(.text)
    char_add                                 0x0002185d   Thumb Code   232  ble_dis.o(.text)
    uint16_encode                            0x00021ac7   Thumb Code    18  ble_dis.o(.text)
    .text                                    0x00021b3c   Section        0  ble_hrs.o(.text)
    on_connect                               0x00021b3d   Thumb Code     6  ble_hrs.o(.text)
    on_disconnect                            0x00021b43   Thumb Code     8  ble_hrs.o(.text)
    on_hrm_cccd_write                        0x00021b4b   Thumb Code    62  ble_hrs.o(.text)
    on_write                                 0x00021b89   Thumb Code    26  ble_hrs.o(.text)
    hrm_encode                               0x00021bdd   Thumb Code   186  ble_hrs.o(.text)
    heart_rate_measurement_char_add          0x00021c97   Thumb Code   234  ble_hrs.o(.text)
    body_sensor_location_char_add            0x00021d81   Thumb Code   168  ble_hrs.o(.text)
    uint16_encode                            0x00021f73   Thumb Code    18  ble_hrs.o(.text)
    .text                                    0x00021f90   Section        0  ble_bas.o(.text)
    on_connect                               0x00021f91   Thumb Code     6  ble_bas.o(.text)
    on_disconnect                            0x00021f97   Thumb Code     8  ble_bas.o(.text)
    on_write                                 0x00021f9f   Thumb Code    80  ble_bas.o(.text)
    battery_level_char_add                   0x00022029   Thumb Code   448  ble_bas.o(.text)
    .text                                    0x000222b0   Section        0  ble_nus.o(.text)
    on_connect                               0x000222b1   Thumb Code     6  ble_nus.o(.text)
    on_disconnect                            0x000222b7   Thumb Code     8  ble_nus.o(.text)
    on_write                                 0x000222bf   Thumb Code    84  ble_nus.o(.text)
    rx_char_add                              0x00022313   Thumb Code   292  ble_nus.o(.text)
    tx_char_add                              0x00022437   Thumb Code   222  ble_nus.o(.text)
    .text                                    0x00022638   Section        0  ble_advdata.o(.text)
    name_encode                              0x00022639   Thumb Code   150  ble_advdata.o(.text)
    appearance_encode                        0x000226cf   Thumb Code    74  ble_advdata.o(.text)
    uint8_array_encode                       0x00022719   Thumb Code    82  ble_advdata.o(.text)
    tx_power_level_encode                    0x0002276b   Thumb Code    48  ble_advdata.o(.text)
    uuid_list_sized_encode                   0x0002279b   Thumb Code   196  ble_advdata.o(.text)
    uuid_list_encode                         0x0002285f   Thumb Code    64  ble_advdata.o(.text)
    conn_int_check                           0x0002289f   Thumb Code    88  ble_advdata.o(.text)
    conn_int_encode                          0x000228f7   Thumb Code    92  ble_advdata.o(.text)
    manuf_specific_data_encode               0x00022953   Thumb Code   106  ble_advdata.o(.text)
    service_data_encode                      0x000229bd   Thumb Code   140  ble_advdata.o(.text)
    adv_data_encode                          0x00022a49   Thumb Code   304  ble_advdata.o(.text)
    advdata_check                            0x00022b79   Thumb Code    32  ble_advdata.o(.text)
    srdata_check                             0x00022b99   Thumb Code    16  ble_advdata.o(.text)
    uint16_encode                            0x00022c23   Thumb Code    18  ble_advdata.o(.text)
    .text                                    0x00022c38   Section        0  ble_srv_common.o(.text)
    .text                                    0x00022cc0   Section        0  app_timer.o(.text)
    NVIC_SetPriority                         0x00022cc1   Thumb Code   110  app_timer.o(.text)
    rtc1_init                                0x00022d2f   Thumb Code    18  app_timer.o(.text)
    rtc1_start                               0x00022d41   Thumb Code    42  app_timer.o(.text)
    rtc1_stop                                0x00022d6b   Thumb Code    44  app_timer.o(.text)
    timer_list_insert                        0x00022d97   Thumb Code   206  app_timer.o(.text)
    timer_list_remove                        0x00022e65   Thumb Code   150  app_timer.o(.text)
    timer_timeouts_check_sched               0x00022efb   Thumb Code    10  app_timer.o(.text)
    timer_list_handler_sched                 0x00022f05   Thumb Code    10  app_timer.o(.text)
    timeout_handler_exec                     0x00022f0f   Thumb Code    60  app_timer.o(.text)
    timer_timeouts_check                     0x00022f4b   Thumb Code   128  app_timer.o(.text)
    elapsed_ticks_acquire                    0x00022fcb   Thumb Code    82  app_timer.o(.text)
    list_deletions_handler                   0x0002301d   Thumb Code   280  app_timer.o(.text)
    expired_timers_handler                   0x00023135   Thumb Code    98  app_timer.o(.text)
    list_insertions_handler                  0x00023197   Thumb Code   260  app_timer.o(.text)
    compare_reg_update                       0x0002329b   Thumb Code   124  app_timer.o(.text)
    timer_list_handler                       0x00023317   Thumb Code    70  app_timer.o(.text)
    user_op_enque                            0x0002335d   Thumb Code     4  app_timer.o(.text)
    user_op_alloc                            0x00023361   Thumb Code    44  app_timer.o(.text)
    timer_start_op_schedule                  0x0002338d   Thumb Code    80  app_timer.o(.text)
    timer_stop_op_schedule                   0x000233dd   Thumb Code    58  app_timer.o(.text)
    timer_stop_all_op_schedule               0x00023417   Thumb Code    58  app_timer.o(.text)
    user_id_get                              0x000235e5   Thumb Code    34  app_timer.o(.text)
    NVIC_EnableIRQ                           0x000236e3   Thumb Code    14  app_timer.o(.text)
    NVIC_SetPendingIRQ                       0x000236f1   Thumb Code    14  app_timer.o(.text)
    NVIC_ClearPendingIRQ                     0x000236ff   Thumb Code    16  app_timer.o(.text)
    current_int_priority_get                 0x0002370f   Thumb Code    84  app_timer.o(.text)
    rtc1_counter_get                         0x00023763   Thumb Code     6  app_timer.o(.text)
    ticks_diff_get                           0x00023769   Thumb Code    10  app_timer.o(.text)
    .text                                    0x00023790   Section        0  ble_conn_params.o(.text)
    is_conn_params_ok                        0x00023791   Thumb Code    30  ble_conn_params.o(.text)
    update_timeout_handler                   0x000237af   Thumb Code   136  ble_conn_params.o(.text)
    conn_params_negotiation                  0x0002389d   Thumb Code   126  ble_conn_params.o(.text)
    on_connect                               0x0002391b   Thumb Code    42  ble_conn_params.o(.text)
    on_disconnect                            0x00023945   Thumb Code    50  ble_conn_params.o(.text)
    on_write                                 0x00023977   Thumb Code    84  ble_conn_params.o(.text)
    on_conn_params_update                    0x000239cb   Thumb Code    20  ble_conn_params.o(.text)
    .text                                    0x00023a98   Section        0  softdevice_handler.o(.text)
    .text                                    0x00023ccc   Section        0  app_button.o(.text)
    button_handler_execute                   0x00023ccd   Thumb Code    82  app_button.o(.text)
    detection_delay_timeout_handler          0x00023d1f   Thumb Code   142  app_button.o(.text)
    gpiote_event_handler                     0x00023dad   Thumb Code    52  app_button.o(.text)
    .text                                    0x00023f68   Section        0  app_gpiote.o(.text)
    sense_level_toggle                       0x00023f69   Thumb Code   124  app_gpiote.o(.text)
    pins_sense_disable                       0x0002404f   Thumb Code    96  app_gpiote.o(.text)
    NVIC_SetPriority                         0x000242ff   Thumb Code   110  app_gpiote.o(.text)
    .text                                    0x00024394   Section        0  ble_radio_notification.o(.text)
    .text                                    0x00024400   Section        0  ble_flash.o(.text)
    flash_page_erase                         0x00024441   Thumb Code    48  ble_flash.o(.text)
    flash_word_unprotected_write             0x00024471   Thumb Code    46  ble_flash.o(.text)
    flash_word_write                         0x0002449f   Thumb Code    64  ble_flash.o(.text)
    .text                                    0x00024650   Section        0  ble_dtm.o(.text)
    check_pdu                                0x00024651   Thumb Code    94  ble_dtm.o(.text)
    radio_reset                              0x000246af   Thumb Code    50  ble_dtm.o(.text)
    radio_init                               0x000246e1   Thumb Code   198  ble_dtm.o(.text)
    radio_prepare                            0x000247a7   Thumb Code    76  ble_dtm.o(.text)
    dtm_test_done                            0x000247f3   Thumb Code    42  ble_dtm.o(.text)
    timer_init                               0x0002481d   Thumb Code   180  ble_dtm.o(.text)
    dtm_vendor_specific_pkt                  0x0002494f   Thumb Code    96  ble_dtm.o(.text)
    NVIC_ClearPendingIRQ                     0x00024c79   Thumb Code    14  ble_dtm.o(.text)
    .text                                    0x00024cc8   Section        0  uidiv.o(.text)
    .text                                    0x00024cf4   Section        0  idiv.o(.text)
    .text                                    0x00024d1c   Section        0  memmovea.o(.text)
    .text                                    0x00024d5c   Section        0  memseta.o(.text)
    .text                                    0x00024d80   Section        0  strlen.o(.text)
    .text                                    0x00024d8e   Section        0  memcmp.o(.text)
    .text                                    0x00024da8   Section        0  dmul.o(.text)
    .text                                    0x00024e78   Section        0  ddiv.o(.text)
    .text                                    0x00024f68   Section        0  dfltui.o(.text)
    .text                                    0x00024f84   Section        0  dfixui.o(.text)
    .text                                    0x00024fc0   Section        0  llushr.o(.text)
    .text                                    0x00024fe2   Section        0  iusefp.o(.text)
    .text                                    0x00024fe2   Section        0  depilogue.o(.text)
    .text                                    0x000250a4   Section       36  init.o(.text)
    .text                                    0x000250c8   Section        0  llshl.o(.text)
    .text                                    0x000250e8   Section        0  __dczerorl.o(.text)
    i.__ARM_clz                              0x00025122   Section        0  depilogue.o(i.__ARM_clz)
    i.__ARM_common_switch8                   0x00025150   Section        0  hrm_rx.o(i.__ARM_common_switch8)
    i.__scatterload_copy                     0x0002516c   Section       14  handlers.o(i.__scatterload_copy)
    i.__scatterload_null                     0x0002517a   Section        2  handlers.o(i.__scatterload_null)
    i.__scatterload_zeroinit                 0x0002517c   Section       14  handlers.o(i.__scatterload_zeroinit)
    .constdata                               0x0002518c   Section       12  main.o(.constdata)
    .constdata                               0x00025198   Section        8  hrm_tx.o(.constdata)
    m_network_key                            0x00025198   Data           8  hrm_tx.o(.constdata)
    .constdata                               0x000251a0   Section       16  ble_nus.o(.constdata)
    .constdata                               0x000251b0   Section       37  ble_dtm.o(.constdata)
    m_prbs_content                           0x000251b0   Data          37  ble_dtm.o(.constdata)
    .ARM.__AT_0x0002B004                     0x0002b004   Section        4  main.o(.ARM.__AT_0x0002B004)
    .ARM.__AT_0x10001004                     0x10001004   Section        4  main.o(.ARM.__AT_0x10001004)
    __tagsym$$used                           0x10001004   Number         0  main.o(.ARM.__AT_0x10001004)
    .ARM.__AT_0x10001008                     0x10001008   Section        4  main.o(.ARM.__AT_0x10001008)
    __tagsym$$used                           0x10001008   Number         0  main.o(.ARM.__AT_0x10001008)
    .ARM.__AT_0x10001080                     0x10001080   Section        4  main.o(.ARM.__AT_0x10001080)
    __tagsym$$used                           0x10001080   Number         0  main.o(.ARM.__AT_0x10001080)
    .data                                    0x20002400   Section        4  system_nrf51.o(.data)
    __tagsym$$used                           0x20002400   Number         0  system_nrf51.o(.data)
    .data                                    0x20002404   Section       32  main.o(.data)
    m_conn_handle                            0x20002404   Data           2  main.o(.data)
    buttons                                  0x20002408   Data          12  main.o(.data)
    m_battery_timer_id                       0x20002414   Data           4  main.o(.data)
    m_heartRateSet_timer_id                  0x20002418   Data           4  main.o(.data)
    R_heartRate                              0x2000241c   Data           1  main.o(.data)
    R_AntNum                                 0x20002420   Data           4  main.o(.data)
    .data                                    0x20002424   Section       24  hrm_tx.o(.data)
    m_tx_buffer                              0x20002424   Data           8  hrm_tx.o(.data)
    m_page_change                            0x2000242c   Data           4  hrm_tx.o(.data)
    m_message_counter                        0x20002430   Data           4  hrm_tx.o(.data)
    m_ext_page_number_tracker                0x20002434   Data           4  hrm_tx.o(.data)
    m_event_tx_counter                       0x20002438   Data           4  hrm_tx.o(.data)
    .data                                    0x2000243c   Section        8  hrm_rx.o(.data)
    m_network_key                            0x2000243c   Data           8  hrm_rx.o(.data)
    .data                                    0x20002444   Section       55  heart_rate.o(.data)
    heartRateBpm                             0x20002444   Data           1  heart_rate.o(.data)
    HRTimePre                                0x20002448   Data           4  heart_rate.o(.data)
    RgHRTimePre                              0x2000244c   Data           4  heart_rate.o(.data)
    count                                    0x20002450   Data           1  heart_rate.o(.data)
    delta                                    0x20002452   Data           2  heart_rate.o(.data)
    SynCount                                 0x20002454   Data           1  heart_rate.o(.data)
    HRSum                                    0x20002456   Data           2  heart_rate.o(.data)
    HRGap                                    0x20002458   Data           2  heart_rate.o(.data)
    HRInt                                    0x2000245a   Data           2  heart_rate.o(.data)
    SynOk                                    0x2000245c   Data           1  heart_rate.o(.data)
    HRBufProcIndx                            0x2000245d   Data           1  heart_rate.o(.data)
    rrIntervalCnt                            0x2000245e   Data           1  heart_rate.o(.data)
    noiseCnt                                 0x2000245f   Data           1  heart_rate.o(.data)
    noiseTimer                               0x20002460   Data           1  heart_rate.o(.data)
    noiseFlg                                 0x20002461   Data           1  heart_rate.o(.data)
    RgTempCnt                                0x20002462   Data           1  heart_rate.o(.data)
    Rtc1TimeCntNow                           0x20002464   Data           4  heart_rate.o(.data)
    Rtc1TimeCntBefore                        0x20002468   Data           4  heart_rate.o(.data)
    HRInterval                               0x2000246c   Data           2  heart_rate.o(.data)
    RgHRInterval                             0x2000246e   Data           2  heart_rate.o(.data)
    RgHRIntervalPre                          0x20002470   Data           2  heart_rate.o(.data)
    GapLimit                                 0x20002472   Data           2  heart_rate.o(.data)
    SynGap                                   0x20002474   Data           2  heart_rate.o(.data)
    HRIntervalMax                            0x20002476   Data           2  heart_rate.o(.data)
    HRIntervalMin                            0x20002478   Data           2  heart_rate.o(.data)
    HRBufEndIndx                             0x2000247a   Data           1  heart_rate.o(.data)
    .data                                    0x2000247c   Section       74  ble_dis.o(.data)
    service_handle                           0x2000247c   Data           2  ble_dis.o(.data)
    manufact_name_handles                    0x2000247e   Data           8  ble_dis.o(.data)
    model_num_handles                        0x20002486   Data           8  ble_dis.o(.data)
    serial_num_handles                       0x2000248e   Data           8  ble_dis.o(.data)
    hw_rev_handles                           0x20002496   Data           8  ble_dis.o(.data)
    fw_rev_handles                           0x2000249e   Data           8  ble_dis.o(.data)
    sw_rev_handles                           0x200024a6   Data           8  ble_dis.o(.data)
    sys_id_handles                           0x200024ae   Data           8  ble_dis.o(.data)
    reg_cert_data_list_handles               0x200024b6   Data           8  ble_dis.o(.data)
    pnp_id_handles                           0x200024be   Data           8  ble_dis.o(.data)
    .data                                    0x200024c8   Section       36  app_timer.o(.data)
    mp_nodes                                 0x200024c8   Data           4  app_timer.o(.data)
    m_node_array_size                        0x200024cc   Data           1  app_timer.o(.data)
    m_user_array_size                        0x200024cd   Data           1  app_timer.o(.data)
    mp_users                                 0x200024d0   Data           4  app_timer.o(.data)
    m_timer_id_head                          0x200024d4   Data           4  app_timer.o(.data)
    m_ticks_latest                           0x200024d8   Data           4  app_timer.o(.data)
    m_ticks_elapsed                          0x200024dc   Data           8  app_timer.o(.data)
    m_ticks_elapsed_q_read_ind               0x200024e4   Data           1  app_timer.o(.data)
    m_ticks_elapsed_q_write_ind              0x200024e5   Data           1  app_timer.o(.data)
    m_evt_schedule_func                      0x200024e8   Data           4  app_timer.o(.data)
    .data                                    0x200024ec   Section       28  ble_conn_params.o(.data)
    m_change_param                           0x200024ec   Data           1  ble_conn_params.o(.data)
    m_preferred_conn_params                  0x200024ee   Data           8  ble_conn_params.o(.data)
    m_update_count                           0x200024f6   Data           1  ble_conn_params.o(.data)
    m_conn_handle                            0x200024f8   Data           2  ble_conn_params.o(.data)
    m_current_conn_params                    0x200024fa   Data           8  ble_conn_params.o(.data)
    m_conn_params_timer_id                   0x20002504   Data           4  ble_conn_params.o(.data)
    .data                                    0x20002508   Section       28  softdevice_handler.o(.data)
    m_softdevice_enabled                     0x20002508   Data           1  softdevice_handler.o(.data)
    m_evt_schedule_func                      0x2000250c   Data           4  softdevice_handler.o(.data)
    m_evt_buffer                             0x20002510   Data           4  softdevice_handler.o(.data)
    m_ble_evt_buffer_size                    0x20002514   Data           2  softdevice_handler.o(.data)
    m_ble_evt_handler                        0x20002518   Data           4  softdevice_handler.o(.data)
    m_ant_evt_handler                        0x2000251c   Data           4  softdevice_handler.o(.data)
    m_sys_evt_handler                        0x20002520   Data           4  softdevice_handler.o(.data)
    .data                                    0x20002524   Section       32  app_button.o(.data)
    mp_buttons                               0x20002524   Data           4  app_button.o(.data)
    m_button_count                           0x20002528   Data           1  app_button.o(.data)
    m_detection_delay                        0x2000252c   Data           4  app_button.o(.data)
    m_evt_schedule_func                      0x20002530   Data           4  app_button.o(.data)
    m_gpiote_user_id                         0x20002534   Data           1  app_button.o(.data)
    m_detection_delay_timer_id               0x20002538   Data           4  app_button.o(.data)
    m_pin_transition                         0x2000253c   Data           8  app_button.o(.data)
    .data                                    0x20002544   Section       10  app_gpiote.o(.data)
    mp_users                                 0x20002544   Data           4  app_gpiote.o(.data)
    m_enabled_users_mask                     0x20002548   Data           4  app_gpiote.o(.data)
    m_user_array_size                        0x2000254c   Data           1  app_gpiote.o(.data)
    m_user_count                             0x2000254d   Data           1  app_gpiote.o(.data)
    .data                                    0x20002550   Section        8  ble_radio_notification.o(.data)
    m_radio_active                           0x20002550   Data           1  ble_radio_notification.o(.data)
    m_evt_handler                            0x20002554   Data           4  ble_radio_notification.o(.data)
    .data                                    0x20002558   Section        1  ble_flash.o(.data)
    m_radio_active                           0x20002558   Data           1  ble_flash.o(.data)
    .data                                    0x2000255c   Section       80  ble_dtm.o(.data)
    m_state                                  0x2000255c   Data           4  ble_dtm.o(.data)
    m_current_time                           0x20002560   Data           4  ble_dtm.o(.data)
    m_tx_power                               0x20002564   Data           4  ble_dtm.o(.data)
    mp_timer                                 0x20002568   Data           4  ble_dtm.o(.data)
    m_timer_irq                              0x2000256c   Data           4  ble_dtm.o(.data)
    m_packetHeaderLFlen                      0x20002570   Data           1  ble_dtm.o(.data)
    m_packetHeaderS0len                      0x20002571   Data           1  ble_dtm.o(.data)
    m_packetHeaderS1len                      0x20002572   Data           1  ble_dtm.o(.data)
    m_crcConfSkipAddr                        0x20002573   Data           1  ble_dtm.o(.data)
    m_static_length                          0x20002574   Data           1  ble_dtm.o(.data)
    m_balen                                  0x20002578   Data           4  ble_dtm.o(.data)
    m_endian                                 0x2000257c   Data           4  ble_dtm.o(.data)
    m_whitening                              0x20002580   Data           4  ble_dtm.o(.data)
    m_crcLength                              0x20002584   Data           1  ble_dtm.o(.data)
    m_address                                0x20002588   Data           4  ble_dtm.o(.data)
    m_crc_poly                               0x2000258c   Data           4  ble_dtm.o(.data)
    m_crc_init                               0x20002590   Data           4  ble_dtm.o(.data)
    m_radio_mode                             0x20002594   Data           1  ble_dtm.o(.data)
    m_txIntervaluS                           0x20002598   Data           4  ble_dtm.o(.data)
    m_rx_pkt_count                           0x2000259c   Data           2  ble_dtm.o(.data)
    m_event                                  0x2000259e   Data           2  ble_dtm.o(.data)
    m_new_event                              0x200025a0   Data           1  ble_dtm.o(.data)
    m_packet_length                          0x200025a1   Data           1  ble_dtm.o(.data)
    m_packet_type                            0x200025a4   Data           4  ble_dtm.o(.data)
    m_phys_ch                                0x200025a8   Data           4  ble_dtm.o(.data)
    .bss                                     0x200025ac   Section      908  main.o(.bss)
    APP_TIMER_BUF                            0x200025ac   Data         656  main.o(.bss)
    app_gpiote_buf                           0x2000283c   Data          20  main.o(.bss)
    EVT_BUFFER                               0x20002850   Data          80  main.o(.bss)
    m_adv_params                             0x200028a0   Data          20  main.o(.bss)
    m_hrs                                    0x200028b4   Data          80  main.o(.bss)
    m_nus                                    0x2000291c   Data          28  main.o(.bss)
    .bss                                     0x20002938   Section      544  heart_rate.o(.bss)
    HR                                       0x20002938   Data          16  heart_rate.o(.bss)
    RrInterval                               0x20002948   Data          16  heart_rate.o(.bss)
    HRBuf                                    0x20002958   Data         256  heart_rate.o(.bss)
    RgHRBuf                                  0x20002a58   Data         256  heart_rate.o(.bss)
    .bss                                     0x20002b58   Section       28  ble_conn_params.o(.bss)
    m_conn_params_config                     0x20002b58   Data          28  ble_conn_params.o(.bss)
    .bss                                     0x20002b74   Section       39  ble_dtm.o(.bss)
    m_pdu                                    0x20002b74   Data          39  ble_dtm.o(.bss)
    STACK                                    0x20002ba0   Section     2560  arm_startup_nrf51422_s310.o(STACK)

    Global Symbols

    Symbol Name                              Value     Ov Type        Size  Object(Section)

    BuildAttributes$$THM_ISAv3M$S$PE$A:L22$X:L11$S22$IEEE1$IW$USESV6$~STKCKD$USESV7$ENUMINT$~SHL$OSPACE$ROPI$EBA8$MICROLIB$REQ8$PRES8$EABIv2 0x00000000   Number         0  anon$$obj.o ABSOLUTE
    __ARM_use_no_argv                        0x00000000   Number         0  main.o ABSOLUTE
    __cpp_initialize__aeabi_                  - Undefined Weak Reference
    __cxa_finalize                            - Undefined Weak Reference
    _clock_init                               - Undefined Weak Reference
    _microlib_exit                            - Undefined Weak Reference
    __Vectors_Size                           0x000000c0   Number         0  arm_startup_nrf51422_s310.o ABSOLUTE
    __Vectors                                0x00020000   Data           4  arm_startup_nrf51422_s310.o(RESET)
    __Vectors_End                            0x000200c0   Data           0  arm_startup_nrf51422_s310.o(RESET)
    __main                                   0x000200c1   Thumb Code     0  entry.o(.ARM.Collect$$$$00000000)
    _main_stk                                0x000200c1   Thumb Code     0  entry2.o(.ARM.Collect$$$$00000001)
    _main_scatterload                        0x000200c5   Thumb Code     0  entry5.o(.ARM.Collect$$$$00000004)
    __main_after_scatterload                 0x000200c9   Thumb Code     0  entry5.o(.ARM.Collect$$$$00000004)
    _main_clock                              0x000200c9   Thumb Code     0  entry7b.o(.ARM.Collect$$$$00000008)
    _main_cpp_init                           0x000200c9   Thumb Code     0  entry8b.o(.ARM.Collect$$$$0000000A)
    _main_init                               0x000200c9   Thumb Code     0  entry9a.o(.ARM.Collect$$$$0000000B)
    __rt_final_cpp                           0x000200d1   Thumb Code     0  entry10a.o(.ARM.Collect$$$$0000000D)
    __rt_final_exit                          0x000200d1   Thumb Code     0  entry11a.o(.ARM.Collect$$$$0000000F)
    __asm___6_main_c_1accdf12__nrf_delay_us  0x000200d5   Thumb Code    30  main.o(.emb_text)
    __asm___11_app_timer_c_cd27f9c3__nrf_delay_us 0x000200f5   Thumb Code    30  app_timer.o(.emb_text)
    Reset_Handler                            0x00020115   Thumb Code    18  arm_startup_nrf51422_s310.o(.text)
    NMI_Handler                              0x00020127   Thumb Code     2  arm_startup_nrf51422_s310.o(.text)
    HardFault_Handler                        0x00020129   Thumb Code     2  arm_startup_nrf51422_s310.o(.text)
    SVC_Handler                              0x0002012b   Thumb Code     2  arm_startup_nrf51422_s310.o(.text)
    PendSV_Handler                           0x0002012d   Thumb Code     2  arm_startup_nrf51422_s310.o(.text)
    SysTick_Handler                          0x0002012f   Thumb Code     2  arm_startup_nrf51422_s310.o(.text)
    CCM_AAR_IRQHandler                       0x00020131   Thumb Code     0  arm_startup_nrf51422_s310.o(.text)
    ECB_IRQHandler                           0x00020131   Thumb Code     0  arm_startup_nrf51422_s310.o(.text)
    LPCOMP_COMP_IRQHandler                   0x00020131   Thumb Code     0  arm_startup_nrf51422_s310.o(.text)
    POWER_CLOCK_IRQHandler                   0x00020131   Thumb Code     0  arm_startup_nrf51422_s310.o(.text)
    QDEC_IRQHandler                          0x00020131   Thumb Code     0  arm_startup_nrf51422_s310.o(.text)
    RADIO_IRQHandler                         0x00020131   Thumb Code     0  arm_startup_nrf51422_s310.o(.text)
    RNG_IRQHandler                           0x00020131   Thumb Code     0  arm_startup_nrf51422_s310.o(.text)
    RTC0_IRQHandler                          0x00020131   Thumb Code     0  arm_startup_nrf51422_s310.o(.text)
    SPI0_TWI0_IRQHandler                     0x00020131   Thumb Code     0  arm_startup_nrf51422_s310.o(.text)
    SPI1_TWI1_IRQHandler                     0x00020131   Thumb Code     0  arm_startup_nrf51422_s310.o(.text)
    SWI3_IRQHandler                          0x00020131   Thumb Code     0  arm_startup_nrf51422_s310.o(.text)
    SWI4_IRQHandler                          0x00020131   Thumb Code     0  arm_startup_nrf51422_s310.o(.text)
    SWI5_IRQHandler                          0x00020131   Thumb Code     0  arm_startup_nrf51422_s310.o(.text)
    TEMP_IRQHandler                          0x00020131   Thumb Code     0  arm_startup_nrf51422_s310.o(.text)
    TIMER0_IRQHandler                        0x00020131   Thumb Code     0  arm_startup_nrf51422_s310.o(.text)
    TIMER1_IRQHandler                        0x00020131   Thumb Code     0  arm_startup_nrf51422_s310.o(.text)
    TIMER2_IRQHandler                        0x00020131   Thumb Code     0  arm_startup_nrf51422_s310.o(.text)
    UART0_IRQHandler                         0x00020131   Thumb Code     0  arm_startup_nrf51422_s310.o(.text)
    WDT_IRQHandler                           0x00020131   Thumb Code     0  arm_startup_nrf51422_s310.o(.text)
    SystemCoreClockUpdate                    0x00020141   Thumb Code     8  system_nrf51.o(.text)
    SystemInit                               0x000201d7   Thumb Code    38  system_nrf51.o(.text)
    nus_data_handler                         0x0002024d   Thumb Code    20  main.o(.text)
    app_error_handler                        0x00020261   Thumb Code     4  main.o(.text)
    assert_nrf_callback                      0x00020265   Thumb Code    14  main.o(.text)
    main                                     0x00020acf   Thumb Code    60  main.o(.text)
    ant_channel_tx_broadcast_setup           0x00020b2d   Thumb Code   226  hrm_tx.o(.text)
    ant_heart_tx_channel_close               0x00020c0f   Thumb Code    36  hrm_tx.o(.text)
    datamessage_transmit                     0x00020c33   Thumb Code   262  hrm_tx.o(.text)
    F_UpAntHeartRatePage4Data                0x00020d39   Thumb Code   114  hrm_tx.o(.text)
    ADC_IRQHandler                           0x00020de1   Thumb Code   108  battery.o(.text)
    battery_start                            0x00020e4d   Thumb Code   132  battery.o(.text)
    ant_hrm_rx_init                          0x00020fa1   Thumb Code   172  hrm_rx.o(.text)
    ant_heart_rx_channel_open                0x0002104d   Thumb Code    36  hrm_rx.o(.text)
    ant_heart_rx_channel_close               0x00021071   Thumb Code    36  hrm_rx.o(.text)
    on_ant_evt_rx                            0x000210cd   Thumb Code    32  hrm_rx.o(.text)
    checkHRRegular                           0x00021101   Thumb Code   360  heart_rate.o(.text)
    F_HearRateProcess                        0x00021269   Thumb Code   954  heart_rate.o(.text)
    F_HearRateSignalTimeSave                 0x00021623   Thumb Code   128  heart_rate.o(.text)
    F_ReadHeartRateData                      0x000216a3   Thumb Code    36  heart_rate.o(.text)
    F_ClearIntervalCnt                       0x000216c7   Thumb Code     8  heart_rate.o(.text)
    ble_dis_init                             0x00021945   Thumb Code   386  ble_dis.o(.text)
    ble_hrs_on_ble_evt                       0x00021ba3   Thumb Code    58  ble_hrs.o(.text)
    ble_hrs_init                             0x00021e29   Thumb Code   108  ble_hrs.o(.text)
    ble_hrs_heart_rate_measurement_send      0x00021e95   Thumb Code    94  ble_hrs.o(.text)
    ble_hrs_rr_interval_add                  0x00021ef3   Thumb Code    60  ble_hrs.o(.text)
    ble_hrs_rr_interval_buffer_is_full       0x00021f2f   Thumb Code    18  ble_hrs.o(.text)
    ble_hrs_sensor_contact_supported_set     0x00021f41   Thumb Code    20  ble_hrs.o(.text)
    ble_hrs_sensor_contact_detected_update   0x00021f55   Thumb Code     6  ble_hrs.o(.text)
    ble_hrs_body_sensor_location_set         0x00021f5b   Thumb Code    24  ble_hrs.o(.text)
    ble_bas_on_ble_evt                       0x00021fef   Thumb Code    58  ble_bas.o(.text)
    ble_bas_init                             0x000221e9   Thumb Code    66  ble_bas.o(.text)
    ble_bas_battery_level_update             0x0002222b   Thumb Code   118  ble_bas.o(.text)
    ble_nus_on_ble_evt                       0x00022515   Thumb Code    70  ble_nus.o(.text)
    ble_nus_init                             0x0002255b   Thumb Code   128  ble_nus.o(.text)
    ble_nus_send_string                      0x000225db   Thumb Code    84  ble_nus.o(.text)
    ble_advdata_set                          0x00022ba9   Thumb Code   122  ble_advdata.o(.text)
    ble_srv_report_ref_encode                0x00022c39   Thumb Code    60  ble_srv_common.o(.text)
    ble_srv_ascii_to_utf8                    0x00022c75   Thumb Code    18  ble_srv_common.o(.text)
    RTC1_IRQHandler                          0x00023451   Thumb Code    34  app_timer.o(.text)
    SWI0_IRQHandler                          0x00023473   Thumb Code     8  app_timer.o(.text)
    app_timer_init                           0x0002347b   Thumb Code   254  app_timer.o(.text)
    app_timer_create                         0x00023579   Thumb Code   108  app_timer.o(.text)
    app_timer_start                          0x00023607   Thumb Code    98  app_timer.o(.text)
    app_timer_stop                           0x00023669   Thumb Code    60  app_timer.o(.text)
    app_timer_stop_all                       0x000236a5   Thumb Code    26  app_timer.o(.text)
    app_timer_cnt_get                        0x000236bf   Thumb Code    14  app_timer.o(.text)
    app_timer_cnt_diff_compute               0x000236cd   Thumb Code    22  app_timer.o(.text)
    ble_conn_params_init                     0x00023837   Thumb Code    90  ble_conn_params.o(.text)
    ble_conn_params_stop                     0x00023891   Thumb Code    12  ble_conn_params.o(.text)
    ble_conn_params_on_ble_evt               0x000239df   Thumb Code    62  ble_conn_params.o(.text)
    ble_conn_params_change_conn_params       0x00023a1d   Thumb Code    86  ble_conn_params.o(.text)
    softdevice_assertion_handler             0x00023a99   Thumb Code    18  softdevice_handler.o(.text)
    intern_softdevice_events_execute         0x00023aab   Thumb Code   244  softdevice_handler.o(.text)
    softdevice_handler_init                  0x00023b9f   Thumb Code    82  softdevice_handler.o(.text)
    softdevice_handler_sd_disable            0x00023bf1   Thumb Code    24  softdevice_handler.o(.text)
    softdevice_ble_evt_handler_set           0x00023c09   Thumb Code    18  softdevice_handler.o(.text)
    softdevice_ant_evt_handler_set           0x00023c1b   Thumb Code    18  softdevice_handler.o(.text)
    softdevice_sys_evt_handler_set           0x00023c2d   Thumb Code    18  softdevice_handler.o(.text)
    SWI2_IRQHandler                          0x00023c3f   Thumb Code    52  softdevice_handler.o(.text)
    app_button_init                          0x00023de1   Thumb Code   134  app_button.o(.text)
    app_button_enable                        0x00023e67   Thumb Code    24  app_button.o(.text)
    app_button_disable                       0x00023e7f   Thumb Code    42  app_button.o(.text)
    app_button_is_pushed                     0x00023ea9   Thumb Code   106  app_button.o(.text)
    GPIOTE_IRQHandler                        0x00023fe5   Thumb Code   106  app_gpiote.o(.text)
    app_gpiote_init                          0x000240af   Thumb Code   114  app_gpiote.o(.text)
    app_gpiote_user_register                 0x00024121   Thumb Code   138  app_gpiote.o(.text)
    app_gpiote_user_enable                   0x000241ab   Thumb Code   222  app_gpiote.o(.text)
    app_gpiote_user_disable                  0x00024289   Thumb Code    66  app_gpiote.o(.text)
    app_gpiote_pins_state_get                0x000242cb   Thumb Code    52  app_gpiote.o(.text)
    SWI1_IRQHandler                          0x00024395   Thumb Code    34  ble_radio_notification.o(.text)
    ble_radio_notification_init              0x000243b7   Thumb Code    64  ble_radio_notification.o(.text)
    ble_flash_crc16_compute                  0x00024401   Thumb Code    64  ble_flash.o(.text)
    ble_flash_word_write                     0x000244df   Thumb Code    18  ble_flash.o(.text)
    ble_flash_block_write                    0x000244f1   Thumb Code    36  ble_flash.o(.text)
    ble_flash_page_erase                     0x00024515   Thumb Code    26  ble_flash.o(.text)
    ble_flash_page_write                     0x0002452f   Thumb Code   120  ble_flash.o(.text)
    ble_flash_page_read                      0x000245a7   Thumb Code   112  ble_flash.o(.text)
    ble_flash_page_addr                      0x00024617   Thumb Code    18  ble_flash.o(.text)
    ble_flash_on_radio_active_evt            0x00024629   Thumb Code     6  ble_flash.o(.text)
    F_flash_page_erase                       0x0002462f   Thumb Code    12  ble_flash.o(.text)
    dtm_set_timer                            0x000248d1   Thumb Code    76  ble_dtm.o(.text)
    dtm_set_txpower                          0x0002491d   Thumb Code    50  ble_dtm.o(.text)
    dtm_init                                 0x000249af   Thumb Code    50  ble_dtm.o(.text)
    dtm_wait                                 0x000249e1   Thumb Code   304  ble_dtm.o(.text)
    dtm_cmd                                  0x00024b11   Thumb Code   340  ble_dtm.o(.text)
    dtm_event_get                            0x00024c65   Thumb Code    20  ble_dtm.o(.text)
    __aeabi_uidiv                            0x00024cc9   Thumb Code     0  uidiv.o(.text)
    __aeabi_uidivmod                         0x00024cc9   Thumb Code    44  uidiv.o(.text)
    __aeabi_idiv                             0x00024cf5   Thumb Code     0  idiv.o(.text)
    __aeabi_idivmod                          0x00024cf5   Thumb Code    40  idiv.o(.text)
    ___aeabi_memcpy8$move                    0x00024d1d   Thumb Code     0  memmovea.o(.text)
    __aeabi_memcpy                           0x00024d1d   Thumb Code    64  memmovea.o(.text)
    __aeabi_memcpy4                          0x00024d1d   Thumb Code     0  memmovea.o(.text)
    __aeabi_memmove                          0x00024d1d   Thumb Code     0  memmovea.o(.text)
    __aeabi_memmove4                         0x00024d1d   Thumb Code     0  memmovea.o(.text)
    __aeabi_memmove8                         0x00024d1d   Thumb Code     0  memmovea.o(.text)
    __aeabi_memset                           0x00024d5d   Thumb Code    14  memseta.o(.text)
    __aeabi_memset4                          0x00024d5d   Thumb Code     0  memseta.o(.text)
    __aeabi_memset8                          0x00024d5d   Thumb Code     0  memseta.o(.text)
    __aeabi_memclr                           0x00024d6b   Thumb Code     4  memseta.o(.text)
    __aeabi_memclr4                          0x00024d6b   Thumb Code     0  memseta.o(.text)
    __aeabi_memclr8                          0x00024d6b   Thumb Code     0  memseta.o(.text)
    _memset$wrapper                          0x00024d6f   Thumb Code    18  memseta.o(.text)
    strlen                                   0x00024d81   Thumb Code    14  strlen.o(.text)
    memcmp                                   0x00024d8f   Thumb Code    26  memcmp.o(.text)
    __aeabi_dmul                             0x00024da9   Thumb Code   202  dmul.o(.text)
    __aeabi_ddiv                             0x00024e79   Thumb Code   234  ddiv.o(.text)
    __aeabi_ui2d                             0x00024f69   Thumb Code    24  dfltui.o(.text)
    __aeabi_d2uiz                            0x00024f85   Thumb Code    50  dfixui.o(.text)
    __aeabi_llsr                             0x00024fc1   Thumb Code    34  llushr.o(.text)
    _ll_ushift_r                             0x00024fc1   Thumb Code     0  llushr.o(.text)
    __I$use$fp                               0x00024fe3   Thumb Code     0  iusefp.o(.text)
    _double_round                            0x00024fe3   Thumb Code    26  depilogue.o(.text)
    _double_epilogue                         0x00024ffd   Thumb Code   166  depilogue.o(.text)
    __scatterload                            0x000250a5   Thumb Code    28  init.o(.text)
    __scatterload_rt2                        0x000250a5   Thumb Code     0  init.o(.text)
    __aeabi_llsl                             0x000250c9   Thumb Code    32  llshl.o(.text)
    _ll_shift_l                              0x000250c9   Thumb Code     0  llshl.o(.text)
    __decompress                             0x000250e9   Thumb Code     0  __dczerorl.o(.text)
    __decompress0                            0x000250e9   Thumb Code    58  __dczerorl.o(.text)
    __ARM_clz                                0x00025123   Thumb Code    46  depilogue.o(i.__ARM_clz)
    __ARM_common_switch8                     0x00025151   Thumb Code    28  hrm_rx.o(i.__ARM_common_switch8)
    __scatterload_copy                       0x0002516d   Thumb Code    14  handlers.o(i.__scatterload_copy)
    __scatterload_null                       0x0002517b   Thumb Code     2  handlers.o(i.__scatterload_null)
    __scatterload_zeroinit                   0x0002517d   Thumb Code    14  handlers.o(i.__scatterload_zeroinit)
    Region$$Table$$Base                      0x000251d8   Number         0  anon$$obj.o(Region$$Table)
    Region$$Table$$Limit                     0x000251f8   Number         0  anon$$obj.o(Region$$Table)
    BluetoothDFU                             0x0002b004   Data           4  main.o(.ARM.__AT_0x0002B004)
    UICR_RBPCONF                             0x10001004   Data           4  main.o(.ARM.__AT_0x10001004)
    UICR_XTALFREQ                            0x10001008   Data           4  main.o(.ARM.__AT_0x10001008)
    UICR_ADDR_0x80                           0x10001080   Data           4  main.o(.ARM.__AT_0x10001080)
    SystemCoreClock                          0x20002400   Data           4  system_nrf51.o(.data)
    m_bas                                    0x20002904   Data          24  main.o(.bss)
    __initial_sp                             0x200035a0   Data           0  arm_startup_nrf51422_s310.o(STACK)



==============================================================================

Memory Map of the image

  Image Entry point : 0x000200c1

  Load Region LR_IROM1 (Base: 0x00020000, Size: 0x000053a4, Max: 0x0000b000, ABSOLUTE, COMPRESSED[0x00005234])

    Execution Region ER_IROM1 (Base: 0x00020000, Size: 0x000051f8, Max: 0x0000b000, ABSOLUTE)

    Base Addr    Size         Type   Attr      Idx    E Section Name        Object

    0x00020000   0x000000c0   Data   RO            3    RESET               arm_startup_nrf51422_s310.o
    0x000200c0   0x00000000   Code   RO         1051  * .ARM.Collect$$$$00000000  mc_p.l(entry.o)
    0x000200c0   0x00000004   Code   RO         1082    .ARM.Collect$$$$00000001  mc_p.l(entry2.o)
    0x000200c4   0x00000004   Code   RO         1085    .ARM.Collect$$$$00000004  mc_p.l(entry5.o)
    0x000200c8   0x00000000   Code   RO         1087    .ARM.Collect$$$$00000008  mc_p.l(entry7b.o)
    0x000200c8   0x00000000   Code   RO         1089    .ARM.Collect$$$$0000000A  mc_p.l(entry8b.o)
    0x000200c8   0x00000008   Code   RO         1090    .ARM.Collect$$$$0000000B  mc_p.l(entry9a.o)
    0x000200d0   0x00000000   Code   RO         1092    .ARM.Collect$$$$0000000D  mc_p.l(entry10a.o)
    0x000200d0   0x00000000   Code   RO         1094    .ARM.Collect$$$$0000000F  mc_p.l(entry11a.o)
    0x000200d0   0x00000004   Code   RO         1083    .ARM.Collect$$$$00002712  mc_p.l(entry2.o)
    0x000200d4   0x0000001e   Code   RO           69    .emb_text           main.o
    0x000200f2   0x00000002   PAD
    0x000200f4   0x0000001e   Code   RO          634    .emb_text           app_timer.o
    0x00020112   0x00000002   PAD
    0x00020114   0x0000002c   Code   RO            4    .text               arm_startup_nrf51422_s310.o
    0x00020140   0x000000d8   Code   RO           12    .text               system_nrf51.o
    0x00020218   0x00000914   Code   RO           70    .text               main.o
    0x00020b2c   0x000002b4   Code   RO          272    .text               hrm_tx.o
    0x00020de0   0x000001c0   Code   RO          302    .text               battery.o
    0x00020fa0   0x00000160   Code   RO          344    .text               hrm_rx.o
    0x00021100   0x00000624   Code   RO          375    .text               heart_rate.o
    0x00021724   0x00000418   Code   RO          401    .text               ble_dis.o
    0x00021b3c   0x00000454   Code   RO          462    .text               ble_hrs.o
    0x00021f90   0x00000320   Code   RO          509    .text               ble_bas.o
    0x000222b0   0x00000388   Code   RO          535    .text               ble_nus.o
    0x00022638   0x00000600   Code   RO          585    .text               ble_advdata.o
    0x00022c38   0x00000088   Code   RO          611    .text               ble_srv_common.o
    0x00022cc0   0x00000ad0   Code   RO          635    .text               app_timer.o
    0x00023790   0x00000308   Code   RO          681    .text               ble_conn_params.o
    0x00023a98   0x00000234   Code   RO          830    .text               softdevice_handler.o
    0x00023ccc   0x0000029c   Code   RO          908    .text               app_button.o
    0x00023f68   0x0000042c   Code   RO          942    .text               app_gpiote.o
    0x00024394   0x0000006c   Code   RO          973    .text               ble_radio_notification.o
    0x00024400   0x00000250   Code   RO         1001    .text               ble_flash.o
    0x00024650   0x00000678   Code   RO         1023    .text               ble_dtm.o
    0x00024cc8   0x0000002c   Code   RO         1054    .text               mc_p.l(uidiv.o)
    0x00024cf4   0x00000028   Code   RO         1056    .text               mc_p.l(idiv.o)
    0x00024d1c   0x00000040   Code   RO         1060    .text               mc_p.l(memmovea.o)
    0x00024d5c   0x00000024   Code   RO         1062    .text               mc_p.l(memseta.o)
    0x00024d80   0x0000000e   Code   RO         1066    .text               mc_p.l(strlen.o)
    0x00024d8e   0x0000001a   Code   RO         1068    .text               mc_p.l(memcmp.o)
    0x00024da8   0x000000d0   Code   RO         1074    .text               mf_p.l(dmul.o)
    0x00024e78   0x000000f0   Code   RO         1076    .text               mf_p.l(ddiv.o)
    0x00024f68   0x0000001c   Code   RO         1078    .text               mf_p.l(dfltui.o)
    0x00024f84   0x0000003c   Code   RO         1080    .text               mf_p.l(dfixui.o)
    0x00024fc0   0x00000022   Code   RO         1096    .text               mc_p.l(llushr.o)
    0x00024fe2   0x00000000   Code   RO         1098    .text               mc_p.l(iusefp.o)
    0x00024fe2   0x000000c0   Code   RO         1099    .text               mf_p.l(depilogue.o)
    0x000250a2   0x00000002   PAD
    0x000250a4   0x00000024   Code   RO         1103    .text               mc_p.l(init.o)
    0x000250c8   0x00000020   Code   RO         1105    .text               mc_p.l(llshl.o)
    0x000250e8   0x0000003a   Code   RO         1115    .text               mc_p.l(__dczerorl.o)
    0x00025122   0x0000002e   Code   RO         1101    i.__ARM_clz         mf_p.l(depilogue.o)
    0x00025150   0x0000001c   Code   RO          361    i.__ARM_common_switch8  hrm_rx.o
    0x0002516c   0x0000000e   Code   RO         1109    i.__scatterload_copy  mc_p.l(handlers.o)
    0x0002517a   0x00000002   Code   RO         1110    i.__scatterload_null  mc_p.l(handlers.o)
    0x0002517c   0x0000000e   Code   RO         1111    i.__scatterload_zeroinit  mc_p.l(handlers.o)
    0x0002518a   0x00000002   PAD
    0x0002518c   0x0000000c   Data   RO           76    .constdata          main.o
    0x00025198   0x00000008   Data   RO          273    .constdata          hrm_tx.o
    0x000251a0   0x00000010   Data   RO          536    .constdata          ble_nus.o
    0x000251b0   0x00000025   Data   RO         1025    .constdata          ble_dtm.o
    0x000251d5   0x00000003   PAD
    0x000251d8   0x00000020   Data   RO         1107    Region$$Table       anon$$obj.o


    Execution Region RW_IRAM1 (Base: 0x20002400, Size: 0x000011a0, Max: 0x00001c00, ABSOLUTE, COMPRESSED[0x0000003c])

    Base Addr    Size         Type   Attr      Idx    E Section Name        Object

    0x20002400   0x00000004   Data   RW           13    .data               system_nrf51.o
    0x20002404   0x00000020   Data   RW           77    .data               main.o
    0x20002424   0x00000018   Data   RW          274    .data               hrm_tx.o
    0x2000243c   0x00000008   Data   RW          345    .data               hrm_rx.o
    0x20002444   0x00000037   Data   RW          377    .data               heart_rate.o
    0x2000247b   0x00000001   PAD
    0x2000247c   0x0000004a   Data   RW          402    .data               ble_dis.o
    0x200024c6   0x00000002   PAD
    0x200024c8   0x00000024   Data   RW          636    .data               app_timer.o
    0x200024ec   0x0000001c   Data   RW          683    .data               ble_conn_params.o
    0x20002508   0x0000001c   Data   RW          831    .data               softdevice_handler.o
    0x20002524   0x00000020   Data   RW          909    .data               app_button.o
    0x20002544   0x0000000a   Data   RW          943    .data               app_gpiote.o
    0x2000254e   0x00000002   PAD
    0x20002550   0x00000008   Data   RW          974    .data               ble_radio_notification.o
    0x20002558   0x00000001   Data   RW         1002    .data               ble_flash.o
    0x20002559   0x00000003   PAD
    0x2000255c   0x00000050   Data   RW         1026    .data               ble_dtm.o
    0x200025ac   0x0000038c   Zero   RW           75    .bss                main.o
    0x20002938   0x00000220   Zero   RW          376    .bss                heart_rate.o
    0x20002b58   0x0000001c   Zero   RW          682    .bss                ble_conn_params.o
    0x20002b74   0x00000027   Zero   RW         1024    .bss                ble_dtm.o
    0x20002b9b   0x00000005   PAD
    0x20002ba0   0x00000a00   Zero   RW            1    STACK               arm_startup_nrf51422_s310.o



  Load Region LR$$.ARM.__AT_0x0002B004 (Base: 0x0002b004, Size: 0x00000000, Max: 0x00000004, ABSOLUTE)

    Execution Region ER$$.ARM.__AT_0x0002B004 (Base: 0x0002b004, Size: 0x00000004, Max: 0x00000004, ABSOLUTE, UNINIT)

    Base Addr    Size         Type   Attr      Idx    E Section Name        Object

    0x0002b004   0x00000004   Zero   RW           71    .ARM.__AT_0x0002B004  main.o



  Load Region LR$$.ARM.__AT_0x10001004 (Base: 0x10001004, Size: 0x00000004, Max: 0x00000004, ABSOLUTE)

    Execution Region ER$$.ARM.__AT_0x10001004 (Base: 0x10001004, Size: 0x00000004, Max: 0x00000004, ABSOLUTE, UNINIT)

    Base Addr    Size         Type   Attr      Idx    E Section Name        Object

    0x10001004   0x00000004   Data   RO           72    .ARM.__AT_0x10001004  main.o



  Load Region LR$$.ARM.__AT_0x10001008 (Base: 0x10001008, Size: 0x00000004, Max: 0x00000004, ABSOLUTE)

    Execution Region ER$$.ARM.__AT_0x10001008 (Base: 0x10001008, Size: 0x00000004, Max: 0x00000004, ABSOLUTE, UNINIT)

    Base Addr    Size         Type   Attr      Idx    E Section Name        Object

    0x10001008   0x00000004   Data   RO           73    .ARM.__AT_0x10001008  main.o



  Load Region LR$$.ARM.__AT_0x10001080 (Base: 0x10001080, Size: 0x00000004, Max: 0x00000004, ABSOLUTE)

    Execution Region ER$$.ARM.__AT_0x10001080 (Base: 0x10001080, Size: 0x00000004, Max: 0x00000004, ABSOLUTE, UNINIT)

    Base Addr    Size         Type   Attr      Idx    E Section Name        Object

    0x10001080   0x00000004   Data   RO           74    .ARM.__AT_0x10001080  main.o


==============================================================================

Image component sizes


      Code (inc. data)   RO Data    RW Data    ZI Data      Debug   Object Name

       668         86          0         32          0       8564   app_button.o
      1068         40          0         10          0      13614   app_gpiote.o
      2798        184          0         36          0      24109   app_timer.o
        44         14        192          0       2560        696   arm_startup_nrf51422_s310.o
       448         60          0          0          0      10635   battery.o
      1536          4          0          0          0       8562   ble_advdata.o
       800         16          0          0          0       7099   ble_bas.o
       776         38          0         28         28       7454   ble_conn_params.o
      1048        100          0         74          0      33407   ble_dis.o
      1656        210         37         80         39      12544   ble_dtm.o
       592         22          0          1          0       5020   ble_flash.o
      1108         12          0          0          0      37286   ble_hrs.o
       904         10         16          0          0       4542   ble_nus.o
       108         10          0          8          0       5522   ble_radio_notification.o
       136         58          0          0          0       1586   ble_srv_common.o
      1572        206          0         55        544       3703   heart_rate.o
       380         28          0          8          0       2989   hrm_rx.o
       692         54          8         24          0       3351   hrm_tx.o
      2354        172         24         32        912      64909   main.o
       564         90          0         28          0      22635   softdevice_handler.o
       216         28          0          4          0      21941   system_nrf51.o

    ----------------------------------------------------------------------
     19472       1442        312        428       4088     300168   Object Totals
         0          0         32          0          0          0   (incl. Generated)
         4          0          3          8          5          0   (incl. Padding)

    ----------------------------------------------------------------------

      Code (inc. data)   RO Data    RW Data    ZI Data      Debug   Library Member Name

        58          0          0          0          0          0   __dczerorl.o
         0          0          0          0          0          0   entry.o
         0          0          0          0          0          0   entry10a.o
         0          0          0          0          0          0   entry11a.o
         8          4          0          0          0          0   entry2.o
         4          0          0          0          0          0   entry5.o
         0          0          0          0          0          0   entry7b.o
         0          0          0          0          0          0   entry8b.o
         8          4          0          0          0          0   entry9a.o
        30          0          0          0          0          0   handlers.o
        40          0          0          0          0         72   idiv.o
        36          8          0          0          0         68   init.o
         0          0          0          0          0          0   iusefp.o
        32          0          0          0          0         68   llshl.o
        34          0          0          0          0         68   llushr.o
        26          0          0          0          0         72   memcmp.o
        64          0          0          0          0         68   memmovea.o
        36          0          0          0          0        100   memseta.o
        14          0          0          0          0         60   strlen.o
        44          0          0          0          0         72   uidiv.o
       240          6          0          0          0         84   ddiv.o
       238          0          0          0          0        216   depilogue.o
        60         10          0          0          0         68   dfixui.o
        28          4          0          0          0         68   dfltui.o
       208          6          0          0          0         88   dmul.o

    ----------------------------------------------------------------------
      1212         42          0          0          0       1172   Library Totals
         4          0          0          0          0          0   (incl. Padding)

    ----------------------------------------------------------------------

      Code (inc. data)   RO Data    RW Data    ZI Data      Debug   Library Name

       434         16          0          0          0        648   mc_p.l
       774         26          0          0          0        524   mf_p.l

    ----------------------------------------------------------------------
      1212         42          0          0          0       1172   Library Totals

    ----------------------------------------------------------------------

==============================================================================


      Code (inc. data)   RO Data    RW Data    ZI Data      Debug   

     20684       1484        312        428       4088     299468   Grand Totals
     20684       1484        312         60       4088     299468   ELF Image Totals (compressed)
     20684       1484        312         60          0          0   ROM Totals

==============================================================================

    Total RO  Size (Code + RO Data)                20996 (  20.50kB)
    Total RW  Size (RW Data + ZI Data)              4516 (   4.41kB)
    Total ROM Size (Code + RO Data + RW Data)      21056 (  20.56kB)

==============================================================================

