<html>
<body>
<pre>
<h1>猩ision Build Log</h1>
<h2>Project:</h2>
D:\英達開發資料\SC002\程式\nrf51422\Board\nrf6310\s310\sc002\arm\SC002.uvproj
Project File Date:  07/09/2014

<h2>Output:</h2>
Rebuild target 'nrf51422_xxaa_s310 (256K)'
assembling arm_startup_nrf51422_s310.s...
compiling system_nrf51.c...
compiling hrm_tx.c...
compiling main.c...
compiling hrm_rx.c...
compiling ble_dis.c...
compiling ble_bas.c...
compiling ble_nus.c...
compiling ble_cscs.c...
compiling ble_sc_ctrlpt.c...
compiling ble_error_log.c...
compiling ble_advdata.c...
compiling ble_srv_common.c...
compiling app_timer.c...
compiling ble_conn_params.c...
compiling ble_bondmngr.c...
compiling ble_debug_assert_handler.c...
compiling crc16.c...
compiling softdevice_handler.c...
compiling pstorage.c...
compiling app_button.c...
compiling app_gpiote.c...
compiling ble_radio_notification.c...
compiling ble_flash.c...
compiling ble_dtm.c...
compiling ble_sensorsim.c...
compiling ant_csc_tx.c...
compiling battery.c...
compiling csc_services.c...
compiling nus_service.c...
compiling dtm_rf_test.c...
linking...
Program Size: Code=20276 RO-data=312 RW-data=408 ZI-data=3628  
FromELF: creating hex file...
".\_build\cs012.axf" - 0 Errors, 0 Warning(s).
Load "D:\\英達開發資料\\SC002\\程式\\nrf51422\\Board\\nrf6310\\s310\\sc002\\arm\\_build\\cs012.axf" 
Set JLink Project File to "D:\英達開發資料\SC002\程式\nrf51422\Board\nrf6310\s310\sc002\arm\JLinkSettings.ini"
* JLink Info: Device "NRF51422_XXAA" selected (257 KB flash, 8 KB RAM).
 
JLink info:
------------
DLL: V4.68a, compiled Apr 12 2013 13:26:50
Firmware: J-Link Lite-Cortex-M V8 compiled Aug 29 2012 15:24:23
Hardware: V8.00
S/N : 518005471 
Feature(s) : GDB 
 
***JLink Error: Supply voltage too low (1 Volt is required, Measured: 0.0 Volt).
Please check target power.
Rebuild target 'nrf51422_xxaa_s310 (256K)'
assembling arm_startup_nrf51422_s310.s...
compiling system_nrf51.c...
compiling hrm_tx.c...
compiling main.c...
compiling hrm_rx.c...
compiling ble_dis.c...
compiling ble_bas.c...
compiling ble_nus.c...
compiling ble_cscs.c...
compiling ble_sc_ctrlpt.c...
compiling ble_error_log.c...
compiling ble_advdata.c...
compiling ble_srv_common.c...
compiling app_timer.c...
compiling ble_conn_params.c...
compiling ble_bondmngr.c...
compiling ble_debug_assert_handler.c...
compiling crc16.c...
compiling softdevice_handler.c...
compiling pstorage.c...
compiling app_button.c...
compiling app_gpiote.c...
compiling ble_radio_notification.c...
compiling ble_flash.c...
compiling ble_dtm.c...
compiling ble_sensorsim.c...
compiling ant_csc_tx.c...
compiling battery.c...
compiling csc_services.c...
compiling nus_service.c...
compiling dtm_rf_test.c...
linking...
Program Size: Code=20276 RO-data=312 RW-data=408 ZI-data=3628  
FromELF: creating hex file...
".\_build\cs012.axf" - 0 Errors, 0 Warning(s).
Load "D:\\英達開發資料\\SC002\\程式\\nrf51422\\Board\\nrf6310\\s310\\sc002\\arm\\_build\\cs012.axf" 
Set JLink Project File to "D:\英達開發資料\SC002\程式\nrf51422\Board\nrf6310\s310\sc002\arm\JLinkSettings.ini"
* JLink Info: Device "NRF51422_XXAA" selected (257 KB flash, 8 KB RAM).
 
JLink info:
------------
DLL: V4.68a, compiled Apr 12 2013 13:26:50
Firmware: J-Link Lite-Cortex-M V8 compiled Aug 29 2012 15:24:23
Hardware: V8.00
S/N : 518005471 
Feature(s) : GDB 
 
* JLink Info: Found SWD-DP with ID 0x0BB11477
* JLink Info: FPUnit: 4 code (BP) slots and 0 literal slots
* JLink Info: Found Cortex-M0 r0p0, Little endian.
ROMTableAddr = 0xE00FF003
 
Target info:
------------
Device: nRF51422_xxAA
VTarget = 2.840V
State of Pins: 
TCK: 0, TDI: 0, TDO: 1, TMS: 1, TRES: 1, TRST: 1
Hardware-Breakpoints: 4
Software-Breakpoints: 8192
Watchpoints:          2
JTAG speed: 1000 kHz
 
No Algorithm found for: 10001004H - 1000100BH
No Algorithm found for: 10001080H - 10001083H
Partial Erase Done (areas with no algorithms skipped!)
No Algorithm found for: 10001004H - 1000100BH
No Algorithm found for: 10001080H - 10001083H
Partial Programming Done (areas with no algorithms skipped!)
Partial Verify OK (areas with no algorithms skipped!)
Application running ...
Rebuild target 'nrf51422_xxaa_s310 (256K)'
assembling arm_startup_nrf51422_s310.s...
compiling system_nrf51.c...
compiling hrm_tx.c...
compiling main.c...
compiling hrm_rx.c...
compiling ble_dis.c...
compiling ble_bas.c...
compiling ble_nus.c...
compiling ble_cscs.c...
compiling ble_sc_ctrlpt.c...
compiling ble_error_log.c...
compiling ble_advdata.c...
compiling ble_srv_common.c...
compiling app_timer.c...
compiling ble_conn_params.c...
compiling ble_bondmngr.c...
compiling ble_debug_assert_handler.c...
compiling crc16.c...
compiling softdevice_handler.c...
compiling pstorage.c...
compiling app_button.c...
compiling app_gpiote.c...
compiling ble_radio_notification.c...
compiling ble_flash.c...
compiling ble_dtm.c...
compiling ble_sensorsim.c...
compiling ant_csc_tx.c...
compiling battery.c...
compiling csc_services.c...
compiling nus_service.c...
compiling dtm_rf_test.c...
linking...
Program Size: Code=20276 RO-data=312 RW-data=408 ZI-data=3628  
FromELF: creating hex file...
".\_build\cs012.axf" - 0 Errors, 0 Warning(s).
Load "D:\\英達開發資料\\SC002\\程式\\nrf51422\\Board\\nrf6310\\s310\\sc002\\arm\\_build\\cs012.axf" 
Set JLink Project File to "D:\英達開發資料\SC002\程式\nrf51422\Board\nrf6310\s310\sc002\arm\JLinkSettings.ini"
* JLink Info: Device "NRF51422_XXAA" selected (257 KB flash, 8 KB RAM).
 
JLink info:
------------
DLL: V4.68a, compiled Apr 12 2013 13:26:50
Firmware: J-Link Lite-Cortex-M V8 compiled Aug 29 2012 15:24:23
Hardware: V8.00
S/N : 518005471 
Feature(s) : GDB 
 
* JLink Info: Found SWD-DP with ID 0x0BB11477
* JLink Info: FPUnit: 4 code (BP) slots and 0 literal slots
* JLink Info: Found Cortex-M0 r0p0, Little endian.
ROMTableAddr = 0xE00FF003
 
Target info:
------------
Device: nRF51422_xxAA
VTarget = 2.821V
State of Pins: 
TCK: 0, TDI: 0, TDO: 1, TMS: 1, TRES: 1, TRST: 1
Hardware-Breakpoints: 4
Software-Breakpoints: 8192
Watchpoints:          2
JTAG speed: 1000 kHz
 
No Algorithm found for: 10001004H - 1000100BH
No Algorithm found for: 10001080H - 10001083H
Partial Erase Done (areas with no algorithms skipped!)
No Algorithm found for: 10001004H - 1000100BH
No Algorithm found for: 10001080H - 10001083H
Partial Programming Done (areas with no algorithms skipped!)
Partial Verify OK (areas with no algorithms skipped!)
Application running ...
Rebuild target 'nrf51422_xxaa_s310 (256K)'
assembling arm_startup_nrf51422_s310.s...
compiling system_nrf51.c...
compiling hrm_tx.c...
compiling main.c...
compiling hrm_rx.c...
compiling ble_dis.c...
compiling ble_bas.c...
compiling ble_nus.c...
compiling ble_cscs.c...
compiling ble_sc_ctrlpt.c...
compiling ble_error_log.c...
compiling ble_advdata.c...
compiling ble_srv_common.c...
compiling app_timer.c...
compiling ble_conn_params.c...
compiling ble_bondmngr.c...
compiling ble_debug_assert_handler.c...
compiling crc16.c...
compiling softdevice_handler.c...
compiling pstorage.c...
compiling app_button.c...
compiling app_gpiote.c...
compiling ble_radio_notification.c...
compiling ble_flash.c...
compiling ble_dtm.c...
compiling ble_sensorsim.c...
compiling ant_csc_tx.c...
compiling battery.c...
compiling csc_services.c...
compiling nus_service.c...
compiling dtm_rf_test.c...
linking...
Program Size: Code=20272 RO-data=312 RW-data=408 ZI-data=3628  
FromELF: creating hex file...
".\_build\cs012.axf" - 0 Errors, 0 Warning(s).
Load "D:\\英達開發資料\\SC002\\程式\\nrf51422\\Board\\nrf6310\\s310\\sc002\\arm\\_build\\cs012.axf" 
Set JLink Project File to "D:\英達開發資料\SC002\程式\nrf51422\Board\nrf6310\s310\sc002\arm\JLinkSettings.ini"
* JLink Info: Device "NRF51422_XXAA" selected (257 KB flash, 8 KB RAM).
 
JLink info:
------------
DLL: V4.68a, compiled Apr 12 2013 13:26:50
Firmware: J-Link Lite-Cortex-M V8 compiled Aug 29 2012 15:24:23
Hardware: V8.00
S/N : 518005471 
Feature(s) : GDB 
 
* JLink Info: Found SWD-DP with ID 0x0BB11477
* JLink Info: FPUnit: 4 code (BP) slots and 0 literal slots
* JLink Info: Found Cortex-M0 r0p0, Little endian.
ROMTableAddr = 0xE00FF003
 
Target info:
------------
Device: nRF51422_xxAA
VTarget = 2.814V
State of Pins: 
TCK: 0, TDI: 0, TDO: 1, TMS: 1, TRES: 1, TRST: 1
Hardware-Breakpoints: 4
Software-Breakpoints: 8192
Watchpoints:          2
JTAG speed: 1000 kHz
 
No Algorithm found for: 10001004H - 1000100BH
No Algorithm found for: 10001080H - 10001083H
Partial Erase Done (areas with no algorithms skipped!)
No Algorithm found for: 10001004H - 1000100BH
No Algorithm found for: 10001080H - 10001083H
Partial Programming Done (areas with no algorithms skipped!)
Partial Verify OK (areas with no algorithms skipped!)
Application running ...
Rebuild target 'nrf51422_xxaa_s310 (256K)'
assembling arm_startup_nrf51422_s310.s...
compiling system_nrf51.c...
compiling hrm_tx.c...
compiling main.c...
compiling hrm_rx.c...
compiling ble_dis.c...
compiling ble_bas.c...
compiling ble_nus.c...
compiling ble_cscs.c...
compiling ble_sc_ctrlpt.c...
compiling ble_error_log.c...
compiling ble_advdata.c...
compiling ble_srv_common.c...
compiling app_timer.c...
compiling ble_conn_params.c...
compiling ble_bondmngr.c...
compiling ble_debug_assert_handler.c...
compiling crc16.c...
compiling softdevice_handler.c...
compiling pstorage.c...
compiling app_button.c...
compiling app_gpiote.c...
compiling ble_radio_notification.c...
compiling ble_flash.c...
compiling ble_dtm.c...
compiling ble_sensorsim.c...
compiling ant_csc_tx.c...
compiling battery.c...
compiling csc_services.c...
compiling nus_service.c...
compiling dtm_rf_test.c...
linking...
Program Size: Code=20272 RO-data=312 RW-data=408 ZI-data=3628  
FromELF: creating hex file...
".\_build\SC012.axf" - 0 Errors, 0 Warning(s).
