ARM Linker, 5.03 [Build 76] [MDK-ARM Standard]

==============================================================================

Section Cross References

    arm_startup_nrf51422_s310.o(RESET) refers to arm_startup_nrf51422_s310.o(STACK) for __initial_sp
    arm_startup_nrf51422_s310.o(RESET) refers to arm_startup_nrf51422_s310.o(.text) for Reset_Handler
    arm_startup_nrf51422_s310.o(RESET) refers to app_gpiote.o(.text) for GPIOTE_IRQHandler
    arm_startup_nrf51422_s310.o(RESET) refers to battery.o(.text) for ADC_IRQHandler
    arm_startup_nrf51422_s310.o(RESET) refers to app_timer.o(.text) for RTC1_IRQHandler
    arm_startup_nrf51422_s310.o(RESET) refers to ble_radio_notification.o(.text) for SWI1_IRQHandler
    arm_startup_nrf51422_s310.o(RESET) refers to softdevice_handler.o(.text) for SWI2_IRQHandler
    arm_startup_nrf51422_s310.o(.text) refers to system_nrf51.o(.text) for SystemInit
    arm_startup_nrf51422_s310.o(.text) refers to entry.o(.ARM.Collect$$$$00000000) for __main
    system_nrf51.o(.text) refers to system_nrf51.o(.data) for SystemCoreClock
    hrm_tx.o(.text) refers to main.o(.text) for app_error_handler
    hrm_tx.o(.text) refers to uidiv.o(.text) for __aeabi_uidivmod
    hrm_tx.o(.text) refers to dfltui.o(.text) for __aeabi_ui2d
    hrm_tx.o(.text) refers to dmul.o(.text) for __aeabi_dmul
    hrm_tx.o(.text) refers to dfixui.o(.text) for __aeabi_d2uiz
    hrm_tx.o(.text) refers to hrm_tx.o(.data) for m_page_change
    main.o(.text) refers to app_timer.o(.text) for app_timer_start
    main.o(.text) refers to ant_csc_tx.o(.text) for ant_csc_channel_tx_broadcast_setup
    main.o(.text) refers to battery.o(.text) for battery_start
    main.o(.text) refers to csc_services.o(.text) for csc_up_data
    main.o(.text) refers to memseta.o(.text) for __aeabi_memclr4
    main.o(.text) refers to ble_advdata.o(.text) for ble_advdata_set
    main.o(.text) refers to nus_service.o(.text) for nus_services_init
    main.o(.text) refers to ble_srv_common.o(.text) for ble_srv_ascii_to_utf8
    main.o(.text) refers to ble_dis.o(.text) for ble_dis_init
    main.o(.text) refers to ble_conn_params.o(.text) for ble_conn_params_init
    main.o(.text) refers to main.o(.data) for m_battery_timer_id
    main.o(.text) refers to main.o(.bss) for m_adv_params
    main.o(.text) refers to main.o(.constdata) for m_network_key
    main.o(.text) refers to ble_cscs.o(.text) for ble_cscs_on_ble_evt
    main.o(.text) refers to ble_bas.o(.text) for ble_bas_on_ble_evt
    main.o(.text) refers to ble_nus.o(.text) for ble_nus_on_ble_evt
    main.o(.text) refers to app_button.o(.text) for app_button_enable
    main.o(.text) refers to dfltui.o(.text) for __aeabi_ui2d
    main.o(.text) refers to dmul.o(.text) for __aeabi_dmul
    main.o(.text) refers to dfixui.o(.text) for __aeabi_d2uiz
    main.o(.text) refers to app_gpiote.o(.text) for app_gpiote_init
    main.o(.text) refers to softdevice_handler.o(.text) for softdevice_handler_init
    main.o(.text) refers to dtm_rf_test.o(.text) for test_rf
    main.o(.text) refers to main.o(.ARM.__AT_0x10001080) for UICR_ADDR_0x80
    main.o(.data) refers to main.o(.text) for button_event_handler
    hrm_rx.o(.text) refers to main.o(.text) for app_error_handler
    hrm_rx.o(.text) refers to hrm_tx.o(.text) for F_UpAntHeartRatePage4Data
    hrm_rx.o(.text) refers to hrm_rx.o(i.__ARM_common_switch8) for __ARM_common_switch8
    hrm_rx.o(.text) refers to hrm_rx.o(.data) for m_network_key
    ble_dis.o(.text) refers to main.o(.text) for app_error_handler
    ble_dis.o(.text) refers to memseta.o(.text) for __aeabi_memclr4
    ble_dis.o(.text) refers to ble_dis.o(.data) for service_handle
    ble_bas.o(.text) refers to memseta.o(.text) for __aeabi_memclr4
    ble_bas.o(.text) refers to ble_srv_common.o(.text) for ble_srv_report_ref_encode
    ble_nus.o(.text) refers to memseta.o(.text) for __aeabi_memclr4
    ble_nus.o(.text) refers to ble_nus.o(.constdata) for .constdata
    ble_cscs.o(.text) refers to ble_sc_ctrlpt.o(.text) for ble_sc_ctrlpt_on_ble_evt
    ble_cscs.o(.text) refers to memseta.o(.text) for __aeabi_memclr4
    ble_cscs.o(.text) refers to memcpya.o(.text) for __aeabi_memcpy
    ble_sc_ctrlpt.o(.text) refers to memcpya.o(.text) for __aeabi_memcpy4
    ble_sc_ctrlpt.o(.text) refers to memseta.o(.text) for __aeabi_memclr4
    ble_error_log.o(.text) refers to memcpya.o(.text) for __aeabi_memcpy4
    ble_error_log.o(.text) refers to strncpy.o(.text) for strncpy
    ble_error_log.o(.text) refers to arm_startup_nrf51422_s310.o(RESET) for __Vectors
    ble_error_log.o(.text) refers to ble_error_log.o(.bss) for m_ble_error_log
    ble_advdata.o(.text) refers to memcpya.o(.text) for __aeabi_memcpy
    ble_srv_common.o(.text) refers to main.o(.text) for app_error_handler
    ble_srv_common.o(.text) refers to strlen.o(.text) for strlen
    app_timer.o(.text) refers to app_timer.o(.emb_text) for __asm___11_app_timer_c_cd27f9c3__nrf_delay_us
    app_timer.o(.text) refers to main.o(.text) for app_error_handler
    app_timer.o(.text) refers to app_timer.o(.data) for mp_nodes
    ble_conn_params.o(.text) refers to memcpya.o(.text) for __aeabi_memcpy4
    ble_conn_params.o(.text) refers to app_timer.o(.text) for app_timer_create
    ble_conn_params.o(.text) refers to ble_conn_params.o(.data) for m_preferred_conn_params
    ble_conn_params.o(.text) refers to ble_conn_params.o(.bss) for m_conn_params_config
    ble_bondmngr.o(.text) refers to crc16.o(.text) for crc16_compute
    ble_bondmngr.o(.text) refers to pstorage.o(.text) for pstorage_block_identifier_get
    ble_bondmngr.o(.text) refers to ble_bondmngr.o(.data) for m_bond_info_in_flash_count
    ble_bondmngr.o(.text) refers to ble_bondmngr.o(.bss) for m_bond_crc_array
    ble_bondmngr.o(.text) refers to memcpya.o(.text) for __aeabi_memcpy
    ble_bondmngr.o(.text) refers to memcmp.o(.text) for memcmp
    ble_bondmngr.o(.text) refers to memseta.o(.text) for __aeabi_memclr4
    ble_debug_assert_handler.o(.text) refers to strncpy.o(.text) for strncpy
    ble_debug_assert_handler.o(.text) refers to ble_debug_assert_handler.o(.bss) for s_file_name
    ble_debug_assert_handler.o(.text) refers to ble_debug_assert_handler.o(.data) for s_line_num
    softdevice_handler.o(.text) refers to main.o(.text) for assert_nrf_callback
    softdevice_handler.o(.text) refers to softdevice_handler.o(.data) for m_softdevice_enabled
    pstorage.o(.text) refers to uidiv.o(.text) for __aeabi_uidivmod
    pstorage.o(.text) refers to pstorage.o(.bss) for m_cmd_queue
    pstorage.o(.text) refers to pstorage.o(.data) for m_round_val
    pstorage.o(.text) refers to memcpya.o(.text) for __aeabi_memcpy
    app_button.o(.text) refers to main.o(.text) for app_error_handler
    app_button.o(.text) refers to app_gpiote.o(.text) for app_gpiote_pins_state_get
    app_button.o(.text) refers to app_timer.o(.text) for app_timer_stop
    app_button.o(.text) refers to app_button.o(.data) for m_evt_schedule_func
    app_gpiote.o(.text) refers to memseta.o(.text) for __aeabi_memclr4
    app_gpiote.o(.text) refers to app_gpiote.o(.data) for mp_users
    ble_radio_notification.o(.text) refers to ble_radio_notification.o(.data) for m_radio_active
    ble_flash.o(.text) refers to memcpya.o(.text) for __aeabi_memcpy4
    ble_flash.o(.text) refers to ble_flash.o(.data) for m_radio_active
    ble_dtm.o(.text) refers to memcmp.o(.text) for memcmp
    ble_dtm.o(.text) refers to memseta.o(.text) for __aeabi_memclr
    ble_dtm.o(.text) refers to ble_dtm.o(.bss) for m_pdu
    ble_dtm.o(.text) refers to ble_dtm.o(.constdata) for m_prbs_content
    ble_dtm.o(.text) refers to ble_dtm.o(.data) for m_rx_pkt_count
    ble_dtm.o(.text) refers to memcpya.o(.text) for __aeabi_memcpy
    ant_csc_tx.o(.text) refers to main.o(.text) for app_error_handler
    ant_csc_tx.o(.text) refers to ant_csc_tx.o(.data) for antCscData
    battery.o(.text) refers to idiv.o(.text) for __aeabi_idivmod
    battery.o(.text) refers to ble_bas.o(.text) for ble_bas_battery_level_update
    battery.o(.text) refers to main.o(.text) for app_error_handler
    battery.o(.text) refers to memseta.o(.text) for __aeabi_memclr4
    battery.o(.text) refers to battery.o(.bss) for m_bas
    csc_services.o(.text) refers to memseta.o(.text) for __aeabi_memclr4
    csc_services.o(.text) refers to ble_cscs.o(.text) for ble_cscs_init
    csc_services.o(.text) refers to main.o(.text) for app_error_handler
    csc_services.o(.text) refers to csc_services.o(.data) for supported_locations
    csc_services.o(.text) refers to csc_services.o(.bss) for m_cscs
    nus_service.o(.text) refers to ant_csc_tx.o(.text) for ant_csc_tx_channel_close
    nus_service.o(.text) refers to softdevice_handler.o(.text) for softdevice_handler_sd_disable
    nus_service.o(.text) refers to ble_flash.o(.text) for F_flash_page_erase
    nus_service.o(.text) refers to ble_nus.o(.text) for ble_nus_init
    nus_service.o(.text) refers to main.o(.text) for app_error_handler
    nus_service.o(.text) refers to nus_service.o(.ARM.__AT_0x0002B004) for BluetoothDFU
    nus_service.o(.text) refers to nus_service.o(.bss) for m_nus
    dtm_rf_test.o(.text) refers to ble_dtm.o(.text) for dtm_cmd
    dtm_rf_test.o(.text) refers to dtm_rf_test.o(.emb_text) for __asm___13_dtm_rf_test_c_test_rf__nrf_delay_us
    entry.o(.ARM.Collect$$$$00000000) refers (Special) to entry10a.o(.ARM.Collect$$$$0000000D) for __rt_final_cpp
    entry.o(.ARM.Collect$$$$00000000) refers (Special) to entry11a.o(.ARM.Collect$$$$0000000F) for __rt_final_exit
    entry.o(.ARM.Collect$$$$00000000) refers (Special) to entry7b.o(.ARM.Collect$$$$00000008) for _main_clock
    entry.o(.ARM.Collect$$$$00000000) refers (Special) to entry8b.o(.ARM.Collect$$$$0000000A) for _main_cpp_init
    entry.o(.ARM.Collect$$$$00000000) refers (Special) to entry9a.o(.ARM.Collect$$$$0000000B) for _main_init
    entry.o(.ARM.Collect$$$$00000000) refers (Special) to entry5.o(.ARM.Collect$$$$00000004) for _main_scatterload
    entry.o(.ARM.Collect$$$$00000000) refers (Special) to entry2.o(.ARM.Collect$$$$00000001) for _main_stk
    idiv.o(.text) refers to uidiv.o(.text) for __aeabi_uidivmod
    dmul.o(.text) refers (Special) to iusefp.o(.text) for __I$use$fp
    dmul.o(.text) refers to depilogue.o(.text) for _double_epilogue
    dfltui.o(.text) refers (Special) to iusefp.o(.text) for __I$use$fp
    dfltui.o(.text) refers to depilogue.o(.text) for _double_epilogue
    dfixui.o(.text) refers (Special) to iusefp.o(.text) for __I$use$fp
    dfixui.o(.text) refers to llushr.o(.text) for __aeabi_llsr
    entry2.o(.ARM.Collect$$$$00000001) refers to entry2.o(.ARM.Collect$$$$00002712) for __lit__00000000
    entry2.o(.ARM.Collect$$$$00002712) refers to arm_startup_nrf51422_s310.o(STACK) for __initial_sp
    entry2.o(__vectab_stack_and_reset_area) refers to arm_startup_nrf51422_s310.o(STACK) for __initial_sp
    entry2.o(__vectab_stack_and_reset_area) refers to entry.o(.ARM.Collect$$$$00000000) for __main
    entry5.o(.ARM.Collect$$$$00000004) refers to init.o(.text) for __scatterload
    entry9a.o(.ARM.Collect$$$$0000000B) refers to main.o(.text) for main
    entry9b.o(.ARM.Collect$$$$0000000C) refers to main.o(.text) for main
    depilogue.o(.text) refers to depilogue.o(i.__ARM_clz) for __ARM_clz
    depilogue.o(.text) refers to llshl.o(.text) for __aeabi_llsl
    depilogue.o(.text) refers to llushr.o(.text) for __aeabi_llsr
    init.o(.text) refers to entry5.o(.ARM.Collect$$$$00000004) for __main_after_scatterload


==============================================================================

Removing Unused input sections from the image.

    Removing arm_startup_nrf51422_s310.o(HEAP), (0 bytes).
    Removing system_nrf51.o(.rev16_text), (4 bytes).
    Removing system_nrf51.o(.revsh_text), (4 bytes).
    Removing hrm_tx.o(.rev16_text), (4 bytes).
    Removing hrm_tx.o(.revsh_text), (4 bytes).
    Removing hrm_tx.o(.text), (656 bytes).
    Removing hrm_tx.o(.data), (24 bytes).
    Removing main.o(.rev16_text), (4 bytes).
    Removing main.o(.revsh_text), (4 bytes).
    Removing hrm_rx.o(.rev16_text), (4 bytes).
    Removing hrm_rx.o(.revsh_text), (4 bytes).
    Removing hrm_rx.o(.text), (352 bytes).
    Removing hrm_rx.o(.data), (8 bytes).
    Removing ble_dis.o(.rev16_text), (4 bytes).
    Removing ble_dis.o(.revsh_text), (4 bytes).
    Removing ble_bas.o(.rev16_text), (4 bytes).
    Removing ble_bas.o(.revsh_text), (4 bytes).
    Removing ble_nus.o(.rev16_text), (4 bytes).
    Removing ble_nus.o(.revsh_text), (4 bytes).
    Removing ble_cscs.o(.rev16_text), (4 bytes).
    Removing ble_cscs.o(.revsh_text), (4 bytes).
    Removing ble_sc_ctrlpt.o(.rev16_text), (4 bytes).
    Removing ble_sc_ctrlpt.o(.revsh_text), (4 bytes).
    Removing ble_error_log.o(.rev16_text), (4 bytes).
    Removing ble_error_log.o(.revsh_text), (4 bytes).
    Removing ble_error_log.o(.text), (96 bytes).
    Removing ble_error_log.o(.bss), (392 bytes).
    Removing ble_advdata.o(.rev16_text), (4 bytes).
    Removing ble_advdata.o(.revsh_text), (4 bytes).
    Removing ble_srv_common.o(.rev16_text), (4 bytes).
    Removing ble_srv_common.o(.revsh_text), (4 bytes).
    Removing app_timer.o(.rev16_text), (4 bytes).
    Removing app_timer.o(.revsh_text), (4 bytes).
    Removing ble_conn_params.o(.rev16_text), (4 bytes).
    Removing ble_conn_params.o(.revsh_text), (4 bytes).
    Removing ble_bondmngr.o(.rev16_text), (4 bytes).
    Removing ble_bondmngr.o(.revsh_text), (4 bytes).
    Removing ble_bondmngr.o(.text), (4068 bytes).
    Removing ble_bondmngr.o(.bss), (1068 bytes).
    Removing ble_bondmngr.o(.data), (33 bytes).
    Removing ble_debug_assert_handler.o(.rev16_text), (4 bytes).
    Removing ble_debug_assert_handler.o(.revsh_text), (4 bytes).
    Removing ble_debug_assert_handler.o(.text), (60 bytes).
    Removing ble_debug_assert_handler.o(.bss), (128 bytes).
    Removing ble_debug_assert_handler.o(.data), (8 bytes).
    Removing crc16.o(.text), (68 bytes).
    Removing softdevice_handler.o(.rev16_text), (4 bytes).
    Removing softdevice_handler.o(.revsh_text), (4 bytes).
    Removing pstorage.o(.rev16_text), (4 bytes).
    Removing pstorage.o(.revsh_text), (4 bytes).
    Removing pstorage.o(.text), (1948 bytes).
    Removing pstorage.o(.bss), (636 bytes).
    Removing pstorage.o(.data), (10 bytes).
    Removing app_button.o(.rev16_text), (4 bytes).
    Removing app_button.o(.revsh_text), (4 bytes).
    Removing app_gpiote.o(.rev16_text), (4 bytes).
    Removing app_gpiote.o(.revsh_text), (4 bytes).
    Removing ble_radio_notification.o(.rev16_text), (4 bytes).
    Removing ble_radio_notification.o(.revsh_text), (4 bytes).
    Removing ble_flash.o(.rev16_text), (4 bytes).
    Removing ble_flash.o(.revsh_text), (4 bytes).
    Removing ble_dtm.o(.rev16_text), (4 bytes).
    Removing ble_dtm.o(.revsh_text), (4 bytes).
    Removing ble_sensorsim.o(.text), (100 bytes).
    Removing ant_csc_tx.o(.rev16_text), (4 bytes).
    Removing ant_csc_tx.o(.revsh_text), (4 bytes).
    Removing battery.o(.rev16_text), (4 bytes).
    Removing battery.o(.revsh_text), (4 bytes).
    Removing csc_services.o(.rev16_text), (4 bytes).
    Removing csc_services.o(.revsh_text), (4 bytes).
    Removing nus_service.o(.rev16_text), (4 bytes).
    Removing nus_service.o(.revsh_text), (4 bytes).
    Removing dtm_rf_test.o(.rev16_text), (4 bytes).
    Removing dtm_rf_test.o(.revsh_text), (4 bytes).
    Removing hrm_rx.o(i.__ARM_common_switch8), (28 bytes).

75 unused section(s) (total 9907 bytes) removed from the image.

==============================================================================

Image Symbol Table

    Local Symbols

    Symbol Name                              Value     Ov Type        Size  Object(Section)

    ../clib/../cmprslib/zerorunl2.c          0x00000000   Number         0  __dczerorl2.o ABSOLUTE
    ../clib/microlib/division.c              0x00000000   Number         0  uidiv.o ABSOLUTE
    ../clib/microlib/division.c              0x00000000   Number         0  idiv.o ABSOLUTE
    ../clib/microlib/init/entry.s            0x00000000   Number         0  entry8b.o ABSOLUTE
    ../clib/microlib/init/entry.s            0x00000000   Number         0  entry10a.o ABSOLUTE
    ../clib/microlib/init/entry.s            0x00000000   Number         0  entry8a.o ABSOLUTE
    ../clib/microlib/init/entry.s            0x00000000   Number         0  entry10b.o ABSOLUTE
    ../clib/microlib/init/entry.s            0x00000000   Number         0  entry9b.o ABSOLUTE
    ../clib/microlib/init/entry.s            0x00000000   Number         0  entry11a.o ABSOLUTE
    ../clib/microlib/init/entry.s            0x00000000   Number         0  entry11b.o ABSOLUTE
    ../clib/microlib/init/entry.s            0x00000000   Number         0  entry9a.o ABSOLUTE
    ../clib/microlib/init/entry.s            0x00000000   Number         0  entry7a.o ABSOLUTE
    ../clib/microlib/init/entry.s            0x00000000   Number         0  entry7b.o ABSOLUTE
    ../clib/microlib/init/entry.s            0x00000000   Number         0  entry5.o ABSOLUTE
    ../clib/microlib/init/entry.s            0x00000000   Number         0  entry.o ABSOLUTE
    ../clib/microlib/init/entry.s            0x00000000   Number         0  entry2.o ABSOLUTE
    ../clib/microlib/longlong.c              0x00000000   Number         0  llshl.o ABSOLUTE
    ../clib/microlib/longlong.c              0x00000000   Number         0  llushr.o ABSOLUTE
    ../clib/microlib/string/memcmp.c         0x00000000   Number         0  memcmp.o ABSOLUTE
    ../clib/microlib/string/memcpy.c         0x00000000   Number         0  memcpyb.o ABSOLUTE
    ../clib/microlib/string/memcpy.c         0x00000000   Number         0  memcpya.o ABSOLUTE
    ../clib/microlib/string/memset.c         0x00000000   Number         0  memseta.o ABSOLUTE
    ../clib/microlib/string/strlen.c         0x00000000   Number         0  strlen.o ABSOLUTE
    ../clib/microlib/string/strncpy.c        0x00000000   Number         0  strncpy.o ABSOLUTE
    ../clib/microlib/stubs.s                 0x00000000   Number         0  iusefp.o ABSOLUTE
    ../fplib/microlib/fpepilogue.c           0x00000000   Number         0  depilogue.o ABSOLUTE
    ../fplib/microlib/fpfix.c                0x00000000   Number         0  dfixui.o ABSOLUTE
    ../fplib/microlib/fpflt.c                0x00000000   Number         0  dfltui.o ABSOLUTE
    ../fplib/microlib/fpmul.c                0x00000000   Number         0  dmul.o ABSOLUTE
    ..\..\..\..\..\Source\app_common\app_button.c 0x00000000   Number         0  app_button.o ABSOLUTE
    ..\..\..\..\..\Source\app_common\app_gpiote.c 0x00000000   Number         0  app_gpiote.o ABSOLUTE
    ..\..\..\..\..\Source\app_common\app_timer.c 0x00000000   Number         0  app_timer.o ABSOLUTE
    ..\..\..\..\..\Source\app_common\crc16.c 0x00000000   Number         0  crc16.o ABSOLUTE
    ..\..\..\..\..\Source\app_common\pstorage.c 0x00000000   Number         0  pstorage.o ABSOLUTE
    ..\..\..\..\..\Source\ble\ble_advdata.c  0x00000000   Number         0  ble_advdata.o ABSOLUTE
    ..\..\..\..\..\Source\ble\ble_bondmngr.c 0x00000000   Number         0  ble_bondmngr.o ABSOLUTE
    ..\..\..\..\..\Source\ble\ble_conn_params.c 0x00000000   Number         0  ble_conn_params.o ABSOLUTE
    ..\..\..\..\..\Source\ble\ble_debug_assert_handler.c 0x00000000   Number         0  ble_debug_assert_handler.o ABSOLUTE
    ..\..\..\..\..\Source\ble\ble_dtm.c      0x00000000   Number         0  ble_dtm.o ABSOLUTE
    ..\..\..\..\..\Source\ble\ble_error_log.c 0x00000000   Number         0  ble_error_log.o ABSOLUTE
    ..\..\..\..\..\Source\ble\ble_flash.c    0x00000000   Number         0  ble_flash.o ABSOLUTE
    ..\..\..\..\..\Source\ble\ble_radio_notification.c 0x00000000   Number         0  ble_radio_notification.o ABSOLUTE
    ..\..\..\..\..\Source\ble\ble_sensorsim.c 0x00000000   Number         0  ble_sensorsim.o ABSOLUTE
    ..\..\..\..\..\Source\ble\ble_services\ble_bas.c 0x00000000   Number         0  ble_bas.o ABSOLUTE
    ..\..\..\..\..\Source\ble\ble_services\ble_cscs.c 0x00000000   Number         0  ble_cscs.o ABSOLUTE
    ..\..\..\..\..\Source\ble\ble_services\ble_dis.c 0x00000000   Number         0  ble_dis.o ABSOLUTE
    ..\..\..\..\..\Source\ble\ble_services\ble_sc_ctrlpt.c 0x00000000   Number         0  ble_sc_ctrlpt.o ABSOLUTE
    ..\..\..\..\..\Source\ble\ble_services\ble_srv_common.c 0x00000000   Number         0  ble_srv_common.o ABSOLUTE
    ..\..\..\..\..\Source\sd_common\softdevice_handler.c 0x00000000   Number         0  softdevice_handler.o ABSOLUTE
    ..\..\..\..\..\Source\templates\arm\arm_startup_nrf51422_s310.s 0x00000000   Number         0  arm_startup_nrf51422_s310.o ABSOLUTE
    ..\..\..\..\..\Source\templates\system_nrf51.c 0x00000000   Number         0  system_nrf51.o ABSOLUTE
    ..\\..\\..\\..\\..\\Source\\app_common\\app_button.c 0x00000000   Number         0  app_button.o ABSOLUTE
    ..\\..\\..\\..\\..\\Source\\app_common\\app_gpiote.c 0x00000000   Number         0  app_gpiote.o ABSOLUTE
    ..\\..\\..\\..\\..\\Source\\app_common\\app_timer.c 0x00000000   Number         0  app_timer.o ABSOLUTE
    ..\\..\\..\\..\\..\\Source\\app_common\\pstorage.c 0x00000000   Number         0  pstorage.o ABSOLUTE
    ..\\..\\..\\..\\..\\Source\\ble\\ble_advdata.c 0x00000000   Number         0  ble_advdata.o ABSOLUTE
    ..\\..\\..\\..\\..\\Source\\ble\\ble_bondmngr.c 0x00000000   Number         0  ble_bondmngr.o ABSOLUTE
    ..\\..\\..\\..\\..\\Source\\ble\\ble_conn_params.c 0x00000000   Number         0  ble_conn_params.o ABSOLUTE
    ..\\..\\..\\..\\..\\Source\\ble\\ble_debug_assert_handler.c 0x00000000   Number         0  ble_debug_assert_handler.o ABSOLUTE
    ..\\..\\..\\..\\..\\Source\\ble\\ble_dtm.c 0x00000000   Number         0  ble_dtm.o ABSOLUTE
    ..\\..\\..\\..\\..\\Source\\ble\\ble_error_log.c 0x00000000   Number         0  ble_error_log.o ABSOLUTE
    ..\\..\\..\\..\\..\\Source\\ble\\ble_flash.c 0x00000000   Number         0  ble_flash.o ABSOLUTE
    ..\\..\\..\\..\\..\\Source\\ble\\ble_radio_notification.c 0x00000000   Number         0  ble_radio_notification.o ABSOLUTE
    ..\\..\\..\\..\\..\\Source\\ble\\ble_services\\ble_bas.c 0x00000000   Number         0  ble_bas.o ABSOLUTE
    ..\\..\\..\\..\\..\\Source\\ble\\ble_services\\ble_cscs.c 0x00000000   Number         0  ble_cscs.o ABSOLUTE
    ..\\..\\..\\..\\..\\Source\\ble\\ble_services\\ble_dis.c 0x00000000   Number         0  ble_dis.o ABSOLUTE
    ..\\..\\..\\..\\..\\Source\\ble\\ble_services\\ble_sc_ctrlpt.c 0x00000000   Number         0  ble_sc_ctrlpt.o ABSOLUTE
    ..\\..\\..\\..\\..\\Source\\ble\\ble_services\\ble_srv_common.c 0x00000000   Number         0  ble_srv_common.o ABSOLUTE
    ..\\..\\..\\..\\..\\Source\\sd_common\\softdevice_handler.c 0x00000000   Number         0  softdevice_handler.o ABSOLUTE
    ..\\..\\..\\..\\..\\Source\\templates\\system_nrf51.c 0x00000000   Number         0  system_nrf51.o ABSOLUTE
    ..\\ant_csc_tx.c                         0x00000000   Number         0  ant_csc_tx.o ABSOLUTE
    ..\\battery.c                            0x00000000   Number         0  battery.o ABSOLUTE
    ..\\ble_nus.c                            0x00000000   Number         0  ble_nus.o ABSOLUTE
    ..\\csc_services.c                       0x00000000   Number         0  csc_services.o ABSOLUTE
    ..\\dtm_rf_test.c                        0x00000000   Number         0  dtm_rf_test.o ABSOLUTE
    ..\\hrm_rx.c                             0x00000000   Number         0  hrm_rx.o ABSOLUTE
    ..\\hrm_tx.c                             0x00000000   Number         0  hrm_tx.o ABSOLUTE
    ..\\main.c                               0x00000000   Number         0  main.o ABSOLUTE
    ..\\nus_service.c                        0x00000000   Number         0  nus_service.o ABSOLUTE
    ..\ant_csc_tx.c                          0x00000000   Number         0  ant_csc_tx.o ABSOLUTE
    ..\battery.c                             0x00000000   Number         0  battery.o ABSOLUTE
    ..\ble_nus.c                             0x00000000   Number         0  ble_nus.o ABSOLUTE
    ..\csc_services.c                        0x00000000   Number         0  csc_services.o ABSOLUTE
    ..\dtm_rf_test.c                         0x00000000   Number         0  dtm_rf_test.o ABSOLUTE
    ..\hrm_rx.c                              0x00000000   Number         0  hrm_rx.o ABSOLUTE
    ..\hrm_tx.c                              0x00000000   Number         0  hrm_tx.o ABSOLUTE
    ..\main.c                                0x00000000   Number         0  main.o ABSOLUTE
    ..\nus_service.c                         0x00000000   Number         0  nus_service.o ABSOLUTE
    dc.s                                     0x00000000   Number         0  dc.o ABSOLUTE
    handlers.s                               0x00000000   Number         0  handlers.o ABSOLUTE
    init.s                                   0x00000000   Number         0  init.o ABSOLUTE
    RESET                                    0x00020000   Section      192  arm_startup_nrf51422_s310.o(RESET)
    .ARM.Collect$$$$00000000                 0x000200c0   Section        0  entry.o(.ARM.Collect$$$$00000000)
    .ARM.Collect$$$$00000001                 0x000200c0   Section        4  entry2.o(.ARM.Collect$$$$00000001)
    .ARM.Collect$$$$00000004                 0x000200c4   Section        4  entry5.o(.ARM.Collect$$$$00000004)
    .ARM.Collect$$$$00000008                 0x000200c8   Section        0  entry7b.o(.ARM.Collect$$$$00000008)
    .ARM.Collect$$$$0000000A                 0x000200c8   Section        0  entry8b.o(.ARM.Collect$$$$0000000A)
    .ARM.Collect$$$$0000000B                 0x000200c8   Section        8  entry9a.o(.ARM.Collect$$$$0000000B)
    .ARM.Collect$$$$0000000D                 0x000200d0   Section        0  entry10a.o(.ARM.Collect$$$$0000000D)
    .ARM.Collect$$$$0000000F                 0x000200d0   Section        0  entry11a.o(.ARM.Collect$$$$0000000F)
    .ARM.Collect$$$$00002712                 0x000200d0   Section        4  entry2.o(.ARM.Collect$$$$00002712)
    __lit__00000000                          0x000200d0   Data           4  entry2.o(.ARM.Collect$$$$00002712)
    .emb_text                                0x000200d4   Section       30  app_timer.o(.emb_text)
    .emb_text                                0x000200f4   Section       30  dtm_rf_test.o(.emb_text)
    .text                                    0x00020114   Section       44  arm_startup_nrf51422_s310.o(.text)
    .text                                    0x00020140   Section        0  system_nrf51.o(.text)
    is_disabled_in_debug_needed              0x00020149   Thumb Code    48  system_nrf51.o(.text)
    is_manual_peripheral_setup_needed        0x00020179   Thumb Code    94  system_nrf51.o(.text)
    .text                                    0x00020218   Section        0  main.o(.text)
    nrf_gpio_cfg_sense_input                 0x00020219   Thumb Code    24  main.o(.text)
    application_timers_start                 0x00020243   Thumb Code   118  main.o(.text)
    advertising_start                        0x000202b9   Thumb Code    32  main.o(.text)
    storage_access_complete_handler          0x000202d9   Thumb Code    48  main.o(.text)
    battery_level_meas_timeout_handler       0x00020309   Thumb Code    10  main.o(.text)
    csc_meas_timeout_handler                 0x00020313   Thumb Code    10  main.o(.text)
    sleep_count_timeout_handler              0x0002031d   Thumb Code    34  main.o(.text)
    timers_init                              0x0002033f   Thumb Code   156  main.o(.text)
    gap_params_init                          0x000203db   Thumb Code   184  main.o(.text)
    advertising_init                         0x00020493   Thumb Code   112  main.o(.text)
    services_init                            0x00020503   Thumb Code   132  main.o(.text)
    on_conn_params_evt                       0x00020587   Thumb Code    52  main.o(.text)
    conn_params_error_handler                0x000205bb   Thumb Code    16  main.o(.text)
    sensor_sim_init                          0x000205cb   Thumb Code     2  main.o(.text)
    conn_params_init                         0x000205cd   Thumb Code   196  main.o(.text)
    on_ant_evt_channel_closed                0x00020691   Thumb Code     8  main.o(.text)
    on_ant_evt                               0x00020699   Thumb Code    44  main.o(.text)
    on_ble_evt                               0x000206c5   Thumb Code   102  main.o(.text)
    ble_evt_dispatch                         0x0002072b   Thumb Code    54  main.o(.text)
    button_start                             0x00020761   Thumb Code    34  main.o(.text)
    button_event_handler                     0x00020783   Thumb Code   140  main.o(.text)
    buttons_init                             0x0002080f   Thumb Code   104  main.o(.text)
    ble_ant_stack_init                       0x00020877   Thumb Code   110  main.o(.text)
    power_manage                             0x000208e5   Thumb Code    32  main.o(.text)
    NVIC_SystemReset                         0x00020955   Thumb Code    18  main.o(.text)
    nrf_gpio_cfg_output                      0x00020967   Thumb Code    18  main.o(.text)
    nrf_gpio_pin_toggle                      0x00020979   Thumb Code    16  main.o(.text)
    .text                                    0x000209cc   Section        0  ble_dis.o(.text)
    sys_id_encode                            0x000209cd   Thumb Code   160  ble_dis.o(.text)
    pnp_id_encode                            0x00020a6d   Thumb Code   152  ble_dis.o(.text)
    char_add                                 0x00020b05   Thumb Code   232  ble_dis.o(.text)
    uint16_encode                            0x00020d6f   Thumb Code    18  ble_dis.o(.text)
    .text                                    0x00020de4   Section        0  ble_bas.o(.text)
    on_connect                               0x00020de5   Thumb Code     6  ble_bas.o(.text)
    on_disconnect                            0x00020deb   Thumb Code     8  ble_bas.o(.text)
    on_write                                 0x00020df3   Thumb Code    80  ble_bas.o(.text)
    battery_level_char_add                   0x00020e7d   Thumb Code   448  ble_bas.o(.text)
    .text                                    0x00021104   Section        0  ble_nus.o(.text)
    on_connect                               0x00021105   Thumb Code     6  ble_nus.o(.text)
    on_disconnect                            0x0002110b   Thumb Code     8  ble_nus.o(.text)
    on_write                                 0x00021113   Thumb Code    84  ble_nus.o(.text)
    rx_char_add                              0x00021167   Thumb Code   292  ble_nus.o(.text)
    tx_char_add                              0x0002128b   Thumb Code   222  ble_nus.o(.text)
    .text                                    0x0002148c   Section        0  ble_cscs.o(.text)
    on_connect                               0x0002148d   Thumb Code     6  ble_cscs.o(.text)
    on_disconnect                            0x00021493   Thumb Code     8  ble_cscs.o(.text)
    on_meas_cccd_write                       0x0002149b   Thumb Code    62  ble_cscs.o(.text)
    on_write                                 0x000214d9   Thumb Code    26  ble_cscs.o(.text)
    csc_measurement_encode                   0x00021537   Thumb Code   126  ble_cscs.o(.text)
    csc_measurement_char_add                 0x000215b5   Thumb Code   278  ble_cscs.o(.text)
    csc_feature_char_add                     0x000216cb   Thumb Code   198  ble_cscs.o(.text)
    csc_sensor_loc_char_add                  0x00021791   Thumb Code   204  ble_cscs.o(.text)
    uint16_encode                            0x00021965   Thumb Code    18  ble_cscs.o(.text)
    .text                                    0x00021984   Section        0  ble_sc_ctrlpt.o(.text)
    sc_ctrlpt_decode                         0x00021ac3   Thumb Code    88  ble_sc_ctrlpt.o(.text)
    ctrlpt_rsp_encode                        0x00021b1b   Thumb Code    78  ble_sc_ctrlpt.o(.text)
    is_location_supported                    0x00021b69   Thumb Code    40  ble_sc_ctrlpt.o(.text)
    is_cccd_configured                       0x00021b91   Thumb Code    66  ble_sc_ctrlpt.o(.text)
    sc_ctrlpt_resp_send                      0x00021bd3   Thumb Code   126  ble_sc_ctrlpt.o(.text)
    on_ctrlpt_write                          0x00021c51   Thumb Code   422  ble_sc_ctrlpt.o(.text)
    on_rw_authorize_request                  0x00021df7   Thumb Code    32  ble_sc_ctrlpt.o(.text)
    on_tx_complete                           0x00021e17   Thumb Code    26  ble_sc_ctrlpt.o(.text)
    on_connect                               0x00021e31   Thumb Code    10  ble_sc_ctrlpt.o(.text)
    on_disconnect                            0x00021e3b   Thumb Code    12  ble_sc_ctrlpt.o(.text)
    on_sc_hvc_confirm                        0x00021e47   Thumb Code    20  ble_sc_ctrlpt.o(.text)
    .text                                    0x00021f10   Section        0  ble_advdata.o(.text)
    name_encode                              0x00021f11   Thumb Code   150  ble_advdata.o(.text)
    appearance_encode                        0x00021fa7   Thumb Code    74  ble_advdata.o(.text)
    uint8_array_encode                       0x00021ff1   Thumb Code    82  ble_advdata.o(.text)
    tx_power_level_encode                    0x00022043   Thumb Code    48  ble_advdata.o(.text)
    uuid_list_sized_encode                   0x00022073   Thumb Code   196  ble_advdata.o(.text)
    uuid_list_encode                         0x00022137   Thumb Code    64  ble_advdata.o(.text)
    conn_int_check                           0x00022177   Thumb Code    88  ble_advdata.o(.text)
    conn_int_encode                          0x000221cf   Thumb Code    92  ble_advdata.o(.text)
    manuf_specific_data_encode               0x0002222b   Thumb Code   106  ble_advdata.o(.text)
    service_data_encode                      0x00022295   Thumb Code   140  ble_advdata.o(.text)
    adv_data_encode                          0x00022321   Thumb Code   304  ble_advdata.o(.text)
    advdata_check                            0x00022451   Thumb Code    32  ble_advdata.o(.text)
    srdata_check                             0x00022471   Thumb Code    16  ble_advdata.o(.text)
    uint16_encode                            0x000224fb   Thumb Code    18  ble_advdata.o(.text)
    .text                                    0x00022510   Section        0  ble_srv_common.o(.text)
    .text                                    0x00022598   Section        0  app_timer.o(.text)
    NVIC_SetPriority                         0x00022599   Thumb Code   110  app_timer.o(.text)
    rtc1_init                                0x00022607   Thumb Code    18  app_timer.o(.text)
    rtc1_start                               0x00022619   Thumb Code    42  app_timer.o(.text)
    rtc1_stop                                0x00022643   Thumb Code    44  app_timer.o(.text)
    timer_list_insert                        0x0002266f   Thumb Code   206  app_timer.o(.text)
    timer_list_remove                        0x0002273d   Thumb Code   150  app_timer.o(.text)
    timer_timeouts_check_sched               0x000227d3   Thumb Code    10  app_timer.o(.text)
    timer_list_handler_sched                 0x000227dd   Thumb Code    10  app_timer.o(.text)
    timeout_handler_exec                     0x000227e7   Thumb Code    60  app_timer.o(.text)
    timer_timeouts_check                     0x00022823   Thumb Code   128  app_timer.o(.text)
    elapsed_ticks_acquire                    0x000228a3   Thumb Code    82  app_timer.o(.text)
    list_deletions_handler                   0x000228f5   Thumb Code   280  app_timer.o(.text)
    expired_timers_handler                   0x00022a0d   Thumb Code    98  app_timer.o(.text)
    list_insertions_handler                  0x00022a6f   Thumb Code   260  app_timer.o(.text)
    compare_reg_update                       0x00022b73   Thumb Code   124  app_timer.o(.text)
    timer_list_handler                       0x00022bef   Thumb Code    70  app_timer.o(.text)
    user_op_enque                            0x00022c35   Thumb Code     4  app_timer.o(.text)
    user_op_alloc                            0x00022c39   Thumb Code    44  app_timer.o(.text)
    timer_start_op_schedule                  0x00022c65   Thumb Code    80  app_timer.o(.text)
    timer_stop_op_schedule                   0x00022cb5   Thumb Code    58  app_timer.o(.text)
    timer_stop_all_op_schedule               0x00022cef   Thumb Code    58  app_timer.o(.text)
    user_id_get                              0x00022ebd   Thumb Code    34  app_timer.o(.text)
    NVIC_EnableIRQ                           0x00022fbb   Thumb Code    14  app_timer.o(.text)
    NVIC_SetPendingIRQ                       0x00022fc9   Thumb Code    14  app_timer.o(.text)
    NVIC_ClearPendingIRQ                     0x00022fd7   Thumb Code    16  app_timer.o(.text)
    current_int_priority_get                 0x00022fe7   Thumb Code    84  app_timer.o(.text)
    rtc1_counter_get                         0x0002303b   Thumb Code     6  app_timer.o(.text)
    ticks_diff_get                           0x00023041   Thumb Code    10  app_timer.o(.text)
    .text                                    0x00023068   Section        0  ble_conn_params.o(.text)
    is_conn_params_ok                        0x00023069   Thumb Code    30  ble_conn_params.o(.text)
    update_timeout_handler                   0x00023087   Thumb Code   136  ble_conn_params.o(.text)
    conn_params_negotiation                  0x00023175   Thumb Code   126  ble_conn_params.o(.text)
    on_connect                               0x000231f3   Thumb Code    42  ble_conn_params.o(.text)
    on_disconnect                            0x0002321d   Thumb Code    50  ble_conn_params.o(.text)
    on_write                                 0x0002324f   Thumb Code    84  ble_conn_params.o(.text)
    on_conn_params_update                    0x000232a3   Thumb Code    20  ble_conn_params.o(.text)
    .text                                    0x00023370   Section        0  softdevice_handler.o(.text)
    .text                                    0x000235a4   Section        0  app_button.o(.text)
    button_handler_execute                   0x000235a5   Thumb Code    82  app_button.o(.text)
    detection_delay_timeout_handler          0x000235f7   Thumb Code   142  app_button.o(.text)
    gpiote_event_handler                     0x00023685   Thumb Code    52  app_button.o(.text)
    .text                                    0x00023840   Section        0  app_gpiote.o(.text)
    sense_level_toggle                       0x00023841   Thumb Code   124  app_gpiote.o(.text)
    pins_sense_disable                       0x00023927   Thumb Code    96  app_gpiote.o(.text)
    NVIC_SetPriority                         0x00023bd7   Thumb Code   110  app_gpiote.o(.text)
    .text                                    0x00023c6c   Section        0  ble_radio_notification.o(.text)
    .text                                    0x00023cd8   Section        0  ble_flash.o(.text)
    flash_page_erase                         0x00023d19   Thumb Code    48  ble_flash.o(.text)
    flash_word_unprotected_write             0x00023d49   Thumb Code    46  ble_flash.o(.text)
    flash_word_write                         0x00023d77   Thumb Code    64  ble_flash.o(.text)
    .text                                    0x00023f28   Section        0  ble_dtm.o(.text)
    check_pdu                                0x00023f29   Thumb Code    94  ble_dtm.o(.text)
    radio_reset                              0x00023f87   Thumb Code    50  ble_dtm.o(.text)
    radio_init                               0x00023fb9   Thumb Code   198  ble_dtm.o(.text)
    radio_prepare                            0x0002407f   Thumb Code    76  ble_dtm.o(.text)
    dtm_test_done                            0x000240cb   Thumb Code    42  ble_dtm.o(.text)
    timer_init                               0x000240f5   Thumb Code   180  ble_dtm.o(.text)
    dtm_vendor_specific_pkt                  0x00024227   Thumb Code    96  ble_dtm.o(.text)
    NVIC_ClearPendingIRQ                     0x00024551   Thumb Code    14  ble_dtm.o(.text)
    .text                                    0x000245a0   Section        0  ant_csc_tx.o(.text)
    .text                                    0x00024708   Section        0  battery.o(.text)
    battery_level_in_percent                 0x000248b3   Thumb Code   148  battery.o(.text)
    .text                                    0x00024984   Section        0  csc_services.o(.text)
    .text                                    0x00024b14   Section        0  nus_service.o(.text)
    F_dfu_test                               0x00024b15   Thumb Code    46  nus_service.o(.text)
    .text                                    0x00024bb0   Section        0  dtm_rf_test.o(.text)
    dtm_cmd_put                              0x00024bb1   Thumb Code    42  dtm_rf_test.o(.text)
    .text                                    0x00024c38   Section        0  uidiv.o(.text)
    .text                                    0x00024c64   Section        0  idiv.o(.text)
    .text                                    0x00024c8c   Section        0  memcpya.o(.text)
    .text                                    0x00024cb0   Section        0  memseta.o(.text)
    .text                                    0x00024cd4   Section        0  strlen.o(.text)
    .text                                    0x00024ce2   Section        0  memcmp.o(.text)
    .text                                    0x00024cfc   Section        0  dmul.o(.text)
    .text                                    0x00024dcc   Section        0  dfltui.o(.text)
    .text                                    0x00024de8   Section        0  dfixui.o(.text)
    .text                                    0x00024e24   Section        0  llushr.o(.text)
    .text                                    0x00024e46   Section        0  iusefp.o(.text)
    .text                                    0x00024e46   Section        0  depilogue.o(.text)
    .text                                    0x00024f08   Section       36  init.o(.text)
    .text                                    0x00024f2c   Section        0  llshl.o(.text)
    .text                                    0x00024f4c   Section        0  __dczerorl2.o(.text)
    i.__ARM_clz                              0x00024fa2   Section        0  depilogue.o(i.__ARM_clz)
    i.__scatterload_copy                     0x00024fd0   Section       14  handlers.o(i.__scatterload_copy)
    i.__scatterload_null                     0x00024fde   Section        2  handlers.o(i.__scatterload_null)
    i.__scatterload_zeroinit                 0x00024fe0   Section       14  handlers.o(i.__scatterload_zeroinit)
    .constdata                               0x00024ff0   Section       20  main.o(.constdata)
    m_network_key                            0x00024ff0   Data           8  main.o(.constdata)
    .constdata                               0x00025004   Section       16  ble_nus.o(.constdata)
    .constdata                               0x00025014   Section       37  ble_dtm.o(.constdata)
    m_prbs_content                           0x00025014   Data          37  ble_dtm.o(.constdata)
    .ARM.__AT_0x0002B004                     0x0002b004   Section        4  nus_service.o(.ARM.__AT_0x0002B004)
    .ARM.__AT_0x10001004                     0x10001004   Section        4  main.o(.ARM.__AT_0x10001004)
    __tagsym$$used                           0x10001004   Number         0  main.o(.ARM.__AT_0x10001004)
    .ARM.__AT_0x10001008                     0x10001008   Section        4  main.o(.ARM.__AT_0x10001008)
    __tagsym$$used                           0x10001008   Number         0  main.o(.ARM.__AT_0x10001008)
    .ARM.__AT_0x10001080                     0x10001080   Section        4  main.o(.ARM.__AT_0x10001080)
    __tagsym$$used                           0x10001080   Number         0  main.o(.ARM.__AT_0x10001080)
    .data                                    0x20002400   Section        4  system_nrf51.o(.data)
    __tagsym$$used                           0x20002400   Number         0  system_nrf51.o(.data)
    .data                                    0x20002404   Section       46  main.o(.data)
    m_conn_handle                            0x20002404   Data           2  main.o(.data)
    buttons                                  0x20002408   Data          24  main.o(.data)
    m_battery_timer_id                       0x20002420   Data           4  main.o(.data)
    m_csc_meas_timer_id                      0x20002424   Data           4  main.o(.data)
    m_sleep_timer_id                         0x20002428   Data           4  main.o(.data)
    R_AntNum                                 0x2000242c   Data           4  main.o(.data)
    R_BicycleNoUseCount                      0x20002430   Data           2  main.o(.data)
    .data                                    0x20002432   Section       74  ble_dis.o(.data)
    service_handle                           0x20002432   Data           2  ble_dis.o(.data)
    manufact_name_handles                    0x20002434   Data           8  ble_dis.o(.data)
    model_num_handles                        0x2000243c   Data           8  ble_dis.o(.data)
    serial_num_handles                       0x20002444   Data           8  ble_dis.o(.data)
    hw_rev_handles                           0x2000244c   Data           8  ble_dis.o(.data)
    fw_rev_handles                           0x20002454   Data           8  ble_dis.o(.data)
    sw_rev_handles                           0x2000245c   Data           8  ble_dis.o(.data)
    sys_id_handles                           0x20002464   Data           8  ble_dis.o(.data)
    reg_cert_data_list_handles               0x2000246c   Data           8  ble_dis.o(.data)
    pnp_id_handles                           0x20002474   Data           8  ble_dis.o(.data)
    .data                                    0x2000247c   Section       36  app_timer.o(.data)
    mp_nodes                                 0x2000247c   Data           4  app_timer.o(.data)
    m_node_array_size                        0x20002480   Data           1  app_timer.o(.data)
    m_user_array_size                        0x20002481   Data           1  app_timer.o(.data)
    mp_users                                 0x20002484   Data           4  app_timer.o(.data)
    m_timer_id_head                          0x20002488   Data           4  app_timer.o(.data)
    m_ticks_latest                           0x2000248c   Data           4  app_timer.o(.data)
    m_ticks_elapsed                          0x20002490   Data           8  app_timer.o(.data)
    m_ticks_elapsed_q_read_ind               0x20002498   Data           1  app_timer.o(.data)
    m_ticks_elapsed_q_write_ind              0x20002499   Data           1  app_timer.o(.data)
    m_evt_schedule_func                      0x2000249c   Data           4  app_timer.o(.data)
    .data                                    0x200024a0   Section       28  ble_conn_params.o(.data)
    m_change_param                           0x200024a0   Data           1  ble_conn_params.o(.data)
    m_preferred_conn_params                  0x200024a2   Data           8  ble_conn_params.o(.data)
    m_update_count                           0x200024aa   Data           1  ble_conn_params.o(.data)
    m_conn_handle                            0x200024ac   Data           2  ble_conn_params.o(.data)
    m_current_conn_params                    0x200024ae   Data           8  ble_conn_params.o(.data)
    m_conn_params_timer_id                   0x200024b8   Data           4  ble_conn_params.o(.data)
    .data                                    0x200024bc   Section       28  softdevice_handler.o(.data)
    m_softdevice_enabled                     0x200024bc   Data           1  softdevice_handler.o(.data)
    m_evt_schedule_func                      0x200024c0   Data           4  softdevice_handler.o(.data)
    m_evt_buffer                             0x200024c4   Data           4  softdevice_handler.o(.data)
    m_ble_evt_buffer_size                    0x200024c8   Data           2  softdevice_handler.o(.data)
    m_ble_evt_handler                        0x200024cc   Data           4  softdevice_handler.o(.data)
    m_ant_evt_handler                        0x200024d0   Data           4  softdevice_handler.o(.data)
    m_sys_evt_handler                        0x200024d4   Data           4  softdevice_handler.o(.data)
    .data                                    0x200024d8   Section       32  app_button.o(.data)
    mp_buttons                               0x200024d8   Data           4  app_button.o(.data)
    m_button_count                           0x200024dc   Data           1  app_button.o(.data)
    m_detection_delay                        0x200024e0   Data           4  app_button.o(.data)
    m_evt_schedule_func                      0x200024e4   Data           4  app_button.o(.data)
    m_gpiote_user_id                         0x200024e8   Data           1  app_button.o(.data)
    m_detection_delay_timer_id               0x200024ec   Data           4  app_button.o(.data)
    m_pin_transition                         0x200024f0   Data           8  app_button.o(.data)
    .data                                    0x200024f8   Section       10  app_gpiote.o(.data)
    mp_users                                 0x200024f8   Data           4  app_gpiote.o(.data)
    m_enabled_users_mask                     0x200024fc   Data           4  app_gpiote.o(.data)
    m_user_array_size                        0x20002500   Data           1  app_gpiote.o(.data)
    m_user_count                             0x20002501   Data           1  app_gpiote.o(.data)
    .data                                    0x20002504   Section        8  ble_radio_notification.o(.data)
    m_radio_active                           0x20002504   Data           1  ble_radio_notification.o(.data)
    m_evt_handler                            0x20002508   Data           4  ble_radio_notification.o(.data)
    .data                                    0x2000250c   Section        1  ble_flash.o(.data)
    m_radio_active                           0x2000250c   Data           1  ble_flash.o(.data)
    .data                                    0x20002510   Section       80  ble_dtm.o(.data)
    m_state                                  0x20002510   Data           4  ble_dtm.o(.data)
    m_current_time                           0x20002514   Data           4  ble_dtm.o(.data)
    m_tx_power                               0x20002518   Data           4  ble_dtm.o(.data)
    mp_timer                                 0x2000251c   Data           4  ble_dtm.o(.data)
    m_timer_irq                              0x20002520   Data           4  ble_dtm.o(.data)
    m_packetHeaderLFlen                      0x20002524   Data           1  ble_dtm.o(.data)
    m_packetHeaderS0len                      0x20002525   Data           1  ble_dtm.o(.data)
    m_packetHeaderS1len                      0x20002526   Data           1  ble_dtm.o(.data)
    m_crcConfSkipAddr                        0x20002527   Data           1  ble_dtm.o(.data)
    m_static_length                          0x20002528   Data           1  ble_dtm.o(.data)
    m_balen                                  0x2000252c   Data           4  ble_dtm.o(.data)
    m_endian                                 0x20002530   Data           4  ble_dtm.o(.data)
    m_whitening                              0x20002534   Data           4  ble_dtm.o(.data)
    m_crcLength                              0x20002538   Data           1  ble_dtm.o(.data)
    m_address                                0x2000253c   Data           4  ble_dtm.o(.data)
    m_crc_poly                               0x20002540   Data           4  ble_dtm.o(.data)
    m_crc_init                               0x20002544   Data           4  ble_dtm.o(.data)
    m_radio_mode                             0x20002548   Data           1  ble_dtm.o(.data)
    m_txIntervaluS                           0x2000254c   Data           4  ble_dtm.o(.data)
    m_rx_pkt_count                           0x20002550   Data           2  ble_dtm.o(.data)
    m_event                                  0x20002552   Data           2  ble_dtm.o(.data)
    m_new_event                              0x20002554   Data           1  ble_dtm.o(.data)
    m_packet_length                          0x20002555   Data           1  ble_dtm.o(.data)
    m_packet_type                            0x20002558   Data           4  ble_dtm.o(.data)
    m_phys_ch                                0x2000255c   Data           4  ble_dtm.o(.data)
    .data                                    0x20002560   Section       16  ant_csc_tx.o(.data)
    m_tx_buffer                              0x20002560   Data           8  ant_csc_tx.o(.data)
    antCscData                               0x20002568   Data           8  ant_csc_tx.o(.data)
    .data                                    0x20002570   Section       40  csc_services.o(.data)
    supported_locations                      0x20002570   Data          40  csc_services.o(.data)
    .bss                                     0x20002598   Section      776  main.o(.bss)
    APP_TIMER_BUF                            0x20002598   Data         656  main.o(.bss)
    app_gpiote_buf                           0x20002828   Data          20  main.o(.bss)
    EVT_BUFFER                               0x2000283c   Data          80  main.o(.bss)
    m_adv_params                             0x2000288c   Data          20  main.o(.bss)
    .bss                                     0x200028a0   Section       28  ble_conn_params.o(.bss)
    m_conn_params_config                     0x200028a0   Data          28  ble_conn_params.o(.bss)
    .bss                                     0x200028bc   Section       39  ble_dtm.o(.bss)
    m_pdu                                    0x200028bc   Data          39  ble_dtm.o(.bss)
    .bss                                     0x200028e4   Section       24  battery.o(.bss)
    m_bas                                    0x200028e4   Data          24  battery.o(.bss)
    .bss                                     0x200028fc   Section      168  csc_services.o(.bss)
    m_cscs                                   0x200028fc   Data         152  csc_services.o(.bss)
    cscs_meas                                0x20002994   Data          16  csc_services.o(.bss)
    .bss                                     0x200029a4   Section       28  nus_service.o(.bss)
    m_nus                                    0x200029a4   Data          28  nus_service.o(.bss)
    STACK                                    0x200029c0   Section     2560  arm_startup_nrf51422_s310.o(STACK)

    Global Symbols

    Symbol Name                              Value     Ov Type        Size  Object(Section)

    BuildAttributes$$THM_ISAv3M$S$PE$A:L22$X:L11$S22$IEEE1$IW$USESV6$~STKCKD$USESV7$ENUMINT$~SHL$OSPACE$ROPI$EBA8$MICROLIB$REQ8$PRES8$EABIv2 0x00000000   Number         0  anon$$obj.o ABSOLUTE
    __ARM_use_no_argv                        0x00000000   Number         0  main.o ABSOLUTE
    __cpp_initialize__aeabi_                  - Undefined Weak Reference
    __cxa_finalize                            - Undefined Weak Reference
    _clock_init                               - Undefined Weak Reference
    _microlib_exit                            - Undefined Weak Reference
    __Vectors_Size                           0x000000c0   Number         0  arm_startup_nrf51422_s310.o ABSOLUTE
    __Vectors                                0x00020000   Data           4  arm_startup_nrf51422_s310.o(RESET)
    __Vectors_End                            0x000200c0   Data           0  arm_startup_nrf51422_s310.o(RESET)
    __main                                   0x000200c1   Thumb Code     0  entry.o(.ARM.Collect$$$$00000000)
    _main_stk                                0x000200c1   Thumb Code     0  entry2.o(.ARM.Collect$$$$00000001)
    _main_scatterload                        0x000200c5   Thumb Code     0  entry5.o(.ARM.Collect$$$$00000004)
    __main_after_scatterload                 0x000200c9   Thumb Code     0  entry5.o(.ARM.Collect$$$$00000004)
    _main_clock                              0x000200c9   Thumb Code     0  entry7b.o(.ARM.Collect$$$$00000008)
    _main_cpp_init                           0x000200c9   Thumb Code     0  entry8b.o(.ARM.Collect$$$$0000000A)
    _main_init                               0x000200c9   Thumb Code     0  entry9a.o(.ARM.Collect$$$$0000000B)
    __rt_final_cpp                           0x000200d1   Thumb Code     0  entry10a.o(.ARM.Collect$$$$0000000D)
    __rt_final_exit                          0x000200d1   Thumb Code     0  entry11a.o(.ARM.Collect$$$$0000000F)
    __asm___11_app_timer_c_cd27f9c3__nrf_delay_us 0x000200d5   Thumb Code    30  app_timer.o(.emb_text)
    __asm___13_dtm_rf_test_c_test_rf__nrf_delay_us 0x000200f5   Thumb Code    30  dtm_rf_test.o(.emb_text)
    Reset_Handler                            0x00020115   Thumb Code    18  arm_startup_nrf51422_s310.o(.text)
    NMI_Handler                              0x00020127   Thumb Code     2  arm_startup_nrf51422_s310.o(.text)
    HardFault_Handler                        0x00020129   Thumb Code     2  arm_startup_nrf51422_s310.o(.text)
    SVC_Handler                              0x0002012b   Thumb Code     2  arm_startup_nrf51422_s310.o(.text)
    PendSV_Handler                           0x0002012d   Thumb Code     2  arm_startup_nrf51422_s310.o(.text)
    SysTick_Handler                          0x0002012f   Thumb Code     2  arm_startup_nrf51422_s310.o(.text)
    CCM_AAR_IRQHandler                       0x00020131   Thumb Code     0  arm_startup_nrf51422_s310.o(.text)
    ECB_IRQHandler                           0x00020131   Thumb Code     0  arm_startup_nrf51422_s310.o(.text)
    LPCOMP_COMP_IRQHandler                   0x00020131   Thumb Code     0  arm_startup_nrf51422_s310.o(.text)
    POWER_CLOCK_IRQHandler                   0x00020131   Thumb Code     0  arm_startup_nrf51422_s310.o(.text)
    QDEC_IRQHandler                          0x00020131   Thumb Code     0  arm_startup_nrf51422_s310.o(.text)
    RADIO_IRQHandler                         0x00020131   Thumb Code     0  arm_startup_nrf51422_s310.o(.text)
    RNG_IRQHandler                           0x00020131   Thumb Code     0  arm_startup_nrf51422_s310.o(.text)
    RTC0_IRQHandler                          0x00020131   Thumb Code     0  arm_startup_nrf51422_s310.o(.text)
    SPI0_TWI0_IRQHandler                     0x00020131   Thumb Code     0  arm_startup_nrf51422_s310.o(.text)
    SPI1_TWI1_IRQHandler                     0x00020131   Thumb Code     0  arm_startup_nrf51422_s310.o(.text)
    SWI3_IRQHandler                          0x00020131   Thumb Code     0  arm_startup_nrf51422_s310.o(.text)
    SWI4_IRQHandler                          0x00020131   Thumb Code     0  arm_startup_nrf51422_s310.o(.text)
    SWI5_IRQHandler                          0x00020131   Thumb Code     0  arm_startup_nrf51422_s310.o(.text)
    TEMP_IRQHandler                          0x00020131   Thumb Code     0  arm_startup_nrf51422_s310.o(.text)
    TIMER0_IRQHandler                        0x00020131   Thumb Code     0  arm_startup_nrf51422_s310.o(.text)
    TIMER1_IRQHandler                        0x00020131   Thumb Code     0  arm_startup_nrf51422_s310.o(.text)
    TIMER2_IRQHandler                        0x00020131   Thumb Code     0  arm_startup_nrf51422_s310.o(.text)
    UART0_IRQHandler                         0x00020131   Thumb Code     0  arm_startup_nrf51422_s310.o(.text)
    WDT_IRQHandler                           0x00020131   Thumb Code     0  arm_startup_nrf51422_s310.o(.text)
    SystemCoreClockUpdate                    0x00020141   Thumb Code     8  system_nrf51.o(.text)
    SystemInit                               0x000201d7   Thumb Code    38  system_nrf51.o(.text)
    app_error_handler                        0x00020231   Thumb Code     4  main.o(.text)
    assert_nrf_callback                      0x00020235   Thumb Code    14  main.o(.text)
    main                                     0x00020905   Thumb Code    80  main.o(.text)
    ble_dis_init                             0x00020bed   Thumb Code   386  ble_dis.o(.text)
    ble_bas_on_ble_evt                       0x00020e43   Thumb Code    58  ble_bas.o(.text)
    ble_bas_init                             0x0002103d   Thumb Code    66  ble_bas.o(.text)
    ble_bas_battery_level_update             0x0002107f   Thumb Code   118  ble_bas.o(.text)
    ble_nus_on_ble_evt                       0x00021369   Thumb Code    70  ble_nus.o(.text)
    ble_nus_init                             0x000213af   Thumb Code   128  ble_nus.o(.text)
    ble_nus_send_string                      0x0002142f   Thumb Code    84  ble_nus.o(.text)
    ble_cscs_on_ble_evt                      0x000214f3   Thumb Code    68  ble_cscs.o(.text)
    ble_cscs_init                            0x0002185d   Thumb Code   170  ble_cscs.o(.text)
    ble_cscs_measurement_send                0x00021907   Thumb Code    94  ble_cscs.o(.text)
    ble_sc_ctrlpt_init                       0x00021985   Thumb Code   318  ble_sc_ctrlpt.o(.text)
    ble_sc_ctrlpt_on_ble_evt                 0x00021e5b   Thumb Code    88  ble_sc_ctrlpt.o(.text)
    ble_sc_ctrlpt_rsp_send                   0x00021eb3   Thumb Code    92  ble_sc_ctrlpt.o(.text)
    ble_advdata_set                          0x00022481   Thumb Code   122  ble_advdata.o(.text)
    ble_srv_report_ref_encode                0x00022511   Thumb Code    60  ble_srv_common.o(.text)
    ble_srv_ascii_to_utf8                    0x0002254d   Thumb Code    18  ble_srv_common.o(.text)
    RTC1_IRQHandler                          0x00022d29   Thumb Code    34  app_timer.o(.text)
    SWI0_IRQHandler                          0x00022d4b   Thumb Code     8  app_timer.o(.text)
    app_timer_init                           0x00022d53   Thumb Code   254  app_timer.o(.text)
    app_timer_create                         0x00022e51   Thumb Code   108  app_timer.o(.text)
    app_timer_start                          0x00022edf   Thumb Code    98  app_timer.o(.text)
    app_timer_stop                           0x00022f41   Thumb Code    60  app_timer.o(.text)
    app_timer_stop_all                       0x00022f7d   Thumb Code    26  app_timer.o(.text)
    app_timer_cnt_get                        0x00022f97   Thumb Code    14  app_timer.o(.text)
    app_timer_cnt_diff_compute               0x00022fa5   Thumb Code    22  app_timer.o(.text)
    ble_conn_params_init                     0x0002310f   Thumb Code    90  ble_conn_params.o(.text)
    ble_conn_params_stop                     0x00023169   Thumb Code    12  ble_conn_params.o(.text)
    ble_conn_params_on_ble_evt               0x000232b7   Thumb Code    62  ble_conn_params.o(.text)
    ble_conn_params_change_conn_params       0x000232f5   Thumb Code    86  ble_conn_params.o(.text)
    softdevice_assertion_handler             0x00023371   Thumb Code    18  softdevice_handler.o(.text)
    intern_softdevice_events_execute         0x00023383   Thumb Code   244  softdevice_handler.o(.text)
    softdevice_handler_init                  0x00023477   Thumb Code    82  softdevice_handler.o(.text)
    softdevice_handler_sd_disable            0x000234c9   Thumb Code    24  softdevice_handler.o(.text)
    softdevice_ble_evt_handler_set           0x000234e1   Thumb Code    18  softdevice_handler.o(.text)
    softdevice_ant_evt_handler_set           0x000234f3   Thumb Code    18  softdevice_handler.o(.text)
    softdevice_sys_evt_handler_set           0x00023505   Thumb Code    18  softdevice_handler.o(.text)
    SWI2_IRQHandler                          0x00023517   Thumb Code    52  softdevice_handler.o(.text)
    app_button_init                          0x000236b9   Thumb Code   134  app_button.o(.text)
    app_button_enable                        0x0002373f   Thumb Code    24  app_button.o(.text)
    app_button_disable                       0x00023757   Thumb Code    42  app_button.o(.text)
    app_button_is_pushed                     0x00023781   Thumb Code   106  app_button.o(.text)
    GPIOTE_IRQHandler                        0x000238bd   Thumb Code   106  app_gpiote.o(.text)
    app_gpiote_init                          0x00023987   Thumb Code   114  app_gpiote.o(.text)
    app_gpiote_user_register                 0x000239f9   Thumb Code   138  app_gpiote.o(.text)
    app_gpiote_user_enable                   0x00023a83   Thumb Code   222  app_gpiote.o(.text)
    app_gpiote_user_disable                  0x00023b61   Thumb Code    66  app_gpiote.o(.text)
    app_gpiote_pins_state_get                0x00023ba3   Thumb Code    52  app_gpiote.o(.text)
    SWI1_IRQHandler                          0x00023c6d   Thumb Code    34  ble_radio_notification.o(.text)
    ble_radio_notification_init              0x00023c8f   Thumb Code    64  ble_radio_notification.o(.text)
    ble_flash_crc16_compute                  0x00023cd9   Thumb Code    64  ble_flash.o(.text)
    ble_flash_word_write                     0x00023db7   Thumb Code    18  ble_flash.o(.text)
    ble_flash_block_write                    0x00023dc9   Thumb Code    36  ble_flash.o(.text)
    ble_flash_page_erase                     0x00023ded   Thumb Code    26  ble_flash.o(.text)
    ble_flash_page_write                     0x00023e07   Thumb Code   120  ble_flash.o(.text)
    ble_flash_page_read                      0x00023e7f   Thumb Code   112  ble_flash.o(.text)
    ble_flash_page_addr                      0x00023eef   Thumb Code    18  ble_flash.o(.text)
    ble_flash_on_radio_active_evt            0x00023f01   Thumb Code     6  ble_flash.o(.text)
    F_flash_page_erase                       0x00023f07   Thumb Code    12  ble_flash.o(.text)
    dtm_set_timer                            0x000241a9   Thumb Code    76  ble_dtm.o(.text)
    dtm_set_txpower                          0x000241f5   Thumb Code    50  ble_dtm.o(.text)
    dtm_init                                 0x00024287   Thumb Code    50  ble_dtm.o(.text)
    dtm_wait                                 0x000242b9   Thumb Code   304  ble_dtm.o(.text)
    dtm_cmd                                  0x000243e9   Thumb Code   340  ble_dtm.o(.text)
    dtm_event_get                            0x0002453d   Thumb Code    20  ble_dtm.o(.text)
    ant_csc_channel_tx_broadcast_setup       0x000245a1   Thumb Code   172  ant_csc_tx.o(.text)
    ant_csc_tx_channel_close                 0x0002464d   Thumb Code    36  ant_csc_tx.o(.text)
    ant_csc_datamessage_transmit             0x00024671   Thumb Code    96  ant_csc_tx.o(.text)
    ant_sensor_wheel_data                    0x000246d1   Thumb Code    14  ant_csc_tx.o(.text)
    ant_sensor_crank_data                    0x000246df   Thumb Code    14  ant_csc_tx.o(.text)
    ADC_IRQHandler                           0x00024709   Thumb Code   104  battery.o(.text)
    battery_start                            0x00024771   Thumb Code   132  battery.o(.text)
    battery_services_init                    0x000247f5   Thumb Code   186  battery.o(.text)
    read_battery_services                    0x000248af   Thumb Code     4  battery.o(.text)
    sc_ctrlpt_event_handler                  0x00024985   Thumb Code    26  csc_services.o(.text)
    csc_services_init                        0x0002499f   Thumb Code   242  csc_services.o(.text)
    ble_sensor_wheel_data                    0x00024a91   Thumb Code    14  csc_services.o(.text)
    ble_sensor_crank_data                    0x00024a9f   Thumb Code    14  csc_services.o(.text)
    csc_up_data                              0x00024aad   Thumb Code    54  csc_services.o(.text)
    read_csc_services                        0x00024ae3   Thumb Code     4  csc_services.o(.text)
    nus_data_handler                         0x00024b43   Thumb Code    20  nus_service.o(.text)
    nus_services_init                        0x00024b57   Thumb Code    46  nus_service.o(.text)
    read_nus_services                        0x00024b85   Thumb Code     4  nus_service.o(.text)
    test_rf                                  0x00024bdb   Thumb Code    88  dtm_rf_test.o(.text)
    __aeabi_uidiv                            0x00024c39   Thumb Code     0  uidiv.o(.text)
    __aeabi_uidivmod                         0x00024c39   Thumb Code    44  uidiv.o(.text)
    __aeabi_idiv                             0x00024c65   Thumb Code     0  idiv.o(.text)
    __aeabi_idivmod                          0x00024c65   Thumb Code    40  idiv.o(.text)
    __aeabi_memcpy                           0x00024c8d   Thumb Code    36  memcpya.o(.text)
    __aeabi_memcpy4                          0x00024c8d   Thumb Code     0  memcpya.o(.text)
    __aeabi_memcpy8                          0x00024c8d   Thumb Code     0  memcpya.o(.text)
    __aeabi_memset                           0x00024cb1   Thumb Code    14  memseta.o(.text)
    __aeabi_memset4                          0x00024cb1   Thumb Code     0  memseta.o(.text)
    __aeabi_memset8                          0x00024cb1   Thumb Code     0  memseta.o(.text)
    __aeabi_memclr                           0x00024cbf   Thumb Code     4  memseta.o(.text)
    __aeabi_memclr4                          0x00024cbf   Thumb Code     0  memseta.o(.text)
    __aeabi_memclr8                          0x00024cbf   Thumb Code     0  memseta.o(.text)
    _memset$wrapper                          0x00024cc3   Thumb Code    18  memseta.o(.text)
    strlen                                   0x00024cd5   Thumb Code    14  strlen.o(.text)
    memcmp                                   0x00024ce3   Thumb Code    26  memcmp.o(.text)
    __aeabi_dmul                             0x00024cfd   Thumb Code   202  dmul.o(.text)
    __aeabi_ui2d                             0x00024dcd   Thumb Code    24  dfltui.o(.text)
    __aeabi_d2uiz                            0x00024de9   Thumb Code    50  dfixui.o(.text)
    __aeabi_llsr                             0x00024e25   Thumb Code    34  llushr.o(.text)
    _ll_ushift_r                             0x00024e25   Thumb Code     0  llushr.o(.text)
    __I$use$fp                               0x00024e47   Thumb Code     0  iusefp.o(.text)
    _double_round                            0x00024e47   Thumb Code    26  depilogue.o(.text)
    _double_epilogue                         0x00024e61   Thumb Code   166  depilogue.o(.text)
    __scatterload                            0x00024f09   Thumb Code    28  init.o(.text)
    __scatterload_rt2                        0x00024f09   Thumb Code     0  init.o(.text)
    __aeabi_llsl                             0x00024f2d   Thumb Code    32  llshl.o(.text)
    _ll_shift_l                              0x00024f2d   Thumb Code     0  llshl.o(.text)
    __decompress                             0x00024f4d   Thumb Code     0  __dczerorl2.o(.text)
    __decompress1                            0x00024f4d   Thumb Code    86  __dczerorl2.o(.text)
    __ARM_clz                                0x00024fa3   Thumb Code    46  depilogue.o(i.__ARM_clz)
    __scatterload_copy                       0x00024fd1   Thumb Code    14  handlers.o(i.__scatterload_copy)
    __scatterload_null                       0x00024fdf   Thumb Code     2  handlers.o(i.__scatterload_null)
    __scatterload_zeroinit                   0x00024fe1   Thumb Code    14  handlers.o(i.__scatterload_zeroinit)
    Region$$Table$$Base                      0x0002503c   Number         0  anon$$obj.o(Region$$Table)
    Region$$Table$$Limit                     0x0002505c   Number         0  anon$$obj.o(Region$$Table)
    BluetoothDFU                             0x0002b004   Data           4  nus_service.o(.ARM.__AT_0x0002B004)
    UICR_RBPCONF                             0x10001004   Data           4  main.o(.ARM.__AT_0x10001004)
    UICR_XTALFREQ                            0x10001008   Data           4  main.o(.ARM.__AT_0x10001008)
    UICR_ADDR_0x80                           0x10001080   Data           4  main.o(.ARM.__AT_0x10001080)
    SystemCoreClock                          0x20002400   Data           4  system_nrf51.o(.data)
    __initial_sp                             0x200033c0   Data           0  arm_startup_nrf51422_s310.o(STACK)



==============================================================================

Memory Map of the image

  Image Entry point : 0x000200c1

  Load Region LR_IROM1 (Base: 0x00020000, Size: 0x000051f4, Max: 0x0000b000, ABSOLUTE, COMPRESSED[0x000050a4])

    Execution Region ER_IROM1 (Base: 0x00020000, Size: 0x0000505c, Max: 0x0000b000, ABSOLUTE)

    Base Addr    Size         Type   Attr      Idx    E Section Name        Object

    0x00020000   0x000000c0   Data   RO            3    RESET               arm_startup_nrf51422_s310.o
    0x000200c0   0x00000000   Code   RO         1196  * .ARM.Collect$$$$00000000  mc_p.l(entry.o)
    0x000200c0   0x00000004   Code   RO         1221    .ARM.Collect$$$$00000001  mc_p.l(entry2.o)
    0x000200c4   0x00000004   Code   RO         1224    .ARM.Collect$$$$00000004  mc_p.l(entry5.o)
    0x000200c8   0x00000000   Code   RO         1226    .ARM.Collect$$$$00000008  mc_p.l(entry7b.o)
    0x000200c8   0x00000000   Code   RO         1228    .ARM.Collect$$$$0000000A  mc_p.l(entry8b.o)
    0x000200c8   0x00000008   Code   RO         1229    .ARM.Collect$$$$0000000B  mc_p.l(entry9a.o)
    0x000200d0   0x00000000   Code   RO         1231    .ARM.Collect$$$$0000000D  mc_p.l(entry10a.o)
    0x000200d0   0x00000000   Code   RO         1233    .ARM.Collect$$$$0000000F  mc_p.l(entry11a.o)
    0x000200d0   0x00000004   Code   RO         1222    .ARM.Collect$$$$00002712  mc_p.l(entry2.o)
    0x000200d4   0x0000001e   Code   RO          607    .emb_text           app_timer.o
    0x000200f2   0x00000002   PAD
    0x000200f4   0x0000001e   Code   RO         1168    .emb_text           dtm_rf_test.o
    0x00020112   0x00000002   PAD
    0x00020114   0x0000002c   Code   RO            4    .text               arm_startup_nrf51422_s310.o
    0x00020140   0x000000d8   Code   RO           12    .text               system_nrf51.o
    0x00020218   0x000007b4   Code   RO          135    .text               main.o
    0x000209cc   0x00000418   Code   RO          330    .text               ble_dis.o
    0x00020de4   0x00000320   Code   RO          394    .text               ble_bas.o
    0x00021104   0x00000388   Code   RO          441    .text               ble_nus.o
    0x0002148c   0x000004f8   Code   RO          465    .text               ble_cscs.o
    0x00021984   0x0000058a   Code   RO          497    .text               ble_sc_ctrlpt.o
    0x00021f0e   0x00000002   PAD
    0x00021f10   0x00000600   Code   RO          558    .text               ble_advdata.o
    0x00022510   0x00000088   Code   RO          584    .text               ble_srv_common.o
    0x00022598   0x00000ad0   Code   RO          608    .text               app_timer.o
    0x00023068   0x00000308   Code   RO          657    .text               ble_conn_params.o
    0x00023370   0x00000234   Code   RO          806    .text               softdevice_handler.o
    0x000235a4   0x0000029c   Code   RO          884    .text               app_button.o
    0x00023840   0x0000042c   Code   RO          918    .text               app_gpiote.o
    0x00023c6c   0x0000006c   Code   RO          949    .text               ble_radio_notification.o
    0x00023cd8   0x00000250   Code   RO          977    .text               ble_flash.o
    0x00023f28   0x00000678   Code   RO          999    .text               ble_dtm.o
    0x000245a0   0x00000168   Code   RO         1041    .text               ant_csc_tx.o
    0x00024708   0x0000027c   Code   RO         1063    .text               battery.o
    0x00024984   0x00000190   Code   RO         1103    .text               csc_services.o
    0x00024b14   0x0000009c   Code   RO         1138    .text               nus_service.o
    0x00024bb0   0x00000088   Code   RO         1169    .text               dtm_rf_test.o
    0x00024c38   0x0000002c   Code   RO         1199    .text               mc_p.l(uidiv.o)
    0x00024c64   0x00000028   Code   RO         1201    .text               mc_p.l(idiv.o)
    0x00024c8c   0x00000024   Code   RO         1203    .text               mc_p.l(memcpya.o)
    0x00024cb0   0x00000024   Code   RO         1205    .text               mc_p.l(memseta.o)
    0x00024cd4   0x0000000e   Code   RO         1209    .text               mc_p.l(strlen.o)
    0x00024ce2   0x0000001a   Code   RO         1211    .text               mc_p.l(memcmp.o)
    0x00024cfc   0x000000d0   Code   RO         1215    .text               mf_p.l(dmul.o)
    0x00024dcc   0x0000001c   Code   RO         1217    .text               mf_p.l(dfltui.o)
    0x00024de8   0x0000003c   Code   RO         1219    .text               mf_p.l(dfixui.o)
    0x00024e24   0x00000022   Code   RO         1235    .text               mc_p.l(llushr.o)
    0x00024e46   0x00000000   Code   RO         1237    .text               mc_p.l(iusefp.o)
    0x00024e46   0x000000c0   Code   RO         1238    .text               mf_p.l(depilogue.o)
    0x00024f06   0x00000002   PAD
    0x00024f08   0x00000024   Code   RO         1242    .text               mc_p.l(init.o)
    0x00024f2c   0x00000020   Code   RO         1244    .text               mc_p.l(llshl.o)
    0x00024f4c   0x00000056   Code   RO         1254    .text               mc_p.l(__dczerorl2.o)
    0x00024fa2   0x0000002e   Code   RO         1240    i.__ARM_clz         mf_p.l(depilogue.o)
    0x00024fd0   0x0000000e   Code   RO         1248    i.__scatterload_copy  mc_p.l(handlers.o)
    0x00024fde   0x00000002   Code   RO         1249    i.__scatterload_null  mc_p.l(handlers.o)
    0x00024fe0   0x0000000e   Code   RO         1250    i.__scatterload_zeroinit  mc_p.l(handlers.o)
    0x00024fee   0x00000002   PAD
    0x00024ff0   0x00000014   Data   RO          140    .constdata          main.o
    0x00025004   0x00000010   Data   RO          442    .constdata          ble_nus.o
    0x00025014   0x00000025   Data   RO         1001    .constdata          ble_dtm.o
    0x00025039   0x00000003   PAD
    0x0002503c   0x00000020   Data   RO         1246    Region$$Table       anon$$obj.o


    Execution Region RW_IRAM1 (Base: 0x20002400, Size: 0x00000fc0, Max: 0x00001c00, ABSOLUTE, COMPRESSED[0x00000048])

    Base Addr    Size         Type   Attr      Idx    E Section Name        Object

    0x20002400   0x00000004   Data   RW           13    .data               system_nrf51.o
    0x20002404   0x0000002e   Data   RW          141    .data               main.o
    0x20002432   0x0000004a   Data   RW          331    .data               ble_dis.o
    0x2000247c   0x00000024   Data   RW          609    .data               app_timer.o
    0x200024a0   0x0000001c   Data   RW          659    .data               ble_conn_params.o
    0x200024bc   0x0000001c   Data   RW          807    .data               softdevice_handler.o
    0x200024d8   0x00000020   Data   RW          885    .data               app_button.o
    0x200024f8   0x0000000a   Data   RW          919    .data               app_gpiote.o
    0x20002502   0x00000002   PAD
    0x20002504   0x00000008   Data   RW          950    .data               ble_radio_notification.o
    0x2000250c   0x00000001   Data   RW          978    .data               ble_flash.o
    0x2000250d   0x00000003   PAD
    0x20002510   0x00000050   Data   RW         1002    .data               ble_dtm.o
    0x20002560   0x00000010   Data   RW         1042    .data               ant_csc_tx.o
    0x20002570   0x00000028   Data   RW         1105    .data               csc_services.o
    0x20002598   0x00000308   Zero   RW          139    .bss                main.o
    0x200028a0   0x0000001c   Zero   RW          658    .bss                ble_conn_params.o
    0x200028bc   0x00000027   Zero   RW         1000    .bss                ble_dtm.o
    0x200028e3   0x00000001   PAD
    0x200028e4   0x00000018   Zero   RW         1064    .bss                battery.o
    0x200028fc   0x000000a8   Zero   RW         1104    .bss                csc_services.o
    0x200029a4   0x0000001c   Zero   RW         1140    .bss                nus_service.o
    0x200029c0   0x00000a00   Zero   RW            1    STACK               arm_startup_nrf51422_s310.o



  Load Region LR$$.ARM.__AT_0x0002B004 (Base: 0x0002b004, Size: 0x00000000, Max: 0x00000004, ABSOLUTE)

    Execution Region ER$$.ARM.__AT_0x0002B004 (Base: 0x0002b004, Size: 0x00000004, Max: 0x00000004, ABSOLUTE, UNINIT)

    Base Addr    Size         Type   Attr      Idx    E Section Name        Object

    0x0002b004   0x00000004   Zero   RW         1139    .ARM.__AT_0x0002B004  nus_service.o



  Load Region LR$$.ARM.__AT_0x10001004 (Base: 0x10001004, Size: 0x00000004, Max: 0x00000004, ABSOLUTE)

    Execution Region ER$$.ARM.__AT_0x10001004 (Base: 0x10001004, Size: 0x00000004, Max: 0x00000004, ABSOLUTE, UNINIT)

    Base Addr    Size         Type   Attr      Idx    E Section Name        Object

    0x10001004   0x00000004   Data   RO          136    .ARM.__AT_0x10001004  main.o



  Load Region LR$$.ARM.__AT_0x10001008 (Base: 0x10001008, Size: 0x00000004, Max: 0x00000004, ABSOLUTE)

    Execution Region ER$$.ARM.__AT_0x10001008 (Base: 0x10001008, Size: 0x00000004, Max: 0x00000004, ABSOLUTE, UNINIT)

    Base Addr    Size         Type   Attr      Idx    E Section Name        Object

    0x10001008   0x00000004   Data   RO          137    .ARM.__AT_0x10001008  main.o



  Load Region LR$$.ARM.__AT_0x10001080 (Base: 0x10001080, Size: 0x00000004, Max: 0x00000004, ABSOLUTE)

    Execution Region ER$$.ARM.__AT_0x10001080 (Base: 0x10001080, Size: 0x00000004, Max: 0x00000004, ABSOLUTE, UNINIT)

    Base Addr    Size         Type   Attr      Idx    E Section Name        Object

    0x10001080   0x00000004   Data   RO          138    .ARM.__AT_0x10001080  main.o


==============================================================================

Image component sizes


      Code (inc. data)   RO Data    RW Data    ZI Data      Debug   Object Name

       360         28          0         16          0       2807   ant_csc_tx.o
       668         86          0         32          0       8372   app_button.o
      1068         40          0         10          0      13454   app_gpiote.o
      2798        184          0         36          0      23933   app_timer.o
        44         14        192          0       2560        680   arm_startup_nrf51422_s310.o
       636         62          0          0         24      11011   battery.o
      1536          4          0          0          0       8458   ble_advdata.o
       800         16          0          0          0      33819   ble_bas.o
       776         38          0         28         28       7294   ble_conn_params.o
      1272         14          0          0          0      13042   ble_cscs.o
      1048        100          0         74          0      33039   ble_dis.o
      1656        210         37         80         39      12416   ble_dtm.o
       592         22          0          1          0       4916   ble_flash.o
       904         10         16          0          0       4446   ble_nus.o
       108         10          0          8          0       5394   ble_radio_notification.o
      1418          8          0          0          0      16189   ble_sc_ctrlpt.o
       136         58          0          0          0       1522   ble_srv_common.o
       400         46          0         40        168      12802   csc_services.o
       166          6          0          0          0       4410   dtm_rf_test.o
         0          0          0          0          0       4132   hrm_tx.o
      1972        176         32         46        776      53509   main.o
       156         40          0          0         32       1806   nus_service.o
       564         90          0         28          0      22243   softdevice_handler.o
       216         28          0          4          0      21841   system_nrf51.o

    ----------------------------------------------------------------------
     19300       1290        312        408       3628     321535   Object Totals
         0          0         32          0          0          0   (incl. Generated)
         6          0          3          5          1          0   (incl. Padding)

    ----------------------------------------------------------------------

      Code (inc. data)   RO Data    RW Data    ZI Data      Debug   Library Member Name

        86          0          0          0          0          0   __dczerorl2.o
         0          0          0          0          0          0   entry.o
         0          0          0          0          0          0   entry10a.o
         0          0          0          0          0          0   entry11a.o
         8          4          0          0          0          0   entry2.o
         4          0          0          0          0          0   entry5.o
         0          0          0          0          0          0   entry7b.o
         0          0          0          0          0          0   entry8b.o
         8          4          0          0          0          0   entry9a.o
        30          0          0          0          0          0   handlers.o
        40          0          0          0          0         72   idiv.o
        36          8          0          0          0         68   init.o
         0          0          0          0          0          0   iusefp.o
        32          0          0          0          0         68   llshl.o
        34          0          0          0          0         68   llushr.o
        26          0          0          0          0         72   memcmp.o
        36          0          0          0          0         60   memcpya.o
        36          0          0          0          0        100   memseta.o
        14          0          0          0          0         60   strlen.o
        44          0          0          0          0         72   uidiv.o
       238          0          0          0          0        216   depilogue.o
        60         10          0          0          0         68   dfixui.o
        28          4          0          0          0         68   dfltui.o
       208          6          0          0          0         88   dmul.o

    ----------------------------------------------------------------------
       972         36          0          0          0       1080   Library Totals
         4          0          0          0          0          0   (incl. Padding)

    ----------------------------------------------------------------------

      Code (inc. data)   RO Data    RW Data    ZI Data      Debug   Library Name

       434         16          0          0          0        640   mc_p.l
       534         20          0          0          0        440   mf_p.l

    ----------------------------------------------------------------------
       972         36          0          0          0       1080   Library Totals

    ----------------------------------------------------------------------

==============================================================================


      Code (inc. data)   RO Data    RW Data    ZI Data      Debug   

     20272       1326        312        408       3628     320699   Grand Totals
     20272       1326        312         72       3628     320699   ELF Image Totals (compressed)
     20272       1326        312         72          0          0   ROM Totals

==============================================================================

    Total RO  Size (Code + RO Data)                20584 (  20.10kB)
    Total RW  Size (RW Data + ZI Data)              4036 (   3.94kB)
    Total ROM Size (Code + RO Data + RW Data)      20656 (  20.17kB)

==============================================================================

