<html>
<body>
<pre>
<h1>猩ision Build Log</h1>
<h2>Project:</h2>
D:\英達開發資料\SC002\程式\nrf51422\Board\nrf6310\s310\sc002\arm\SC002.uvproj
Project File Date:  07/11/2014

<h2>Output:</h2>
Rebuild target 'nrf51422_xxaa_s310 (256K)'
assembling arm_startup_nrf51422_s310.s...
compiling system_nrf51.c...
compiling hrm_tx.c...
compiling main.c...
compiling hrm_rx.c...
compiling ble_dis.c...
compiling ble_bas.c...
compiling ble_nus.c...
compiling ble_cscs.c...
compiling ble_sc_ctrlpt.c...
compiling ble_error_log.c...
compiling ble_advdata.c...
compiling ble_srv_common.c...
compiling app_timer.c...
compiling ble_conn_params.c...
compiling ble_bondmngr.c...
compiling ble_debug_assert_handler.c...
compiling crc16.c...
compiling softdevice_handler.c...
compiling pstorage.c...
compiling app_button.c...
compiling app_gpiote.c...
compiling ble_radio_notification.c...
compiling ble_flash.c...
compiling ble_dtm.c...
compiling ble_sensorsim.c...
compiling ant_csc_tx.c...
compiling battery.c...
compiling csc_services.c...
compiling nus_service.c...
compiling dtm_rf_test.c...
linking...
Program Size: Code=20148 RO-data=312 RW-data=408 ZI-data=3628  
FromELF: creating hex file...
".\_build\SC002.axf" - 0 Errors, 0 Warning(s).
Rebuild target 'nrf51422_xxaa_s310 (256K)'
assembling arm_startup_nrf51422_s310.s...
compiling system_nrf51.c...
compiling hrm_tx.c...
compiling main.c...
compiling hrm_rx.c...
compiling ble_dis.c...
compiling ble_bas.c...
compiling ble_nus.c...
compiling ble_cscs.c...
compiling ble_sc_ctrlpt.c...
compiling ble_error_log.c...
compiling ble_advdata.c...
compiling ble_srv_common.c...
compiling app_timer.c...
compiling ble_conn_params.c...
compiling ble_bondmngr.c...
compiling ble_debug_assert_handler.c...
compiling crc16.c...
compiling softdevice_handler.c...
compiling pstorage.c...
compiling app_button.c...
compiling app_gpiote.c...
compiling ble_radio_notification.c...
compiling ble_flash.c...
compiling ble_dtm.c...
compiling ble_sensorsim.c...
compiling ant_csc_tx.c...
compiling battery.c...
compiling csc_services.c...
compiling nus_service.c...
compiling dtm_rf_test.c...
linking...
Program Size: Code=20148 RO-data=312 RW-data=408 ZI-data=3628  
FromELF: creating hex file...
".\_build\SC002.axf" - 0 Errors, 0 Warning(s).
