<html>
<body>
<pre>
<h1>猩ision Build Log</h1>
<h2>Project:</h2>
D:\英達開發資料\CS012\第一次試產資料\原始程式碼\Board\nrf6310\device_firmware_updates\bootloader\arm\bootloader.uvproj
Project File Date:  05/29/2014

<h2>Output:</h2>
Rebuild target 'dfu_dual_bank_ble (s310)'
Clean started - Project: 'bootloader'
   deleting intermediate output files for target 'dfu_dual_bank_ble (s310)'
compiling system_nrf51.c...
assembling arm_startup_nrf51.s...
compiling main.c...
compiling dfu_dual_bank.c...
compiling bootloader.c...
compiling bootloader_util_arm.c...
compiling ble_dfu.c...
compiling app_timer.c...
compiling app_scheduler.c...
compiling app_gpiote.c...
compiling crc16.c...
compiling softdevice_handler.c...
compiling pstorage.c...
compiling ble_flash.c...
compiling hci_mem_pool.c...
compiling dfu_transport_ble.c...
compiling ble_conn_params.c...
compiling ble_advdata.c...
compiling ble_srv_common.c...
linking...
Program Size: Code=12528 RO-data=240 RW-data=236 ZI-data=6924  
".\_build\bootloader.axf" - 0 Errors, 0 Warning(s).

*** Performing Cross-Module-Optimization:
compiling system_nrf51.c...
compiling main.c...
compiling dfu_dual_bank.c...
compiling bootloader.c...
compiling bootloader_util_arm.c...
compiling ble_dfu.c...
compiling app_timer.c...
compiling app_scheduler.c...
compiling app_gpiote.c...
compiling softdevice_handler.c...
compiling pstorage.c...
compiling ble_flash.c...
compiling hci_mem_pool.c...
compiling dfu_transport_ble.c...
compiling ble_conn_params.c...
compiling ble_advdata.c...
compiling ble_srv_common.c...
linking...
Program Size: Code=11532 RO-data=240 RW-data=236 ZI-data=6924  
compiling system_nrf51.c...
compiling main.c...
compiling dfu_dual_bank.c...
compiling bootloader.c...
compiling bootloader_util_arm.c...
compiling ble_dfu.c...
compiling app_timer.c...
compiling app_scheduler.c...
compiling app_gpiote.c...
compiling softdevice_handler.c...
compiling pstorage.c...
compiling ble_flash.c...
compiling hci_mem_pool.c...
compiling dfu_transport_ble.c...
compiling ble_conn_params.c...
compiling ble_advdata.c...
compiling ble_srv_common.c...
linking...
Program Size: Code=11532 RO-data=240 RW-data=236 ZI-data=6924  
FromELF: creating hex file...
".\_build\bootloader.axf" - 0 Errors, 0 Warning(s).
*** Completed Cross-Module-Optimization after 3 iteration(s).
