ARM Linker, 5.03 [Build 76] [MDK-ARM Standard]

==============================================================================

Section Cross References

    system_nrf51.o(.text) refers to system_nrf51.o(.data) for .data
    arm_startup_nrf51.o(STACK) refers (Special) to heapauxi.o(.text) for __use_two_region_memory
    arm_startup_nrf51.o(HEAP) refers (Special) to heapauxi.o(.text) for __use_two_region_memory
    arm_startup_nrf51.o(RESET) refers (Special) to heapauxi.o(.text) for __use_two_region_memory
    arm_startup_nrf51.o(RESET) refers to arm_startup_nrf51.o(STACK) for __initial_sp
    arm_startup_nrf51.o(RESET) refers to arm_startup_nrf51.o(.text) for Reset_Handler
    arm_startup_nrf51.o(RESET) refers to app_gpiote.o(.text) for GPIOTE_IRQHandler
    arm_startup_nrf51.o(RESET) refers to app_timer.o(.text) for RTC1_IRQHandler
    arm_startup_nrf51.o(RESET) refers to softdevice_handler.o(.text) for SWI2_IRQHandler
    arm_startup_nrf51.o(.text) refers (Special) to heapauxi.o(.text) for __use_two_region_memory
    arm_startup_nrf51.o(.text) refers to system_nrf51.o(.text) for SystemInit
    arm_startup_nrf51.o(.text) refers to __main.o(!!!main) for __main
    arm_startup_nrf51.o(.text) refers to arm_startup_nrf51.o(HEAP) for Heap_Mem
    arm_startup_nrf51.o(.text) refers to arm_startup_nrf51.o(STACK) for Stack_Mem
    main.o(.text) refers to pstorage.o(.text) for pstorage_sys_event_handler
    main.o(.text) refers to ble_flash.o(.text) for F_flash_page_erase
    main.o(.text) refers to app_timer.o(.text) for app_timer_init
    main.o(.text) refers to app_gpiote.o(.text) for app_gpiote_init
    main.o(.text) refers to softdevice_handler.o(.text) for softdevice_handler_init
    main.o(.text) refers to app_scheduler.o(.text) for app_sched_init
    main.o(.text) refers to bootloader.o(.text) for bootloader_app_is_valid
    main.o(.text) refers to main.o(.ARM.__AT_0x0002B004) for .ARM.__AT_0x0002B004
    main.o(.text) refers to main.o(.data) for .data
    main.o(.text) refers to main.o(.bss) for .bss
    dfu_dual_bank.o(.text) refers to main.o(.text) for app_error_handler
    dfu_dual_bank.o(.text) refers to bootloader.o(.text) for bootloader_dfu_update_process
    dfu_dual_bank.o(.text) refers to app_timer.o(.text) for app_timer_stop
    dfu_dual_bank.o(.text) refers to pstorage.o(.text) for pstorage_raw_register
    dfu_dual_bank.o(.text) refers to crc16.o(.text) for crc16_compute
    dfu_dual_bank.o(.text) refers to dfu_dual_bank.o(.data) for .data
    dfu_dual_bank.o(.text) refers to dfu_dual_bank.o(.bss) for .bss
    bootloader.o(.text) refers to main.o(.text) for app_error_handler
    bootloader.o(.text) refers to bootloader_util_arm.o(.text) for bootloader_util_settings_get
    bootloader.o(.text) refers to pstorage.o(.text) for pstorage_clear
    bootloader.o(.text) refers to dfu_transport_ble.o(.text) for dfu_transport_close
    bootloader.o(.text) refers to dfu_dual_bank.o(.text) for dfu_init
    bootloader.o(.text) refers to app_scheduler.o(.text) for app_sched_execute
    bootloader.o(.text) refers to bootloader.o(.data) for .data
    bootloader.o(.text) refers to bootloader.o(.bss) for .bss
    bootloader_util_arm.o(.text) refers to bootloader_util_arm.o(.emb_text) for StartApplication
    bootloader_util_arm.o(.text) refers to bootloader_util_arm.o(.ARM.__AT_0x0003FC00) for .ARM.__AT_0x0003FC00
    bootloader_util_arm.o(.constdata) refers to bootloader_util_arm.o(.ARM.__AT_0x0003FC00) for m_boot_settings
    ble_dfu.o(.text) refers to ble_dfu.o(i.__ARM_common_switch8) for __ARM_common_switch8
    ble_dfu.o(.text) refers to rt_memclr.o(.text) for __aeabi_memclr4
    ble_dfu.o(.text) refers to ble_dfu.o(.data) for .data
    ble_dfu.o(.text) refers to ble_dfu.o(.constdata) for .constdata
    app_timer.o(.text) refers to main.o(.text) for app_error_handler
    app_timer.o(.text) refers to app_timer.o(.data) for .data
    app_timer.o(.text) refers to app_timer.o(.emb_text) for __asm___11_app_timer_c_cd27f9c3__nrf_delay_us
    app_timer.o(.text) refers to app_timer.o(.text) for user_id_get
    app_timer.o(.text) refers to app_timer.o(.data) for .data
    app_scheduler.o(.text) refers to main.o(.text) for app_error_handler
    app_scheduler.o(.text) refers to rt_memcpy.o(.text) for __aeabi_memcpy
    app_scheduler.o(.text) refers to app_scheduler.o(.data) for .data
    app_gpiote.o(.text) refers to rt_memclr.o(.text) for __aeabi_memclr4
    app_gpiote.o(.text) refers to app_gpiote.o(.data) for .data
    app_gpiote.o(.text) refers to app_gpiote.o(.data) for .data
    app_gpiote.o(.text) refers to app_gpiote.o(.text) for pins_sense_disable
    app_gpiote.o(.text) refers to app_gpiote.o(.data) for .data
    app_gpiote.o(.text) refers to app_gpiote.o(.data) for .data
    app_gpiote.o(.text) refers to app_gpiote.o(.text) for pins_sense_disable
    app_gpiote.o(.text) refers to app_gpiote.o(.data) for .data
    app_gpiote.o(.text) refers to app_gpiote.o(.data) for .data
    softdevice_handler.o(.text) refers to main.o(.text) for assert_nrf_callback
    softdevice_handler.o(.text) refers to softdevice_handler.o(.data) for .data
    softdevice_handler.o(.text) refers to softdevice_handler.o(.data) for .data
    pstorage.o(.text) refers to aeabi_sdiv.o(.text) for __aeabi_uidivmod
    pstorage.o(.text) refers to rt_memcpy.o(.text) for __aeabi_memcpy
    pstorage.o(.text) refers to pstorage.o(.bss) for .bss
    pstorage.o(.text) refers to pstorage.o(.data) for .data
    pstorage.o(.text) refers to pstorage.o(.data) for .data
    pstorage.o(.text) refers to pstorage.o(.bss) for .bss
    ble_flash.o(.text) refers to ble_flash.o(.data) for .data
    ble_flash.o(.text) refers to ble_flash.o(.text) for flash_word_write
    ble_flash.o(.text) refers to ble_flash.o(.text) for flash_page_erase
    ble_flash.o(.text) refers to ble_flash.o(.text) for ble_flash_crc16_compute
    ble_flash.o(.text) refers to ble_flash.o(.text) for flash_page_erase
    ble_flash.o(.text) refers to rt_memcpy.o(.emb_text) for __aeabi_memcpy4
    ble_flash.o(.text) refers to ble_flash.o(.text) for ble_flash_crc16_compute
    ble_flash.o(.text) refers to ble_flash.o(.data) for .data
    hci_mem_pool.o(.text) refers to hci_mem_pool.o(.data) for .data
    hci_mem_pool.o(.text) refers to hci_mem_pool.o(.bss) for .bss
    hci_mem_pool.o(.text) refers to hci_mem_pool.o(.data) for .data
    hci_mem_pool.o(.text) refers to hci_mem_pool.o(.bss) for .bss
    hci_mem_pool.o(.text) refers to hci_mem_pool.o(.data) for .data
    dfu_transport_ble.o(.text) refers to hci_mem_pool.o(.text) for hci_mem_pool_rx_consume
    dfu_transport_ble.o(.text) refers to main.o(.text) for app_error_handler
    dfu_transport_ble.o(.text) refers to ble_dfu.o(.text) for ble_dfu_response_send
    dfu_transport_ble.o(.text) refers to rt_memcpy.o(.text) for __aeabi_memcpy
    dfu_transport_ble.o(.text) refers to dfu_dual_bank.o(.text) for dfu_data_pkt_handle
    dfu_transport_ble.o(.text) refers to ble_conn_params.o(.text) for ble_conn_params_stop
    dfu_transport_ble.o(.text) refers to ble_dfu.o(i.__ARM_common_switch8) for __ARM_common_switch8
    dfu_transport_ble.o(.text) refers to softdevice_handler.o(.text) for softdevice_ble_evt_handler_set
    dfu_transport_ble.o(.text) refers to rt_memclr.o(.text) for __aeabi_memclr4
    dfu_transport_ble.o(.text) refers to dfu_transport_ble.o(.data) for .data
    dfu_transport_ble.o(.text) refers to dfu_transport_ble.o(.bss) for .bss
    dfu_transport_ble.o(.text) refers to uread4.o(.text) for __aeabi_uread4
    dfu_transport_ble.o(.text) refers to ble_advdata.o(.text) for ble_advdata_set
    ble_conn_params.o(.text) refers to rt_memcpy.o(.emb_text) for __aeabi_memcpy4
    ble_conn_params.o(.text) refers to rt_memcpy.o(.text) for __aeabi_memcpy
    ble_conn_params.o(.text) refers to app_timer.o(.text) for app_timer_create
    ble_conn_params.o(.text) refers to ble_conn_params.o(.data) for .data
    ble_conn_params.o(.text) refers to ble_conn_params.o(.bss) for .bss
    ble_conn_params.o(.text) refers to rt_memcpy.o(.text) for __aeabi_memcpy
    ble_conn_params.o(.text) refers to ble_conn_params.o(.text) for is_conn_params_ok
    ble_conn_params.o(.text) refers to ble_conn_params.o(.data) for .data
    ble_conn_params.o(.text) refers to ble_conn_params.o(.bss) for .bss
    ble_advdata.o(.text) refers to rt_memcpy.o(.text) for __aeabi_memcpy
    ble_srv_common.o(.text) refers to strlen.o(.text) for strlen
    rt_memcpy.o(.text) refers to rt_memcpy.o(.emb_text) for __aeabi_memcpy4
    __main.o(!!!main) refers to rtentry.o(.ARM.Collect$$rtentry$$00000000) for __rt_entry
    rtentry.o(.ARM.Collect$$rtentry$$00000000) refers (Special) to rtentry2.o(.ARM.Collect$$rtentry$$0000000A) for __rt_entry_li
    rtentry.o(.ARM.Collect$$rtentry$$00000000) refers (Special) to rtentry2.o(.ARM.Collect$$rtentry$$0000000D) for __rt_entry_main
    rtentry.o(.ARM.Collect$$rtentry$$00000000) refers (Special) to rtentry2.o(.ARM.Collect$$rtentry$$0000000C) for __rt_entry_postli_1
    rtentry.o(.ARM.Collect$$rtentry$$00000000) refers (Special) to rtentry2.o(.ARM.Collect$$rtentry$$00000009) for __rt_entry_postsh_1
    rtentry.o(.ARM.Collect$$rtentry$$00000000) refers (Special) to rtentry2.o(.ARM.Collect$$rtentry$$00000002) for __rt_entry_presh_1
    rtentry.o(.ARM.Collect$$rtentry$$00000000) refers (Special) to rtentry4.o(.ARM.Collect$$rtentry$$00000004) for __rt_entry_sh
    aeabi_idiv0_sigfpe.o(.text) refers to rt_div0.o(.text) for __rt_div0
    rtentry2.o(.ARM.Collect$$rtentry$$00000008) refers to boardinit2.o(.text) for _platform_post_stackheap_init
    rtentry2.o(.ARM.Collect$$rtentry$$0000000A) refers to libinit.o(.ARM.Collect$$libinit$$00000000) for __rt_lib_init
    rtentry2.o(.ARM.Collect$$rtentry$$0000000B) refers to boardinit3.o(.text) for _platform_post_lib_init
    rtentry2.o(.ARM.Collect$$rtentry$$0000000D) refers to main.o(.text) for main
    rtentry2.o(.ARM.Collect$$rtentry$$0000000D) refers to exit.o(.text) for exit
    rtentry2.o(.ARM.exidx) refers to rtentry2.o(.ARM.Collect$$rtentry$$00000001) for .ARM.Collect$$rtentry$$00000001
    rtentry2.o(.ARM.exidx) refers to rtentry2.o(.ARM.Collect$$rtentry$$00000008) for .ARM.Collect$$rtentry$$00000008
    rtentry2.o(.ARM.exidx) refers to rtentry2.o(.ARM.Collect$$rtentry$$0000000A) for .ARM.Collect$$rtentry$$0000000A
    rtentry2.o(.ARM.exidx) refers to rtentry2.o(.ARM.Collect$$rtentry$$0000000B) for .ARM.Collect$$rtentry$$0000000B
    rtentry2.o(.ARM.exidx) refers to rtentry2.o(.ARM.Collect$$rtentry$$0000000D) for .ARM.Collect$$rtentry$$0000000D
    rtentry4.o(.ARM.Collect$$rtentry$$00000004) refers to sys_stackheap_outer.o(.text) for __user_setup_stackheap
    rtentry4.o(.ARM.exidx) refers to rtentry4.o(.ARM.Collect$$rtentry$$00000004) for .ARM.Collect$$rtentry$$00000004
    rt_div0.o(.text) refers to defsig_fpe_outer.o(.text) for __rt_SIGFPE
    sys_stackheap_outer.o(.text) refers to libspace.o(.text) for __user_perproc_libspace
    sys_stackheap_outer.o(.text) refers to arm_startup_nrf51.o(.text) for __user_initial_stackheap
    sys_stackheap_outer.o(__vectab_stack_and_reset_area) refers to tempstk.o(.text) for __temporary_stack_top
    sys_stackheap_outer.o(__vectab_stack_and_reset_area) refers to __main.o(!!!main) for __main
    exit.o(.text) refers to rtexit.o(.ARM.Collect$$rtexit$$00000000) for __rt_exit
    defsig_fpe_outer.o(.text) refers to defsig_fpe_inner.o(.text) for __rt_SIGFPE_inner
    defsig_fpe_outer.o(.text) refers to defsig_exit.o(.text) for __sig_exit
    defsig_fpe_formal.o(.text) refers to rt_raise.o(.text) for __rt_raise
    libinit.o(.ARM.Collect$$libinit$$00000000) refers (Special) to libinit2.o(.ARM.Collect$$libinit$$0000002C) for __rt_lib_init_alloca_1
    libinit.o(.ARM.Collect$$libinit$$00000000) refers (Special) to libinit2.o(.ARM.Collect$$libinit$$0000002A) for __rt_lib_init_argv_1
    libinit.o(.ARM.Collect$$libinit$$00000000) refers (Special) to libinit2.o(.ARM.Collect$$libinit$$00000019) for __rt_lib_init_atexit_1
    libinit.o(.ARM.Collect$$libinit$$00000000) refers (Special) to libinit2.o(.ARM.Collect$$libinit$$0000001F) for __rt_lib_init_clock_1
    libinit.o(.ARM.Collect$$libinit$$00000000) refers (Special) to libinit2.o(.ARM.Collect$$libinit$$00000030) for __rt_lib_init_cpp_1
    libinit.o(.ARM.Collect$$libinit$$00000000) refers (Special) to libinit2.o(.ARM.Collect$$libinit$$0000002E) for __rt_lib_init_exceptions_1
    libinit.o(.ARM.Collect$$libinit$$00000000) refers (Special) to libinit2.o(.ARM.Collect$$libinit$$00000001) for __rt_lib_init_fp_1
    libinit.o(.ARM.Collect$$libinit$$00000000) refers (Special) to libinit2.o(.ARM.Collect$$libinit$$0000001D) for __rt_lib_init_fp_trap_1
    libinit.o(.ARM.Collect$$libinit$$00000000) refers (Special) to libinit2.o(.ARM.Collect$$libinit$$00000021) for __rt_lib_init_getenv_1
    libinit.o(.ARM.Collect$$libinit$$00000000) refers (Special) to libinit2.o(.ARM.Collect$$libinit$$00000008) for __rt_lib_init_heap_1
    libinit.o(.ARM.Collect$$libinit$$00000000) refers (Special) to libinit2.o(.ARM.Collect$$libinit$$0000000F) for __rt_lib_init_lc_collate_1
    libinit.o(.ARM.Collect$$libinit$$00000000) refers (Special) to libinit2.o(.ARM.Collect$$libinit$$00000011) for __rt_lib_init_lc_ctype_1
    libinit.o(.ARM.Collect$$libinit$$00000000) refers (Special) to libinit2.o(.ARM.Collect$$libinit$$00000013) for __rt_lib_init_lc_monetary_1
    libinit.o(.ARM.Collect$$libinit$$00000000) refers (Special) to libinit2.o(.ARM.Collect$$libinit$$00000015) for __rt_lib_init_lc_numeric_1
    libinit.o(.ARM.Collect$$libinit$$00000000) refers (Special) to libinit2.o(.ARM.Collect$$libinit$$00000017) for __rt_lib_init_lc_time_1
    libinit.o(.ARM.Collect$$libinit$$00000000) refers (Special) to libinit2.o(.ARM.Collect$$libinit$$0000000C) for __rt_lib_init_rand_1
    libinit.o(.ARM.Collect$$libinit$$00000000) refers (Special) to libinit2.o(.ARM.Collect$$libinit$$00000031) for __rt_lib_init_return
    libinit.o(.ARM.Collect$$libinit$$00000000) refers (Special) to libinit2.o(.ARM.Collect$$libinit$$0000001B) for __rt_lib_init_signal_1
    libinit.o(.ARM.Collect$$libinit$$00000000) refers (Special) to libinit2.o(.ARM.Collect$$libinit$$00000023) for __rt_lib_init_stdio_1
    libinit.o(.ARM.Collect$$libinit$$00000000) refers (Special) to libinit2.o(.ARM.Collect$$libinit$$0000000A) for __rt_lib_init_user_alloc_1
    libspace.o(.text) refers to libspace.o(.bss) for __libspace_start
    rtexit.o(.ARM.Collect$$rtexit$$00000000) refers (Special) to rtexit2.o(.ARM.Collect$$rtexit$$00000004) for __rt_exit_exit
    rtexit.o(.ARM.Collect$$rtexit$$00000000) refers (Special) to rtexit2.o(.ARM.Collect$$rtexit$$00000003) for __rt_exit_ls
    rtexit.o(.ARM.Collect$$rtexit$$00000000) refers (Special) to rtexit2.o(.ARM.Collect$$rtexit$$00000002) for __rt_exit_prels_1
    rtexit.o(.ARM.exidx) refers (Special) to rtexit2.o(.ARM.Collect$$rtexit$$00000004) for __rt_exit_exit
    rtexit.o(.ARM.exidx) refers (Special) to rtexit2.o(.ARM.Collect$$rtexit$$00000003) for __rt_exit_ls
    rtexit.o(.ARM.exidx) refers (Special) to rtexit2.o(.ARM.Collect$$rtexit$$00000002) for __rt_exit_prels_1
    rtexit.o(.ARM.exidx) refers to rtexit.o(.ARM.Collect$$rtexit$$00000000) for .ARM.Collect$$rtexit$$00000000
    rt_raise.o(.text) refers to __raise.o(.text) for __raise
    rt_raise.o(.text) refers to sys_exit.o(.text) for _sys_exit
    defsig_exit.o(.text) refers to sys_exit.o(.text) for _sys_exit
    defsig_fpe_inner.o(.text) refers to defsig_general.o(.text) for __default_signal_display
    libinit2.o(.ARM.Collect$$libinit$$0000000E) refers to libinit2.o(.ARM.Collect$$libinit$$0000000D) for .ARM.Collect$$libinit$$0000000D
    libinit2.o(.ARM.Collect$$libinit$$00000010) refers to libinit2.o(.ARM.Collect$$libinit$$0000000D) for .ARM.Collect$$libinit$$0000000D
    libinit2.o(.ARM.Collect$$libinit$$00000012) refers to libinit2.o(.ARM.Collect$$libinit$$0000000D) for .ARM.Collect$$libinit$$0000000D
    libinit2.o(.ARM.Collect$$libinit$$00000014) refers to libinit2.o(.ARM.Collect$$libinit$$0000000D) for .ARM.Collect$$libinit$$0000000D
    libinit2.o(.ARM.Collect$$libinit$$00000016) refers to libinit2.o(.ARM.Collect$$libinit$$0000000D) for .ARM.Collect$$libinit$$0000000D
    libinit2.o(.ARM.Collect$$libinit$$00000024) refers to argv_veneer.o(.text) for __ARM_argv_veneer
    libinit2.o(.ARM.Collect$$libinit$$00000025) refers to argv_veneer.o(.text) for __ARM_argv_veneer
    sys_exit.o(.text) refers (Special) to use_no_semi.o(.text) for __I$use$semihosting
    sys_exit.o(.text) refers (Special) to indicate_semi.o(.text) for __semihosting_library_function
    rtexit2.o(.ARM.Collect$$rtexit$$00000003) refers to libshutdown.o(.ARM.Collect$$libshutdown$$00000000) for __rt_lib_shutdown
    rtexit2.o(.ARM.Collect$$rtexit$$00000004) refers to sys_exit.o(.text) for _sys_exit
    rtexit2.o(.ARM.exidx) refers to rtexit2.o(.ARM.Collect$$rtexit$$00000001) for .ARM.Collect$$rtexit$$00000001
    rtexit2.o(.ARM.exidx) refers to rtexit2.o(.ARM.Collect$$rtexit$$00000003) for .ARM.Collect$$rtexit$$00000003
    rtexit2.o(.ARM.exidx) refers to rtexit2.o(.ARM.Collect$$rtexit$$00000004) for .ARM.Collect$$rtexit$$00000004
    __raise.o(.text) refers to defsig.o(CL$$defsig) for __default_signal_handler
    defsig_general.o(.text) refers to sys_wrch.o(.text) for _ttywrch
    sys_wrch.o(.text) refers (Special) to use_no_semi.o(.text) for __I$use$semihosting
    sys_wrch.o(.text) refers (Special) to indicate_semi.o(.text) for __semihosting_library_function
    defsig.o(CL$$defsig) refers to defsig_fpe_inner.o(.text) for __rt_SIGFPE_inner
    defsig.o(CL$$defsig) refers to defsig_rtmem_inner.o(.text) for __rt_SIGRTMEM_inner
    _get_argv_nomalloc.o(.text) refers (Special) to hrguard.o(.text) for __heap_region$guard
    _get_argv_nomalloc.o(.text) refers to defsig_rtmem_outer.o(.text) for __rt_SIGRTMEM
    _get_argv_nomalloc.o(.text) refers to sys_command.o(.text) for _sys_command_string
    libshutdown.o(.ARM.Collect$$libshutdown$$00000000) refers (Special) to libshutdown2.o(.ARM.Collect$$libshutdown$$00000006) for __rt_lib_shutdown_fp_trap_1
    libshutdown.o(.ARM.Collect$$libshutdown$$00000000) refers (Special) to libshutdown2.o(.ARM.Collect$$libshutdown$$0000000E) for __rt_lib_shutdown_heap_1
    libshutdown.o(.ARM.Collect$$libshutdown$$00000000) refers (Special) to libshutdown2.o(.ARM.Collect$$libshutdown$$0000000F) for __rt_lib_shutdown_return
    libshutdown.o(.ARM.Collect$$libshutdown$$00000000) refers (Special) to libshutdown2.o(.ARM.Collect$$libshutdown$$00000009) for __rt_lib_shutdown_signal_1
    libshutdown.o(.ARM.Collect$$libshutdown$$00000000) refers (Special) to libshutdown2.o(.ARM.Collect$$libshutdown$$00000003) for __rt_lib_shutdown_stdio_1
    libshutdown.o(.ARM.Collect$$libshutdown$$00000000) refers (Special) to libshutdown2.o(.ARM.Collect$$libshutdown$$0000000B) for __rt_lib_shutdown_user_alloc_1
    sys_command.o(.text) refers (Special) to use_no_semi.o(.text) for __I$use$semihosting
    sys_command.o(.text) refers (Special) to indicate_semi.o(.text) for __semihosting_library_function
    defsig_abrt_inner.o(.text) refers to defsig_general.o(.text) for __default_signal_display
    defsig_rtred_inner.o(.text) refers to defsig_general.o(.text) for __default_signal_display
    defsig_rtmem_inner.o(.text) refers to defsig_general.o(.text) for __default_signal_display
    defsig_rtmem_outer.o(.text) refers to defsig_rtmem_inner.o(.text) for __rt_SIGRTMEM_inner
    defsig_rtmem_outer.o(.text) refers to defsig_exit.o(.text) for __sig_exit
    defsig_rtmem_formal.o(.text) refers to rt_raise.o(.text) for __rt_raise
    defsig_stak_inner.o(.text) refers to defsig_general.o(.text) for __default_signal_display
    defsig_pvfn_inner.o(.text) refers to defsig_general.o(.text) for __default_signal_display
    defsig_cppl_inner.o(.text) refers to defsig_general.o(.text) for __default_signal_display
    defsig_segv_inner.o(.text) refers to defsig_general.o(.text) for __default_signal_display
    defsig_other.o(.text) refers to defsig_general.o(.text) for __default_signal_display


==============================================================================

Removing Unused input sections from the image.

    Removing system_nrf51.o(.rev16_text), (4 bytes).
    Removing system_nrf51.o(.revsh_text), (4 bytes).
    Removing system_nrf51.o(.text), (16 bytes).
    Removing main.o(.rev16_text), (4 bytes).
    Removing main.o(.revsh_text), (4 bytes).
    Removing dfu_dual_bank.o(.rev16_text), (4 bytes).
    Removing dfu_dual_bank.o(.revsh_text), (4 bytes).
    Removing bootloader.o(.rev16_text), (4 bytes).
    Removing bootloader.o(.revsh_text), (4 bytes).
    Removing bootloader_util_arm.o(.rev16_text), (4 bytes).
    Removing bootloader_util_arm.o(.revsh_text), (4 bytes).
    Removing bootloader_util_arm.o(.constdata), (4 bytes).
    Removing ble_dfu.o(.rev16_text), (4 bytes).
    Removing ble_dfu.o(.revsh_text), (4 bytes).
    Removing app_timer.o(.rev16_text), (4 bytes).
    Removing app_timer.o(.revsh_text), (4 bytes).
    Removing app_timer.o(.text), (68 bytes).
    Removing app_timer.o(.text), (16 bytes).
    Removing app_timer.o(.text), (12 bytes).
    Removing app_scheduler.o(.rev16_text), (4 bytes).
    Removing app_scheduler.o(.revsh_text), (4 bytes).
    Removing app_gpiote.o(.rev16_text), (4 bytes).
    Removing app_gpiote.o(.revsh_text), (4 bytes).
    Removing app_gpiote.o(.text), (60 bytes).
    Removing app_gpiote.o(.text), (76 bytes).
    Removing app_gpiote.o(.text), (152 bytes).
    Removing app_gpiote.o(.text), (64 bytes).
    Removing app_gpiote.o(.text), (52 bytes).
    Removing softdevice_handler.o(.rev16_text), (4 bytes).
    Removing softdevice_handler.o(.revsh_text), (4 bytes).
    Removing softdevice_handler.o(.text), (24 bytes).
    Removing pstorage.o(.rev16_text), (4 bytes).
    Removing pstorage.o(.revsh_text), (4 bytes).
    Removing pstorage.o(.text), (84 bytes).
    Removing ble_flash.o(.rev16_text), (4 bytes).
    Removing ble_flash.o(.revsh_text), (4 bytes).
    Removing ble_flash.o(.text), (60 bytes).
    Removing ble_flash.o(.text), (36 bytes).
    Removing ble_flash.o(.text), (22 bytes).
    Removing ble_flash.o(.text), (132 bytes).
    Removing ble_flash.o(.text), (80 bytes).
    Removing ble_flash.o(.text), (16 bytes).
    Removing ble_flash.o(.text), (12 bytes).
    Removing hci_mem_pool.o(.text), (4 bytes).
    Removing hci_mem_pool.o(.text), (40 bytes).
    Removing hci_mem_pool.o(.text), (12 bytes).
    Removing dfu_transport_ble.o(.rev16_text), (4 bytes).
    Removing dfu_transport_ble.o(.revsh_text), (4 bytes).
    Removing ble_conn_params.o(.rev16_text), (4 bytes).
    Removing ble_conn_params.o(.revsh_text), (4 bytes).
    Removing ble_conn_params.o(.text), (80 bytes).
    Removing ble_advdata.o(.rev16_text), (4 bytes).
    Removing ble_advdata.o(.revsh_text), (4 bytes).
    Removing ble_srv_common.o(.rev16_text), (4 bytes).
    Removing ble_srv_common.o(.revsh_text), (4 bytes).
    Removing ble_srv_common.o(.text), (12 bytes).
    Removing ble_srv_common.o(.text), (18 bytes).

57 unused section(s) (total 1280 bytes) removed from the image.

==============================================================================

Image Symbol Table

    Local Symbols

    Symbol Name                              Value     Ov Type        Size  Object(Section)

    ../clib/angel/boardlib.s                 0x00000000   Number         0  boardinit1.o ABSOLUTE
    ../clib/angel/boardlib.s                 0x00000000   Number         0  boardinit2.o ABSOLUTE
    ../clib/angel/boardlib.s                 0x00000000   Number         0  boardshut.o ABSOLUTE
    ../clib/angel/boardlib.s                 0x00000000   Number         0  boardinit3.o ABSOLUTE
    ../clib/angel/handlers.s                 0x00000000   Number         0  __scatter_zi.o ABSOLUTE
    ../clib/angel/handlers.s                 0x00000000   Number         0  __scatter_copy.o ABSOLUTE
    ../clib/angel/kernel.s                   0x00000000   Number         0  rtexit2.o ABSOLUTE
    ../clib/angel/kernel.s                   0x00000000   Number         0  rtexit.o ABSOLUTE
    ../clib/angel/kernel.s                   0x00000000   Number         0  rtentry2.o ABSOLUTE
    ../clib/angel/kernel.s                   0x00000000   Number         0  rtentry.o ABSOLUTE
    ../clib/angel/kernel.s                   0x00000000   Number         0  rtentry4.o ABSOLUTE
    ../clib/angel/rt.s                       0x00000000   Number         0  rt_raise.o ABSOLUTE
    ../clib/angel/rt.s                       0x00000000   Number         0  aeabi_idiv0.o ABSOLUTE
    ../clib/angel/rt.s                       0x00000000   Number         0  aeabi_idiv0_sigfpe.o ABSOLUTE
    ../clib/angel/rt.s                       0x00000000   Number         0  rt_div0.o ABSOLUTE
    ../clib/angel/scatterp.s                 0x00000000   Number         0  __scatter.o ABSOLUTE
    ../clib/angel/startup.s                  0x00000000   Number         0  __main.o ABSOLUTE
    ../clib/angel/sys.s                      0x00000000   Number         0  tempstk.o ABSOLUTE
    ../clib/angel/sys.s                      0x00000000   Number         0  libspace.o ABSOLUTE
    ../clib/angel/sys.s                      0x00000000   Number         0  sys_stackheap_outer.o ABSOLUTE
    ../clib/angel/sys.s                      0x00000000   Number         0  use_no_semi.o ABSOLUTE
    ../clib/angel/sys.s                      0x00000000   Number         0  indicate_semi.o ABSOLUTE
    ../clib/angel/sysapp.c                   0x00000000   Number         0  sys_wrch.o ABSOLUTE
    ../clib/angel/sysapp.c                   0x00000000   Number         0  sys_exit.o ABSOLUTE
    ../clib/angel/sysapp.c                   0x00000000   Number         0  sys_command.o ABSOLUTE
    ../clib/armsys.c                         0x00000000   Number         0  argv_veneer.o ABSOLUTE
    ../clib/armsys.c                         0x00000000   Number         0  _get_argv_nomalloc.o ABSOLUTE
    ../clib/armsys.c                         0x00000000   Number         0  no_argv.o ABSOLUTE
    ../clib/division.s                       0x00000000   Number         0  aeabi_sdiv.o ABSOLUTE
    ../clib/division.s                       0x00000000   Number         0  aeabi_sdiv_div0.o ABSOLUTE
    ../clib/heapalloc.c                      0x00000000   Number         0  hrguard.o ABSOLUTE
    ../clib/heapaux.c                        0x00000000   Number         0  heapauxi.o ABSOLUTE
    ../clib/libinit.s                        0x00000000   Number         0  libinit.o ABSOLUTE
    ../clib/libinit.s                        0x00000000   Number         0  libshutdown2.o ABSOLUTE
    ../clib/libinit.s                        0x00000000   Number         0  libshutdown.o ABSOLUTE
    ../clib/libinit.s                        0x00000000   Number         0  libinit2.o ABSOLUTE
    ../clib/memcpset.c                       0x00000000   Number         0  rt_memcpy.o ABSOLUTE
    ../clib/memcpset.c                       0x00000000   Number         0  rt_memcpy.o ABSOLUTE
    ../clib/memcpset.c                       0x00000000   Number         0  rt_memclr.o ABSOLUTE
    ../clib/signal.c                         0x00000000   Number         0  defsig_pvfn_inner.o ABSOLUTE
    ../clib/signal.c                         0x00000000   Number         0  defsig_general.o ABSOLUTE
    ../clib/signal.c                         0x00000000   Number         0  defsig_fpe_formal.o ABSOLUTE
    ../clib/signal.c                         0x00000000   Number         0  defsig_fpe_outer.o ABSOLUTE
    ../clib/signal.c                         0x00000000   Number         0  defsig_abrt_inner.o ABSOLUTE
    ../clib/signal.c                         0x00000000   Number         0  defsig_fpe_inner.o ABSOLUTE
    ../clib/signal.c                         0x00000000   Number         0  defsig_other.o ABSOLUTE
    ../clib/signal.c                         0x00000000   Number         0  defsig_exit.o ABSOLUTE
    ../clib/signal.c                         0x00000000   Number         0  defsig_segv_inner.o ABSOLUTE
    ../clib/signal.c                         0x00000000   Number         0  defsig_cppl_inner.o ABSOLUTE
    ../clib/signal.c                         0x00000000   Number         0  __raise.o ABSOLUTE
    ../clib/signal.c                         0x00000000   Number         0  defsig_stak_inner.o ABSOLUTE
    ../clib/signal.c                         0x00000000   Number         0  defsig_rtmem_formal.o ABSOLUTE
    ../clib/signal.c                         0x00000000   Number         0  defsig_rtmem_outer.o ABSOLUTE
    ../clib/signal.c                         0x00000000   Number         0  defsig_rtmem_inner.o ABSOLUTE
    ../clib/signal.c                         0x00000000   Number         0  defsig_rtred_inner.o ABSOLUTE
    ../clib/signal.s                         0x00000000   Number         0  defsig.o ABSOLUTE
    ../clib/stdlib.c                         0x00000000   Number         0  exit.o ABSOLUTE
    ../clib/string.c                         0x00000000   Number         0  strlen.o ABSOLUTE
    ../clib/unhosted.c                       0x00000000   Number         0  uread4.o ABSOLUTE
    ../fplib/cfplib/fpinit.c                 0x00000000   Number         0  fpinit.o ABSOLUTE
    ..\..\..\..\..\Source\app_common\app_gpiote.c 0x00000000   Number         0  app_gpiote.o ABSOLUTE
    ..\..\..\..\..\Source\app_common\app_scheduler.c 0x00000000   Number         0  app_scheduler.o ABSOLUTE
    ..\..\..\..\..\Source\app_common\app_timer.c 0x00000000   Number         0  app_timer.o ABSOLUTE
    ..\..\..\..\..\Source\app_common\crc16.c 0x00000000   Number         0  crc16.o ABSOLUTE
    ..\..\..\..\..\Source\app_common\hci_mem_pool.c 0x00000000   Number         0  hci_mem_pool.o ABSOLUTE
    ..\..\..\..\..\Source\app_common\pstorage.c 0x00000000   Number         0  pstorage.o ABSOLUTE
    ..\..\..\..\..\Source\ble\ble_advdata.c  0x00000000   Number         0  ble_advdata.o ABSOLUTE
    ..\..\..\..\..\Source\ble\ble_conn_params.c 0x00000000   Number         0  ble_conn_params.o ABSOLUTE
    ..\..\..\..\..\Source\ble\ble_flash.c    0x00000000   Number         0  ble_flash.o ABSOLUTE
    ..\..\..\..\..\Source\ble\ble_services\ble_dfu.c 0x00000000   Number         0  ble_dfu.o ABSOLUTE
    ..\..\..\..\..\Source\ble\ble_services\ble_srv_common.c 0x00000000   Number         0  ble_srv_common.o ABSOLUTE
    ..\..\..\..\..\Source\sd_common\softdevice_handler.c 0x00000000   Number         0  softdevice_handler.o ABSOLUTE
    ..\..\..\..\..\Source\templates\system_nrf51.c 0x00000000   Number         0  system_nrf51.o ABSOLUTE
    ..\\..\\..\\..\\..\\Source\\app_common\\app_gpiote.c 0x00000000   Number         0  app_gpiote.o ABSOLUTE
    ..\\..\\..\\..\\..\\Source\\app_common\\app_scheduler.c 0x00000000   Number         0  app_scheduler.o ABSOLUTE
    ..\\..\\..\\..\\..\\Source\\app_common\\app_timer.c 0x00000000   Number         0  app_timer.o ABSOLUTE
    ..\\..\\..\\..\\..\\Source\\app_common\\pstorage.c 0x00000000   Number         0  pstorage.o ABSOLUTE
    ..\\..\\..\\..\\..\\Source\\ble\\ble_advdata.c 0x00000000   Number         0  ble_advdata.o ABSOLUTE
    ..\\..\\..\\..\\..\\Source\\ble\\ble_conn_params.c 0x00000000   Number         0  ble_conn_params.o ABSOLUTE
    ..\\..\\..\\..\\..\\Source\\ble\\ble_flash.c 0x00000000   Number         0  ble_flash.o ABSOLUTE
    ..\\..\\..\\..\\..\\Source\\ble\\ble_services\\ble_dfu.c 0x00000000   Number         0  ble_dfu.o ABSOLUTE
    ..\\..\\..\\..\\..\\Source\\ble\\ble_services\\ble_srv_common.c 0x00000000   Number         0  ble_srv_common.o ABSOLUTE
    ..\\..\\..\\..\\..\\Source\\sd_common\\softdevice_handler.c 0x00000000   Number         0  softdevice_handler.o ABSOLUTE
    ..\\..\\..\\..\\..\\Source\\templates\\system_nrf51.c 0x00000000   Number         0  system_nrf51.o ABSOLUTE
    ..\\bootloader.c                         0x00000000   Number         0  bootloader.o ABSOLUTE
    ..\\bootloader_util_arm.c                0x00000000   Number         0  bootloader_util_arm.o ABSOLUTE
    ..\\dfu_dual_bank.c                      0x00000000   Number         0  dfu_dual_bank.o ABSOLUTE
    ..\\dfu_transport_ble.c                  0x00000000   Number         0  dfu_transport_ble.o ABSOLUTE
    ..\\main.c                               0x00000000   Number         0  main.o ABSOLUTE
    ..\arm_startup_nrf51.s                   0x00000000   Number         0  arm_startup_nrf51.o ABSOLUTE
    ..\bootloader.c                          0x00000000   Number         0  bootloader.o ABSOLUTE
    ..\bootloader_util_arm.c                 0x00000000   Number         0  bootloader_util_arm.o ABSOLUTE
    ..\dfu_dual_bank.c                       0x00000000   Number         0  dfu_dual_bank.o ABSOLUTE
    ..\dfu_transport_ble.c                   0x00000000   Number         0  dfu_transport_ble.o ABSOLUTE
    ..\main.c                                0x00000000   Number         0  main.o ABSOLUTE
    dc.s                                     0x00000000   Number         0  dc.o ABSOLUTE
    .ARM.__AT_0x0002B004                     0x0002b004   Section        4  main.o(.ARM.__AT_0x0002B004)
    RESET                                    0x0003c800   Section      192  arm_startup_nrf51.o(RESET)
    !!!main                                  0x0003c8c0   Section        8  __main.o(!!!main)
    !!!scatter                               0x0003c8c8   Section       60  __scatter.o(!!!scatter)
    !!handler_copy                           0x0003c904   Section       26  __scatter_copy.o(!!handler_copy)
    !!handler_zi                             0x0003c920   Section       28  __scatter_zi.o(!!handler_zi)
    .ARM.Collect$$libinit$$00000000          0x0003c93c   Section        2  libinit.o(.ARM.Collect$$libinit$$00000000)
    .ARM.Collect$$libinit$$00000001          0x0003c93e   Section        4  libinit2.o(.ARM.Collect$$libinit$$00000001)
    .ARM.Collect$$libinit$$00000008          0x0003c942   Section        0  libinit2.o(.ARM.Collect$$libinit$$00000008)
    .ARM.Collect$$libinit$$0000000A          0x0003c942   Section        0  libinit2.o(.ARM.Collect$$libinit$$0000000A)
    .ARM.Collect$$libinit$$0000000C          0x0003c942   Section        0  libinit2.o(.ARM.Collect$$libinit$$0000000C)
    .ARM.Collect$$libinit$$0000000F          0x0003c942   Section        0  libinit2.o(.ARM.Collect$$libinit$$0000000F)
    .ARM.Collect$$libinit$$00000011          0x0003c942   Section        0  libinit2.o(.ARM.Collect$$libinit$$00000011)
    .ARM.Collect$$libinit$$00000013          0x0003c942   Section        0  libinit2.o(.ARM.Collect$$libinit$$00000013)
    .ARM.Collect$$libinit$$00000015          0x0003c942   Section        0  libinit2.o(.ARM.Collect$$libinit$$00000015)
    .ARM.Collect$$libinit$$00000017          0x0003c942   Section        0  libinit2.o(.ARM.Collect$$libinit$$00000017)
    .ARM.Collect$$libinit$$00000019          0x0003c942   Section        0  libinit2.o(.ARM.Collect$$libinit$$00000019)
    .ARM.Collect$$libinit$$0000001B          0x0003c942   Section        0  libinit2.o(.ARM.Collect$$libinit$$0000001B)
    .ARM.Collect$$libinit$$0000001D          0x0003c942   Section        0  libinit2.o(.ARM.Collect$$libinit$$0000001D)
    .ARM.Collect$$libinit$$0000001F          0x0003c942   Section        0  libinit2.o(.ARM.Collect$$libinit$$0000001F)
    .ARM.Collect$$libinit$$00000021          0x0003c942   Section        0  libinit2.o(.ARM.Collect$$libinit$$00000021)
    .ARM.Collect$$libinit$$00000023          0x0003c942   Section        0  libinit2.o(.ARM.Collect$$libinit$$00000023)
    .ARM.Collect$$libinit$$0000002A          0x0003c942   Section        0  libinit2.o(.ARM.Collect$$libinit$$0000002A)
    .ARM.Collect$$libinit$$0000002C          0x0003c942   Section        0  libinit2.o(.ARM.Collect$$libinit$$0000002C)
    .ARM.Collect$$libinit$$0000002E          0x0003c942   Section        0  libinit2.o(.ARM.Collect$$libinit$$0000002E)
    .ARM.Collect$$libinit$$00000030          0x0003c942   Section        0  libinit2.o(.ARM.Collect$$libinit$$00000030)
    .ARM.Collect$$libinit$$00000031          0x0003c942   Section        2  libinit2.o(.ARM.Collect$$libinit$$00000031)
    .ARM.Collect$$libshutdown$$00000000      0x0003c944   Section        2  libshutdown.o(.ARM.Collect$$libshutdown$$00000000)
    .ARM.Collect$$libshutdown$$00000003      0x0003c946   Section        0  libshutdown2.o(.ARM.Collect$$libshutdown$$00000003)
    .ARM.Collect$$libshutdown$$00000006      0x0003c946   Section        0  libshutdown2.o(.ARM.Collect$$libshutdown$$00000006)
    .ARM.Collect$$libshutdown$$00000009      0x0003c946   Section        0  libshutdown2.o(.ARM.Collect$$libshutdown$$00000009)
    .ARM.Collect$$libshutdown$$0000000B      0x0003c946   Section        0  libshutdown2.o(.ARM.Collect$$libshutdown$$0000000B)
    .ARM.Collect$$libshutdown$$0000000E      0x0003c946   Section        0  libshutdown2.o(.ARM.Collect$$libshutdown$$0000000E)
    .ARM.Collect$$libshutdown$$0000000F      0x0003c946   Section        2  libshutdown2.o(.ARM.Collect$$libshutdown$$0000000F)
    .ARM.Collect$$rtentry$$00000000          0x0003c948   Section        0  rtentry.o(.ARM.Collect$$rtentry$$00000000)
    .ARM.Collect$$rtentry$$00000002          0x0003c948   Section        0  rtentry2.o(.ARM.Collect$$rtentry$$00000002)
    .ARM.Collect$$rtentry$$00000004          0x0003c948   Section        6  rtentry4.o(.ARM.Collect$$rtentry$$00000004)
    .ARM.Collect$$rtentry$$00000009          0x0003c94e   Section        0  rtentry2.o(.ARM.Collect$$rtentry$$00000009)
    .ARM.Collect$$rtentry$$0000000A          0x0003c94e   Section        4  rtentry2.o(.ARM.Collect$$rtentry$$0000000A)
    .ARM.Collect$$rtentry$$0000000C          0x0003c952   Section        0  rtentry2.o(.ARM.Collect$$rtentry$$0000000C)
    .ARM.Collect$$rtentry$$0000000D          0x0003c952   Section        8  rtentry2.o(.ARM.Collect$$rtentry$$0000000D)
    .ARM.Collect$$rtexit$$00000000           0x0003c95a   Section        2  rtexit.o(.ARM.Collect$$rtexit$$00000000)
    .ARM.Collect$$rtexit$$00000002           0x0003c95c   Section        0  rtexit2.o(.ARM.Collect$$rtexit$$00000002)
    .ARM.Collect$$rtexit$$00000003           0x0003c95c   Section        4  rtexit2.o(.ARM.Collect$$rtexit$$00000003)
    .ARM.Collect$$rtexit$$00000004           0x0003c960   Section        6  rtexit2.o(.ARM.Collect$$rtexit$$00000004)
    .emb_text                                0x0003c968   Section       12  bootloader_util_arm.o(.emb_text)
    .emb_text                                0x0003c974   Section       30  app_timer.o(.emb_text)
    .emb_text                                0x0003c994   Section       56  rt_memcpy.o(.emb_text)
    .text                                    0x0003c9cc   Section        0  system_nrf51.o(.text)
    is_manual_peripheral_setup_needed        0x0003ca0d   Thumb Code    66  system_nrf51.o(.text)
    .text                                    0x0003ca64   Section       72  arm_startup_nrf51.o(.text)
    .text                                    0x0003caac   Section        0  main.o(.text)
    sys_evt_dispatch                         0x0003cab5   Thumb Code     8  main.o(.text)
    NVIC_SystemReset                         0x0003cb79   Thumb Code    16  main.o(.text)
    app_timer_evt_schedule                   0x0003cb89   Thumb Code    18  main.o(.text)
    softdevice_evt_schedule                  0x0003cb9b   Thumb Code    14  main.o(.text)
    app_timer_evt_get                        0x0003cba9   Thumb Code    20  main.o(.text)
    softdevice_evt_get                       0x0003cbbd   Thumb Code    16  main.o(.text)
    .text                                    0x0003cc04   Section        0  dfu_dual_bank.o(.text)
    pstorage_callback_handler                0x0003cc05   Thumb Code    48  dfu_dual_bank.o(.text)
    dfu_timeout_handler                      0x0003cc35   Thumb Code    16  dfu_dual_bank.o(.text)
    dfu_timer_restart                        0x0003cc45   Thumb Code    60  dfu_dual_bank.o(.text)
    .text                                    0x0003cef8   Section        0  bootloader.o(.text)
    pstorage_callback_handler                0x0003cef9   Thumb Code    30  bootloader.o(.text)
    bootloader_settings_save                 0x0003cf37   Thumb Code    54  bootloader.o(.text)
    .text                                    0x0003d0ec   Section        0  bootloader_util_arm.o(.text)
    .text                                    0x0003d100   Section        0  ble_dfu.o(.text)
    on_ctrl_pt_write                         0x0003d157   Thumb Code   194  ble_dfu.o(.text)
    uint32_encode                            0x0003d3d3   Thumb Code    18  ble_dfu.o(.text)
    dfu_pkt_char_add                         0x0003d3e5   Thumb Code   124  ble_dfu.o(.text)
    dfu_ctrl_pt_add                          0x0003d461   Thumb Code   148  ble_dfu.o(.text)
    .text                                    0x0003d4f4   Section        0  app_timer.o(.text)
    NVIC_SetPriority                         0x0003d4f5   Thumb Code    60  app_timer.o(.text)
    timer_list_insert                        0x0003d531   Thumb Code    94  app_timer.o(.text)
    timer_timeouts_check                     0x0003d58f   Thumb Code   122  app_timer.o(.text)
    list_insertions_handler                  0x0003d609   Thumb Code   216  app_timer.o(.text)
    user_id_get                              0x0003d82f   Thumb Code    70  app_timer.o(.text)
    rtc1_stop                                0x0003d991   Thumb Code    34  app_timer.o(.text)
    timer_list_handler_sched                 0x0003d9b3   Thumb Code    12  app_timer.o(.text)
    elapsed_ticks_acquire                    0x0003d9bf   Thumb Code    58  app_timer.o(.text)
    list_deletions_handler                   0x0003d9f9   Thumb Code   144  app_timer.o(.text)
    expired_timers_handler                   0x0003da89   Thumb Code    82  app_timer.o(.text)
    compare_reg_update                       0x0003dadb   Thumb Code   134  app_timer.o(.text)
    user_op_alloc                            0x0003db61   Thumb Code    36  app_timer.o(.text)
    timer_list_remove                        0x0003db85   Thumb Code    88  app_timer.o(.text)
    .text                                    0x0003dbf4   Section        0  app_scheduler.o(.text)
    app_sched_event_get                      0x0003dd27   Thumb Code    62  app_scheduler.o(.text)
    .text                                    0x0003dda8   Section        0  app_gpiote.o(.text)
    .text                                    0x0003deb0   Section        0  crc16.o(.text)
    .text                                    0x0003deec   Section        0  softdevice_handler.o(.text)
    .text                                    0x0003e020   Section        0  pstorage.o(.text)
    cmd_queue_init_element                   0x0003e021   Thumb Code    26  pstorage.o(.text)
    process_cmd                              0x0003e03b   Thumb Code   112  pstorage.o(.text)
    cmd_queue_enqueue                        0x0003e0ab   Thumb Code   110  pstorage.o(.text)
    app_notify                               0x0003e119   Thumb Code    60  pstorage.o(.text)
    is_word_aligned                          0x0003e4d9   Thumb Code    12  pstorage.o(.text)
    cmd_queue_dequeue                        0x0003e4e5   Thumb Code    70  pstorage.o(.text)
    .text                                    0x0003e534   Section        0  ble_flash.o(.text)
    flash_page_erase                         0x0003e535   Thumb Code    34  ble_flash.o(.text)
    flash_word_write                         0x0003e557   Thumb Code    52  ble_flash.o(.text)
    .text                                    0x0003e5a4   Section        0  hci_mem_pool.o(.text)
    .text                                    0x0003e6ec   Section        0  dfu_transport_ble.o(.text)
    dfu_cb_handler                           0x0003e6ed   Thumb Code    50  dfu_transport_ble.o(.text)
    nrf_error_to_dfu_resp_val                0x0003e71f   Thumb Code    54  dfu_transport_ble.o(.text)
    dfu_error_notify                         0x0003e755   Thumb Code    38  dfu_transport_ble.o(.text)
    app_data_process                         0x0003e77b   Thumb Code   238  dfu_transport_ble.o(.text)
    conn_params_error_handler                0x0003e869   Thumb Code    14  dfu_transport_ble.o(.text)
    on_dfu_evt                               0x0003e8cd   Thumb Code   198  dfu_transport_ble.o(.text)
    advertising_start                        0x0003e993   Thumb Code    40  dfu_transport_ble.o(.text)
    on_ble_evt                               0x0003e9bb   Thumb Code   144  dfu_transport_ble.o(.text)
    ble_evt_dispatch                         0x0003ea4b   Thumb Code    26  dfu_transport_ble.o(.text)
    service_error_handler                    0x0003ea65   Thumb Code    14  dfu_transport_ble.o(.text)
    start_data_process                       0x0003eb4d   Thumb Code    82  dfu_transport_ble.o(.text)
    init_data_process                        0x0003eb9f   Thumb Code    98  dfu_transport_ble.o(.text)
    gap_params_init                          0x0003ec01   Thumb Code    72  dfu_transport_ble.o(.text)
    advertising_init                         0x0003ec49   Thumb Code   106  dfu_transport_ble.o(.text)
    sec_params_init                          0x0003ecb3   Thumb Code    34  dfu_transport_ble.o(.text)
    .text                                    0x0003ecf0   Section        0  ble_conn_params.o(.text)
    update_timeout_handler                   0x0003ecf1   Thumb Code    86  ble_conn_params.o(.text)
    conn_params_negotiation                  0x0003ed9b   Thumb Code    86  ble_conn_params.o(.text)
    is_conn_params_ok                        0x0003ee77   Thumb Code    26  ble_conn_params.o(.text)
    .text                                    0x0003eea0   Section        0  ble_advdata.o(.text)
    uuid_list_sized_encode                   0x0003eea1   Thumb Code   162  ble_advdata.o(.text)
    uuid_list_encode                         0x0003ef43   Thumb Code    38  ble_advdata.o(.text)
    adv_data_encode                          0x0003ef69   Thumb Code   360  ble_advdata.o(.text)
    uint16_encode                            0x0003f137   Thumb Code    10  ble_advdata.o(.text)
    name_encode                              0x0003f141   Thumb Code   106  ble_advdata.o(.text)
    conn_int_encode                          0x0003f1ab   Thumb Code   126  ble_advdata.o(.text)
    manuf_specific_data_encode               0x0003f229   Thumb Code   100  ble_advdata.o(.text)
    service_data_encode                      0x0003f28d   Thumb Code   122  ble_advdata.o(.text)
    .text                                    0x0003f30c   Section        0  rt_memcpy.o(.text)
    .text                                    0x0003f38e   Section        0  rt_memclr.o(.text)
    .text                                    0x0003f3ce   Section        0  uread4.o(.text)
    .text                                    0x0003f3f0   Section      346  aeabi_sdiv.o(.text)
    .text                                    0x0003f54a   Section        0  heapauxi.o(.text)
    .text                                    0x0003f550   Section       62  sys_stackheap_outer.o(.text)
    .text                                    0x0003f58e   Section        0  exit.o(.text)
    .text                                    0x0003f59c   Section        8  libspace.o(.text)
    .text                                    0x0003f5a4   Section        0  sys_exit.o(.text)
    .text                                    0x0003f5b0   Section        2  use_no_semi.o(.text)
    .text                                    0x0003f5b2   Section        0  indicate_semi.o(.text)
    i.__ARM_common_switch8                   0x0003f5b2   Section        0  ble_dfu.o(i.__ARM_common_switch8)
    .constdata                               0x0003f5cc   Section       16  ble_dfu.o(.constdata)
    .ARM.__AT_0x0003FC00                     0x0003fc00   Section     1024  bootloader_util_arm.o(.ARM.__AT_0x0003FC00)
    __tagsym$$used                           0x0003fc00   Number         0  bootloader_util_arm.o(.ARM.__AT_0x0003FC00)
    .ARM.__AT_0x10001014                     0x10001014   Section        4  bootloader_util_arm.o(.ARM.__AT_0x10001014)
    .data                                    0x20002400   Section        4  system_nrf51.o(.data)
    __tagsym$$used                           0x20002400   Number         0  system_nrf51.o(.data)
    .data                                    0x20002404   Section        4  main.o(.data)
    TestAdr                                  0x20002404   Data           4  main.o(.data)
    .data                                    0x20002408   Section       44  dfu_dual_bank.o(.data)
    m_dfu_timed_out                          0x20002408   Data           1  dfu_dual_bank.o(.data)
    m_init_packet_length                     0x20002409   Data           1  dfu_dual_bank.o(.data)
    m_image_crc                              0x2000240a   Data           2  dfu_dual_bank.o(.data)
    m_dfu_state                              0x2000240c   Data           4  dfu_dual_bank.o(.data)
    m_image_size                             0x20002410   Data           4  dfu_dual_bank.o(.data)
    m_new_app_max_size                       0x20002414   Data           4  dfu_dual_bank.o(.data)
    m_app_data_received                      0x20002418   Data           4  dfu_dual_bank.o(.data)
    m_dfu_timer_id                           0x2000241c   Data           4  dfu_dual_bank.o(.data)
    m_data_pkt_cb                            0x20002420   Data           4  dfu_dual_bank.o(.data)
    m_storage_handle_swap                    0x20002424   Data           8  dfu_dual_bank.o(.data)
    m_storage_handle_app                     0x2000242c   Data           8  dfu_dual_bank.o(.data)
    .data                                    0x20002434   Section       12  bootloader.o(.data)
    m_update_status                          0x20002434   Data           4  bootloader.o(.data)
    m_bootsettings_handle                    0x20002438   Data           8  bootloader.o(.data)
    .data                                    0x20002440   Section        8  ble_dfu.o(.data)
    m_is_dfu_service_initialized             0x20002440   Data           1  ble_dfu.o(.data)
    m_notif_buffer                           0x20002441   Data           7  ble_dfu.o(.data)
    .data                                    0x20002448   Section       32  app_timer.o(.data)
    m_node_array_size                        0x20002448   Data           1  app_timer.o(.data)
    m_user_array_size                        0x20002449   Data           1  app_timer.o(.data)
    m_ticks_elapsed_q_read_ind               0x2000244a   Data           1  app_timer.o(.data)
    m_ticks_elapsed_q_write_ind              0x2000244b   Data           1  app_timer.o(.data)
    mp_nodes                                 0x2000244c   Data           4  app_timer.o(.data)
    mp_users                                 0x20002450   Data           4  app_timer.o(.data)
    m_timer_id_head                          0x20002454   Data           4  app_timer.o(.data)
    m_ticks_latest                           0x20002458   Data           4  app_timer.o(.data)
    m_evt_schedule_func                      0x2000245c   Data           4  app_timer.o(.data)
    m_ticks_elapsed                          0x20002460   Data           8  app_timer.o(.data)
    .data                                    0x20002468   Section       16  app_scheduler.o(.data)
    m_queue_start_index                      0x20002468   Data           1  app_scheduler.o(.data)
    m_queue_end_index                        0x20002469   Data           1  app_scheduler.o(.data)
    m_queue_event_size                       0x2000246a   Data           2  app_scheduler.o(.data)
    m_queue_size                             0x2000246c   Data           2  app_scheduler.o(.data)
    m_queue_event_headers                    0x20002470   Data           4  app_scheduler.o(.data)
    m_queue_event_data                       0x20002474   Data           4  app_scheduler.o(.data)
    .data                                    0x20002478   Section       12  app_gpiote.o(.data)
    m_user_array_size                        0x20002478   Data           1  app_gpiote.o(.data)
    m_user_count                             0x20002479   Data           1  app_gpiote.o(.data)
    mp_users                                 0x2000247c   Data           4  app_gpiote.o(.data)
    m_enabled_users_mask                     0x20002480   Data           4  app_gpiote.o(.data)
    .data                                    0x20002484   Section       20  softdevice_handler.o(.data)
    m_softdevice_enabled                     0x20002484   Data           1  softdevice_handler.o(.data)
    m_ble_evt_buffer_size                    0x20002486   Data           2  softdevice_handler.o(.data)
    m_evt_schedule_func                      0x20002488   Data           4  softdevice_handler.o(.data)
    m_evt_buffer                             0x2000248c   Data           4  softdevice_handler.o(.data)
    m_ble_evt_handler                        0x20002490   Data           4  softdevice_handler.o(.data)
    m_sys_evt_handler                        0x20002494   Data           4  softdevice_handler.o(.data)
    .data                                    0x20002498   Section       24  pstorage.o(.data)
    m_module_initialized                     0x20002498   Data           1  pstorage.o(.data)
    m_next_app_instance                      0x2000249c   Data           4  pstorage.o(.data)
    m_next_page_addr                         0x200024a0   Data           4  pstorage.o(.data)
    m_round_val                              0x200024a4   Data           4  pstorage.o(.data)
    m_raw_app_table                          0x200024a8   Data           8  pstorage.o(.data)
    .data                                    0x200024b0   Section        1  ble_flash.o(.data)
    m_radio_active                           0x200024b0   Data           1  ble_flash.o(.data)
    .data                                    0x200024b1   Section        1  hci_mem_pool.o(.data)
    m_is_tx_allocated                        0x200024b1   Data           1  hci_mem_pool.o(.data)
    .data                                    0x200024b4   Section       26  dfu_transport_ble.o(.data)
    m_tear_down_in_progress                  0x200024b4   Data           1  dfu_transport_ble.o(.data)
    m_pkt_rcpt_notif_enabled                 0x200024b5   Data           1  dfu_transport_ble.o(.data)
    m_is_advertising                         0x200024b6   Data           1  dfu_transport_ble.o(.data)
    m_conn_handle                            0x200024b8   Data           2  dfu_transport_ble.o(.data)
    m_num_of_firmware_bytes_rcvd             0x200024ba   Data           2  dfu_transport_ble.o(.data)
    m_pkt_notif_target                       0x200024bc   Data           2  dfu_transport_ble.o(.data)
    m_pkt_notif_target_cnt                   0x200024be   Data           2  dfu_transport_ble.o(.data)
    m_pkt_type                               0x200024c0   Data           4  dfu_transport_ble.o(.data)
    mp_rx_buffer                             0x200024c4   Data           4  dfu_transport_ble.o(.data)
    m_sec_params                             0x200024c8   Data           6  dfu_transport_ble.o(.data)
    .data                                    0x200024d0   Section       24  ble_conn_params.o(.data)
    m_change_param                           0x200024d0   Data           1  ble_conn_params.o(.data)
    m_update_count                           0x200024d1   Data           1  ble_conn_params.o(.data)
    m_conn_handle                            0x200024d2   Data           2  ble_conn_params.o(.data)
    m_conn_params_timer_id                   0x200024d4   Data           4  ble_conn_params.o(.data)
    m_preferred_conn_params                  0x200024d8   Data           8  ble_conn_params.o(.data)
    m_current_conn_params                    0x200024e0   Data           8  ble_conn_params.o(.data)
    .bss                                     0x200024e8   Section     1012  main.o(.bss)
    app_gpiote_buf                           0x200024e8   Data          20  main.o(.bss)
    APP_TIMER_BUF                            0x200024fc   Data         576  main.o(.bss)
    EVT_BUFFER                               0x2000273c   Data          80  main.o(.bss)
    APP_SCHED_BUF                            0x2000278c   Data         336  main.o(.bss)
    .bss                                     0x200028dc   Section       76  dfu_dual_bank.o(.bss)
    m_init_packet                            0x200028dc   Data          64  dfu_dual_bank.o(.bss)
    m_storage_module_param                   0x2000291c   Data          12  dfu_dual_bank.o(.bss)
    .bss                                     0x20002928   Section       16  bootloader.o(.bss)
    settings                                 0x20002928   Data          16  bootloader.o(.bss)
    .bss                                     0x20002938   Section      264  pstorage.o(.bss)
    m_cmd_queue                              0x20002938   Data         244  pstorage.o(.bss)
    m_app_table                              0x20002a2c   Data          20  pstorage.o(.bss)
    .bss                                     0x20002a40   Section     1268  hci_mem_pool.o(.bss)
    tx_buffer                                0x20002a40   Data          32  hci_mem_pool.o(.bss)
    m_rx_buffer_elem_queue                   0x20002a60   Data        1208  hci_mem_pool.o(.bss)
    m_rx_buffer_queue                        0x20002f18   Data          28  hci_mem_pool.o(.bss)
    .bss                                     0x20002f34   Section       60  dfu_transport_ble.o(.bss)
    m_adv_params                             0x20002f34   Data          20  dfu_transport_ble.o(.bss)
    m_dfu                                    0x20002f48   Data          40  dfu_transport_ble.o(.bss)
    .bss                                     0x20002f70   Section       28  ble_conn_params.o(.bss)
    m_conn_params_config                     0x20002f70   Data          28  ble_conn_params.o(.bss)
    .bss                                     0x20002f8c   Section       96  libspace.o(.bss)
    HEAP                                     0x20002ff0   Section     1024  arm_startup_nrf51.o(HEAP)
    Heap_Mem                                 0x20002ff0   Data        1024  arm_startup_nrf51.o(HEAP)
    STACK                                    0x200033f0   Section     2048  arm_startup_nrf51.o(STACK)
    Stack_Mem                                0x200033f0   Data        2048  arm_startup_nrf51.o(STACK)
    __initial_sp                             0x20003bf0   Data           0  arm_startup_nrf51.o(STACK)

    Global Symbols

    Symbol Name                              Value     Ov Type        Size  Object(Section)

    BuildAttributes$$THM_ISAv3M$S$PE$A:L22$X:L11$S22$IEEE1$IW$USESV6$~STKCKD$USESV7$ENUMINT$~SHL$OSPACE$ROPI$EBA8$UX$STANDARDLIB$REQ8$PRES8$EABIv2 0x00000000   Number         0  anon$$obj.o ABSOLUTE
    __ARM_use_no_argv                        0x00000000   Number         0  main.o ABSOLUTE
    __ARM_exceptions_init                     - Undefined Weak Reference
    __alloca_initialize                       - Undefined Weak Reference
    __cpp_initialize__aeabi_                  - Undefined Weak Reference
    __cxa_finalize                            - Undefined Weak Reference
    __rt_locale                               - Undefined Weak Reference
    __sigvec_lookup                           - Undefined Weak Reference
    _atexit_init                              - Undefined Weak Reference
    _call_atexit_fns                          - Undefined Weak Reference
    _clock_init                               - Undefined Weak Reference
    _fp_trap_init                             - Undefined Weak Reference
    _fp_trap_shutdown                         - Undefined Weak Reference
    _get_lc_collate                           - Undefined Weak Reference
    _get_lc_ctype                             - Undefined Weak Reference
    _get_lc_monetary                          - Undefined Weak Reference
    _get_lc_numeric                           - Undefined Weak Reference
    _get_lc_time                              - Undefined Weak Reference
    _getenv_init                              - Undefined Weak Reference
    _handle_redirection                       - Undefined Weak Reference
    _init_alloc                               - Undefined Weak Reference
    _init_user_alloc                          - Undefined Weak Reference
    _initio                                   - Undefined Weak Reference
    _rand_init                                - Undefined Weak Reference
    _signal_finish                            - Undefined Weak Reference
    _signal_init                              - Undefined Weak Reference
    _terminate_alloc                          - Undefined Weak Reference
    _terminate_user_alloc                     - Undefined Weak Reference
    _terminateio                              - Undefined Weak Reference
    __Vectors_Size                           0x000000c0   Number         0  arm_startup_nrf51.o ABSOLUTE
    BluetoothDFU                             0x0002b004   Data           4  main.o(.ARM.__AT_0x0002B004)
    __Vectors                                0x0003c800   Data           4  arm_startup_nrf51.o(RESET)
    __Vectors_End                            0x0003c8c0   Data           0  arm_startup_nrf51.o(RESET)
    __main                                   0x0003c8c1   Thumb Code     8  __main.o(!!!main)
    __scatterload                            0x0003c8c9   Thumb Code     0  __scatter.o(!!!scatter)
    __scatterload_rt2                        0x0003c8c9   Thumb Code    52  __scatter.o(!!!scatter)
    __scatterload_rt2_thumb_only             0x0003c8c9   Thumb Code     0  __scatter.o(!!!scatter)
    __scatterload_null                       0x0003c8d9   Thumb Code     0  __scatter.o(!!!scatter)
    __scatterload_copy                       0x0003c905   Thumb Code    26  __scatter_copy.o(!!handler_copy)
    __scatterload_zeroinit                   0x0003c921   Thumb Code    28  __scatter_zi.o(!!handler_zi)
    __rt_lib_init                            0x0003c93d   Thumb Code     0  libinit.o(.ARM.Collect$$libinit$$00000000)
    __rt_lib_init_fp_1                       0x0003c93f   Thumb Code     0  libinit2.o(.ARM.Collect$$libinit$$00000001)
    __rt_lib_init_alloca_1                   0x0003c943   Thumb Code     0  libinit2.o(.ARM.Collect$$libinit$$0000002C)
    __rt_lib_init_argv_1                     0x0003c943   Thumb Code     0  libinit2.o(.ARM.Collect$$libinit$$0000002A)
    __rt_lib_init_atexit_1                   0x0003c943   Thumb Code     0  libinit2.o(.ARM.Collect$$libinit$$00000019)
    __rt_lib_init_clock_1                    0x0003c943   Thumb Code     0  libinit2.o(.ARM.Collect$$libinit$$0000001F)
    __rt_lib_init_cpp_1                      0x0003c943   Thumb Code     0  libinit2.o(.ARM.Collect$$libinit$$00000030)
    __rt_lib_init_exceptions_1               0x0003c943   Thumb Code     0  libinit2.o(.ARM.Collect$$libinit$$0000002E)
    __rt_lib_init_fp_trap_1                  0x0003c943   Thumb Code     0  libinit2.o(.ARM.Collect$$libinit$$0000001D)
    __rt_lib_init_getenv_1                   0x0003c943   Thumb Code     0  libinit2.o(.ARM.Collect$$libinit$$00000021)
    __rt_lib_init_heap_1                     0x0003c943   Thumb Code     0  libinit2.o(.ARM.Collect$$libinit$$00000008)
    __rt_lib_init_lc_collate_1               0x0003c943   Thumb Code     0  libinit2.o(.ARM.Collect$$libinit$$0000000F)
    __rt_lib_init_lc_ctype_1                 0x0003c943   Thumb Code     0  libinit2.o(.ARM.Collect$$libinit$$00000011)
    __rt_lib_init_lc_monetary_1              0x0003c943   Thumb Code     0  libinit2.o(.ARM.Collect$$libinit$$00000013)
    __rt_lib_init_lc_numeric_1               0x0003c943   Thumb Code     0  libinit2.o(.ARM.Collect$$libinit$$00000015)
    __rt_lib_init_lc_time_1                  0x0003c943   Thumb Code     0  libinit2.o(.ARM.Collect$$libinit$$00000017)
    __rt_lib_init_rand_1                     0x0003c943   Thumb Code     0  libinit2.o(.ARM.Collect$$libinit$$0000000C)
    __rt_lib_init_return                     0x0003c943   Thumb Code     0  libinit2.o(.ARM.Collect$$libinit$$00000031)
    __rt_lib_init_signal_1                   0x0003c943   Thumb Code     0  libinit2.o(.ARM.Collect$$libinit$$0000001B)
    __rt_lib_init_stdio_1                    0x0003c943   Thumb Code     0  libinit2.o(.ARM.Collect$$libinit$$00000023)
    __rt_lib_init_user_alloc_1               0x0003c943   Thumb Code     0  libinit2.o(.ARM.Collect$$libinit$$0000000A)
    __rt_lib_shutdown                        0x0003c945   Thumb Code     0  libshutdown.o(.ARM.Collect$$libshutdown$$00000000)
    __rt_lib_shutdown_fp_trap_1              0x0003c947   Thumb Code     0  libshutdown2.o(.ARM.Collect$$libshutdown$$00000006)
    __rt_lib_shutdown_heap_1                 0x0003c947   Thumb Code     0  libshutdown2.o(.ARM.Collect$$libshutdown$$0000000E)
    __rt_lib_shutdown_return                 0x0003c947   Thumb Code     0  libshutdown2.o(.ARM.Collect$$libshutdown$$0000000F)
    __rt_lib_shutdown_signal_1               0x0003c947   Thumb Code     0  libshutdown2.o(.ARM.Collect$$libshutdown$$00000009)
    __rt_lib_shutdown_stdio_1                0x0003c947   Thumb Code     0  libshutdown2.o(.ARM.Collect$$libshutdown$$00000003)
    __rt_lib_shutdown_user_alloc_1           0x0003c947   Thumb Code     0  libshutdown2.o(.ARM.Collect$$libshutdown$$0000000B)
    __rt_entry                               0x0003c949   Thumb Code     0  rtentry.o(.ARM.Collect$$rtentry$$00000000)
    __rt_entry_presh_1                       0x0003c949   Thumb Code     0  rtentry2.o(.ARM.Collect$$rtentry$$00000002)
    __rt_entry_sh                            0x0003c949   Thumb Code     0  rtentry4.o(.ARM.Collect$$rtentry$$00000004)
    __rt_entry_li                            0x0003c94f   Thumb Code     0  rtentry2.o(.ARM.Collect$$rtentry$$0000000A)
    __rt_entry_postsh_1                      0x0003c94f   Thumb Code     0  rtentry2.o(.ARM.Collect$$rtentry$$00000009)
    __rt_entry_main                          0x0003c953   Thumb Code     0  rtentry2.o(.ARM.Collect$$rtentry$$0000000D)
    __rt_entry_postli_1                      0x0003c953   Thumb Code     0  rtentry2.o(.ARM.Collect$$rtentry$$0000000C)
    __rt_exit                                0x0003c95b   Thumb Code     0  rtexit.o(.ARM.Collect$$rtexit$$00000000)
    __rt_exit_ls                             0x0003c95d   Thumb Code     0  rtexit2.o(.ARM.Collect$$rtexit$$00000003)
    __rt_exit_prels_1                        0x0003c95d   Thumb Code     0  rtexit2.o(.ARM.Collect$$rtexit$$00000002)
    __rt_exit_exit                           0x0003c961   Thumb Code     0  rtexit2.o(.ARM.Collect$$rtexit$$00000004)
    StartApplication                         0x0003c969   Thumb Code    12  bootloader_util_arm.o(.emb_text)
    __asm___11_app_timer_c_cd27f9c3__nrf_delay_us 0x0003c975   Thumb Code    30  app_timer.o(.emb_text)
    __aeabi_memcpy4                          0x0003c995   Thumb Code    56  rt_memcpy.o(.emb_text)
    __aeabi_memcpy8                          0x0003c995   Thumb Code     0  rt_memcpy.o(.emb_text)
    SystemInit                               0x0003c9cd   Thumb Code    64  system_nrf51.o(.text)
    Reset_Handler                            0x0003ca65   Thumb Code    18  arm_startup_nrf51.o(.text)
    NMI_Handler                              0x0003ca77   Thumb Code     2  arm_startup_nrf51.o(.text)
    HardFault_Handler                        0x0003ca79   Thumb Code     2  arm_startup_nrf51.o(.text)
    SVC_Handler                              0x0003ca7b   Thumb Code     2  arm_startup_nrf51.o(.text)
    PendSV_Handler                           0x0003ca7d   Thumb Code     2  arm_startup_nrf51.o(.text)
    SysTick_Handler                          0x0003ca7f   Thumb Code     2  arm_startup_nrf51.o(.text)
    ADC_IRQHandler                           0x0003ca81   Thumb Code     0  arm_startup_nrf51.o(.text)
    CCM_AAR_IRQHandler                       0x0003ca81   Thumb Code     0  arm_startup_nrf51.o(.text)
    ECB_IRQHandler                           0x0003ca81   Thumb Code     0  arm_startup_nrf51.o(.text)
    LPCOMP_IRQHandler                        0x0003ca81   Thumb Code     0  arm_startup_nrf51.o(.text)
    POWER_CLOCK_IRQHandler                   0x0003ca81   Thumb Code     0  arm_startup_nrf51.o(.text)
    QDEC_IRQHandler                          0x0003ca81   Thumb Code     0  arm_startup_nrf51.o(.text)
    RADIO_IRQHandler                         0x0003ca81   Thumb Code     0  arm_startup_nrf51.o(.text)
    RNG_IRQHandler                           0x0003ca81   Thumb Code     0  arm_startup_nrf51.o(.text)
    RTC0_IRQHandler                          0x0003ca81   Thumb Code     0  arm_startup_nrf51.o(.text)
    SPI0_TWI0_IRQHandler                     0x0003ca81   Thumb Code     0  arm_startup_nrf51.o(.text)
    SPI1_TWI1_IRQHandler                     0x0003ca81   Thumb Code     0  arm_startup_nrf51.o(.text)
    SWI1_IRQHandler                          0x0003ca81   Thumb Code     0  arm_startup_nrf51.o(.text)
    SWI3_IRQHandler                          0x0003ca81   Thumb Code     0  arm_startup_nrf51.o(.text)
    SWI4_IRQHandler                          0x0003ca81   Thumb Code     0  arm_startup_nrf51.o(.text)
    SWI5_IRQHandler                          0x0003ca81   Thumb Code     0  arm_startup_nrf51.o(.text)
    TEMP_IRQHandler                          0x0003ca81   Thumb Code     0  arm_startup_nrf51.o(.text)
    TIMER0_IRQHandler                        0x0003ca81   Thumb Code     0  arm_startup_nrf51.o(.text)
    TIMER1_IRQHandler                        0x0003ca81   Thumb Code     0  arm_startup_nrf51.o(.text)
    TIMER2_IRQHandler                        0x0003ca81   Thumb Code     0  arm_startup_nrf51.o(.text)
    UART0_IRQHandler                         0x0003ca81   Thumb Code     0  arm_startup_nrf51.o(.text)
    WDT_IRQHandler                           0x0003ca81   Thumb Code     0  arm_startup_nrf51.o(.text)
    __user_initial_stackheap                 0x0003ca85   Thumb Code     0  arm_startup_nrf51.o(.text)
    app_error_handler                        0x0003caad   Thumb Code     4  main.o(.text)
    assert_nrf_callback                      0x0003cab1   Thumb Code     4  main.o(.text)
    main                                     0x0003cabd   Thumb Code   188  main.o(.text)
    dfu_init                                 0x0003cc81   Thumb Code   170  dfu_dual_bank.o(.text)
    dfu_register_callback                    0x0003cd2b   Thumb Code     6  dfu_dual_bank.o(.text)
    dfu_image_size_set                       0x0003cd31   Thumb Code    50  dfu_dual_bank.o(.text)
    dfu_data_pkt_handle                      0x0003cd63   Thumb Code   110  dfu_dual_bank.o(.text)
    dfu_init_pkt_handle                      0x0003cdd1   Thumb Code    74  dfu_dual_bank.o(.text)
    dfu_image_validate                       0x0003ce1b   Thumb Code    76  dfu_dual_bank.o(.text)
    dfu_image_activate                       0x0003ce67   Thumb Code   100  dfu_dual_bank.o(.text)
    dfu_reset                                0x0003cecb   Thumb Code    10  dfu_dual_bank.o(.text)
    bootloader_app_is_valid                  0x0003cf17   Thumb Code    32  bootloader.o(.text)
    bootloader_dfu_update_process            0x0003cf6d   Thumb Code   142  bootloader.o(.text)
    bootloader_dfu_start                     0x0003cffb   Thumb Code    88  bootloader.o(.text)
    bootloader_app_start                     0x0003d053   Thumb Code    82  bootloader.o(.text)
    bootloader_settings_get                  0x0003d0a5   Thumb Code    38  bootloader.o(.text)
    bootloader_util_app_start                0x0003d0ed   Thumb Code     8  bootloader_util_arm.o(.text)
    bootloader_util_settings_get             0x0003d0f5   Thumb Code     6  bootloader_util_arm.o(.text)
    ble_dfu_response_send                    0x0003d101   Thumb Code    86  ble_dfu.o(.text)
    ble_dfu_init                             0x0003d219   Thumb Code   116  ble_dfu.o(.text)
    ble_dfu_on_ble_evt                       0x0003d28d   Thumb Code   116  ble_dfu.o(.text)
    ble_dfu_bytes_rcvd_report                0x0003d301   Thumb Code   110  ble_dfu.o(.text)
    ble_dfu_pkts_rcpt_notify                 0x0003d36f   Thumb Code   100  ble_dfu.o(.text)
    RTC1_IRQHandler                          0x0003d6e1   Thumb Code    22  app_timer.o(.text)
    SWI0_IRQHandler                          0x0003d6f7   Thumb Code    76  app_timer.o(.text)
    app_timer_init                           0x0003d743   Thumb Code   164  app_timer.o(.text)
    app_timer_create                         0x0003d7e7   Thumb Code    72  app_timer.o(.text)
    app_timer_start                          0x0003d875   Thumb Code   204  app_timer.o(.text)
    app_timer_stop                           0x0003d941   Thumb Code    80  app_timer.o(.text)
    app_sched_init                           0x0003dbf5   Thumb Code    40  app_scheduler.o(.text)
    app_sched_event_put                      0x0003dc1d   Thumb Code   236  app_scheduler.o(.text)
    app_sched_execute                        0x0003dd09   Thumb Code    30  app_scheduler.o(.text)
    GPIOTE_IRQHandler                        0x0003dda9   Thumb Code   152  app_gpiote.o(.text)
    app_gpiote_init                          0x0003de41   Thumb Code    78  app_gpiote.o(.text)
    crc16_compute                            0x0003deb1   Thumb Code    54  crc16.o(.text)
    softdevice_assertion_handler             0x0003deed   Thumb Code    12  softdevice_handler.o(.text)
    intern_softdevice_events_execute         0x0003def9   Thumb Code   124  softdevice_handler.o(.text)
    softdevice_handler_init                  0x0003df75   Thumb Code    40  softdevice_handler.o(.text)
    softdevice_ble_evt_handler_set           0x0003df9d   Thumb Code    16  softdevice_handler.o(.text)
    softdevice_sys_evt_handler_set           0x0003dfad   Thumb Code    16  softdevice_handler.o(.text)
    SWI2_IRQHandler                          0x0003dfbd   Thumb Code    34  softdevice_handler.o(.text)
    pstorage_sys_event_handler               0x0003e155   Thumb Code    74  pstorage.o(.text)
    pstorage_init                            0x0003e19f   Thumb Code    78  pstorage.o(.text)
    pstorage_register                        0x0003e1ed   Thumb Code   176  pstorage.o(.text)
    pstorage_store                           0x0003e29d   Thumb Code   126  pstorage.o(.text)
    pstorage_load                            0x0003e31b   Thumb Code   126  pstorage.o(.text)
    pstorage_clear                           0x0003e399   Thumb Code    78  pstorage.o(.text)
    pstorage_raw_register                    0x0003e3e7   Thumb Code    66  pstorage.o(.text)
    pstorage_raw_store                       0x0003e429   Thumb Code    96  pstorage.o(.text)
    pstorage_raw_clear                       0x0003e489   Thumb Code    80  pstorage.o(.text)
    ble_flash_word_write                     0x0003e58b   Thumb Code    10  ble_flash.o(.text)
    F_flash_page_erase                       0x0003e595   Thumb Code     2  ble_flash.o(.text)
    hci_mem_pool_open                        0x0003e5a5   Thumb Code    30  hci_mem_pool.o(.text)
    hci_mem_pool_rx_produce                  0x0003e5c3   Thumb Code    82  hci_mem_pool.o(.text)
    hci_mem_pool_rx_consume                  0x0003e615   Thumb Code   104  hci_mem_pool.o(.text)
    hci_mem_pool_rx_data_size_set            0x0003e67d   Thumb Code    26  hci_mem_pool.o(.text)
    hci_mem_pool_rx_extract                  0x0003e697   Thumb Code    72  hci_mem_pool.o(.text)
    dfu_transport_close                      0x0003e877   Thumb Code    86  dfu_transport_ble.o(.text)
    dfu_transport_update_start               0x0003ea73   Thumb Code   218  dfu_transport_ble.o(.text)
    ble_conn_params_init                     0x0003ed47   Thumb Code    72  ble_conn_params.o(.text)
    ble_conn_params_stop                     0x0003ed8f   Thumb Code    12  ble_conn_params.o(.text)
    ble_conn_params_on_ble_evt               0x0003edf1   Thumb Code   134  ble_conn_params.o(.text)
    ble_advdata_set                          0x0003f0d1   Thumb Code   102  ble_advdata.o(.text)
    __aeabi_memcpy                           0x0003f30d   Thumb Code   130  rt_memcpy.o(.text)
    __rt_memcpy                              0x0003f30d   Thumb Code     0  rt_memcpy.o(.text)
    _memset_w                                0x0003f38f   Thumb Code    26  rt_memclr.o(.text)
    _memset                                  0x0003f3a9   Thumb Code    30  rt_memclr.o(.text)
    __aeabi_memclr                           0x0003f3c7   Thumb Code     4  rt_memclr.o(.text)
    __rt_memclr                              0x0003f3c7   Thumb Code     0  rt_memclr.o(.text)
    __aeabi_memclr4                          0x0003f3cb   Thumb Code     0  rt_memclr.o(.text)
    __aeabi_memclr8                          0x0003f3cb   Thumb Code     0  rt_memclr.o(.text)
    __rt_memclr_w                            0x0003f3cb   Thumb Code     4  rt_memclr.o(.text)
    __aeabi_uread4                           0x0003f3cf   Thumb Code    34  uread4.o(.text)
    __rt_uread4                              0x0003f3cf   Thumb Code     0  uread4.o(.text)
    __aeabi_uidiv                            0x0003f3f1   Thumb Code     0  aeabi_sdiv.o(.text)
    __aeabi_uidivmod                         0x0003f3f1   Thumb Code    20  aeabi_sdiv.o(.text)
    __aeabi_idiv                             0x0003f405   Thumb Code     0  aeabi_sdiv.o(.text)
    __aeabi_idivmod                          0x0003f405   Thumb Code   326  aeabi_sdiv.o(.text)
    __use_two_region_memory                  0x0003f54b   Thumb Code     2  heapauxi.o(.text)
    __rt_heap_escrow$2region                 0x0003f54d   Thumb Code     2  heapauxi.o(.text)
    __rt_heap_expand$2region                 0x0003f54f   Thumb Code     2  heapauxi.o(.text)
    __user_setup_stackheap                   0x0003f551   Thumb Code    62  sys_stackheap_outer.o(.text)
    exit                                     0x0003f58f   Thumb Code    12  exit.o(.text)
    __user_libspace                          0x0003f59d   Thumb Code     8  libspace.o(.text)
    __user_perproc_libspace                  0x0003f59d   Thumb Code     0  libspace.o(.text)
    __user_perthread_libspace                0x0003f59d   Thumb Code     0  libspace.o(.text)
    _sys_exit                                0x0003f5a5   Thumb Code     8  sys_exit.o(.text)
    __I$use$semihosting                      0x0003f5b1   Thumb Code     0  use_no_semi.o(.text)
    __use_no_semihosting_swi                 0x0003f5b1   Thumb Code     2  use_no_semi.o(.text)
    __ARM_common_switch8                     0x0003f5b3   Thumb Code    26  ble_dfu.o(i.__ARM_common_switch8)
    __semihosting_library_function           0x0003f5b3   Thumb Code     0  indicate_semi.o(.text)
    Region$$Table$$Base                      0x0003f5dc   Number         0  anon$$obj.o(Region$$Table)
    Region$$Table$$Limit                     0x0003f5fc   Number         0  anon$$obj.o(Region$$Table)
    m_boot_settings                          0x0003fc00   Data        1024  bootloader_util_arm.o(.ARM.__AT_0x0003FC00)
    m_uicr_bootloader_start_address          0x10001014   Data           4  bootloader_util_arm.o(.ARM.__AT_0x10001014)
    SystemCoreClock                          0x20002400   Data           4  system_nrf51.o(.data)
    __libspace_start                         0x20002f8c   Data          96  libspace.o(.bss)
    __temporary_stack_top$libspace           0x20002fec   Data           0  libspace.o(.bss)



==============================================================================

Memory Map of the image

  Image Entry point : 0x0003c8c1

  Load Region LR_IROM1 (Base: 0x0003c800, Size: 0x00002ee4, Max: 0x00003400, ABSOLUTE)

    Execution Region ER_IROM1 (Base: 0x0003c800, Size: 0x00002dfc, Max: 0x00003400, ABSOLUTE)

    Base Addr    Size         Type   Attr      Idx    E Section Name        Object

    0x0003c800   0x000000c0   Data   RO           68    RESET               arm_startup_nrf51.o
    0x0003c8c0   0x00000008   Code   RO          957  * !!!main             c_p.l(__main.o)
    0x0003c8c8   0x0000003c   Code   RO         1123    !!!scatter          c_p.l(__scatter.o)
    0x0003c904   0x0000001a   Code   RO         1125    !!handler_copy      c_p.l(__scatter_copy.o)
    0x0003c91e   0x00000002   PAD
    0x0003c920   0x0000001c   Code   RO         1127    !!handler_zi        c_p.l(__scatter_zi.o)
    0x0003c93c   0x00000002   Code   RO          995    .ARM.Collect$$libinit$$00000000  c_p.l(libinit.o)
    0x0003c93e   0x00000004   Code   RO         1008    .ARM.Collect$$libinit$$00000001  c_p.l(libinit2.o)
    0x0003c942   0x00000000   Code   RO         1012    .ARM.Collect$$libinit$$00000008  c_p.l(libinit2.o)
    0x0003c942   0x00000000   Code   RO         1014    .ARM.Collect$$libinit$$0000000A  c_p.l(libinit2.o)
    0x0003c942   0x00000000   Code   RO         1016    .ARM.Collect$$libinit$$0000000C  c_p.l(libinit2.o)
    0x0003c942   0x00000000   Code   RO         1019    .ARM.Collect$$libinit$$0000000F  c_p.l(libinit2.o)
    0x0003c942   0x00000000   Code   RO         1021    .ARM.Collect$$libinit$$00000011  c_p.l(libinit2.o)
    0x0003c942   0x00000000   Code   RO         1023    .ARM.Collect$$libinit$$00000013  c_p.l(libinit2.o)
    0x0003c942   0x00000000   Code   RO         1025    .ARM.Collect$$libinit$$00000015  c_p.l(libinit2.o)
    0x0003c942   0x00000000   Code   RO         1027    .ARM.Collect$$libinit$$00000017  c_p.l(libinit2.o)
    0x0003c942   0x00000000   Code   RO         1029    .ARM.Collect$$libinit$$00000019  c_p.l(libinit2.o)
    0x0003c942   0x00000000   Code   RO         1031    .ARM.Collect$$libinit$$0000001B  c_p.l(libinit2.o)
    0x0003c942   0x00000000   Code   RO         1033    .ARM.Collect$$libinit$$0000001D  c_p.l(libinit2.o)
    0x0003c942   0x00000000   Code   RO         1035    .ARM.Collect$$libinit$$0000001F  c_p.l(libinit2.o)
    0x0003c942   0x00000000   Code   RO         1037    .ARM.Collect$$libinit$$00000021  c_p.l(libinit2.o)
    0x0003c942   0x00000000   Code   RO         1039    .ARM.Collect$$libinit$$00000023  c_p.l(libinit2.o)
    0x0003c942   0x00000000   Code   RO         1043    .ARM.Collect$$libinit$$0000002A  c_p.l(libinit2.o)
    0x0003c942   0x00000000   Code   RO         1045    .ARM.Collect$$libinit$$0000002C  c_p.l(libinit2.o)
    0x0003c942   0x00000000   Code   RO         1047    .ARM.Collect$$libinit$$0000002E  c_p.l(libinit2.o)
    0x0003c942   0x00000000   Code   RO         1049    .ARM.Collect$$libinit$$00000030  c_p.l(libinit2.o)
    0x0003c942   0x00000002   Code   RO         1050    .ARM.Collect$$libinit$$00000031  c_p.l(libinit2.o)
    0x0003c944   0x00000002   Code   RO         1081    .ARM.Collect$$libshutdown$$00000000  c_p.l(libshutdown.o)
    0x0003c946   0x00000000   Code   RO         1108    .ARM.Collect$$libshutdown$$00000003  c_p.l(libshutdown2.o)
    0x0003c946   0x00000000   Code   RO         1111    .ARM.Collect$$libshutdown$$00000006  c_p.l(libshutdown2.o)
    0x0003c946   0x00000000   Code   RO         1114    .ARM.Collect$$libshutdown$$00000009  c_p.l(libshutdown2.o)
    0x0003c946   0x00000000   Code   RO         1116    .ARM.Collect$$libshutdown$$0000000B  c_p.l(libshutdown2.o)
    0x0003c946   0x00000000   Code   RO         1119    .ARM.Collect$$libshutdown$$0000000E  c_p.l(libshutdown2.o)
    0x0003c946   0x00000002   Code   RO         1120    .ARM.Collect$$libshutdown$$0000000F  c_p.l(libshutdown2.o)
    0x0003c948   0x00000000   Code   RO          959    .ARM.Collect$$rtentry$$00000000  c_p.l(rtentry.o)
    0x0003c948   0x00000000   Code   RO          965    .ARM.Collect$$rtentry$$00000002  c_p.l(rtentry2.o)
    0x0003c948   0x00000006   Code   RO          977    .ARM.Collect$$rtentry$$00000004  c_p.l(rtentry4.o)
    0x0003c94e   0x00000000   Code   RO          967    .ARM.Collect$$rtentry$$00000009  c_p.l(rtentry2.o)
    0x0003c94e   0x00000004   Code   RO          968    .ARM.Collect$$rtentry$$0000000A  c_p.l(rtentry2.o)
    0x0003c952   0x00000000   Code   RO          970    .ARM.Collect$$rtentry$$0000000C  c_p.l(rtentry2.o)
    0x0003c952   0x00000008   Code   RO          971    .ARM.Collect$$rtentry$$0000000D  c_p.l(rtentry2.o)
    0x0003c95a   0x00000002   Code   RO         1000    .ARM.Collect$$rtexit$$00000000  c_p.l(rtexit.o)
    0x0003c95c   0x00000000   Code   RO         1054    .ARM.Collect$$rtexit$$00000002  c_p.l(rtexit2.o)
    0x0003c95c   0x00000004   Code   RO         1055    .ARM.Collect$$rtexit$$00000003  c_p.l(rtexit2.o)
    0x0003c960   0x00000006   Code   RO         1056    .ARM.Collect$$rtexit$$00000004  c_p.l(rtexit2.o)
    0x0003c966   0x00000002   PAD
    0x0003c968   0x0000000c   Code   RO          300    .emb_text           bootloader_util_arm.o
    0x0003c974   0x0000001e   Code   RO          390    .emb_text           app_timer.o
    0x0003c992   0x00000002   PAD
    0x0003c994   0x00000038   Code   RO          943    .emb_text           c_p.l(rt_memcpy.o)
    0x0003c9cc   0x00000098   Code   RO            4    .text               system_nrf51.o
    0x0003ca64   0x00000048   Code   RO           69    .text               arm_startup_nrf51.o
    0x0003caac   0x00000158   Code   RO           75    .text               main.o
    0x0003cc04   0x000002f4   Code   RO          229    .text               dfu_dual_bank.o
    0x0003cef8   0x000001f4   Code   RO          271    .text               bootloader.o
    0x0003d0ec   0x00000014   Code   RO          301    .text               bootloader_util_arm.o
    0x0003d100   0x000003f4   Code   RO          329    .text               ble_dfu.o
    0x0003d4f4   0x00000700   Code   RO          391    .text               app_timer.o
    0x0003dbf4   0x000001b4   Code   RO          465    .text               app_scheduler.o
    0x0003dda8   0x00000108   Code   RO          508    .text               app_gpiote.o
    0x0003deb0   0x0000003c   Code   RO          566    .text               crc16.o
    0x0003deec   0x00000134   Code   RO          580    .text               softdevice_handler.o
    0x0003e020   0x00000514   Code   RO          656    .text               pstorage.o
    0x0003e534   0x00000070   Code   RO          686    .text               ble_flash.o
    0x0003e5a4   0x00000148   Code   RO          747    .text               hci_mem_pool.o
    0x0003e6ec   0x00000604   Code   RO          788    .text               dfu_transport_ble.o
    0x0003ecf0   0x000001b0   Code   RO          848    .text               ble_conn_params.o
    0x0003eea0   0x0000046c   Code   RO          886    .text               ble_advdata.o
    0x0003f30c   0x00000082   Code   RO          944    .text               c_p.l(rt_memcpy.o)
    0x0003f38e   0x00000040   Code   RO          947    .text               c_p.l(rt_memclr.o)
    0x0003f3ce   0x00000022   Code   RO          949    .text               c_p.l(uread4.o)
    0x0003f3f0   0x0000015a   Code   RO          951    .text               c_p.l(aeabi_sdiv.o)
    0x0003f54a   0x00000006   Code   RO          955    .text               c_p.l(heapauxi.o)
    0x0003f550   0x0000003e   Code   RO          981    .text               c_p.l(sys_stackheap_outer.o)
    0x0003f58e   0x0000000c   Code   RO          984    .text               c_p.l(exit.o)
    0x0003f59a   0x00000002   PAD
    0x0003f59c   0x00000008   Code   RO          996    .text               c_p.l(libspace.o)
    0x0003f5a4   0x0000000c   Code   RO         1051    .text               c_p.l(sys_exit.o)
    0x0003f5b0   0x00000002   Code   RO         1070    .text               c_p.l(use_no_semi.o)
    0x0003f5b2   0x00000000   Code   RO         1072    .text               c_p.l(indicate_semi.o)
    0x0003f5b2   0x0000001a   Code   RO          347    i.__ARM_common_switch8  ble_dfu.o
    0x0003f5cc   0x00000010   Data   RO          330    .constdata          ble_dfu.o
    0x0003f5dc   0x00000020   Data   RO         1121    Region$$Table       anon$$obj.o


    Execution Region RW_IRAM1 (Base: 0x20002400, Size: 0x000017f0, Max: 0x00001c00, ABSOLUTE)

    Base Addr    Size         Type   Attr      Idx    E Section Name        Object

    0x20002400   0x00000004   Data   RW            5    .data               system_nrf51.o
    0x20002404   0x00000004   Data   RW           78    .data               main.o
    0x20002408   0x0000002c   Data   RW          231    .data               dfu_dual_bank.o
    0x20002434   0x0000000c   Data   RW          273    .data               bootloader.o
    0x20002440   0x00000008   Data   RW          331    .data               ble_dfu.o
    0x20002448   0x00000020   Data   RW          395    .data               app_timer.o
    0x20002468   0x00000010   Data   RW          466    .data               app_scheduler.o
    0x20002478   0x0000000c   Data   RW          514    .data               app_gpiote.o
    0x20002484   0x00000014   Data   RW          582    .data               softdevice_handler.o
    0x20002498   0x00000018   Data   RW          659    .data               pstorage.o
    0x200024b0   0x00000001   Data   RW          693    .data               ble_flash.o
    0x200024b1   0x00000001   Data   RW          752    .data               hci_mem_pool.o
    0x200024b2   0x00000002   PAD
    0x200024b4   0x0000001a   Data   RW          790    .data               dfu_transport_ble.o
    0x200024ce   0x00000002   PAD
    0x200024d0   0x00000018   Data   RW          851    .data               ble_conn_params.o
    0x200024e8   0x000003f4   Zero   RW           77    .bss                main.o
    0x200028dc   0x0000004c   Zero   RW          230    .bss                dfu_dual_bank.o
    0x20002928   0x00000010   Zero   RW          272    .bss                bootloader.o
    0x20002938   0x00000108   Zero   RW          658    .bss                pstorage.o
    0x20002a40   0x000004f4   Zero   RW          751    .bss                hci_mem_pool.o
    0x20002f34   0x0000003c   Zero   RW          789    .bss                dfu_transport_ble.o
    0x20002f70   0x0000001c   Zero   RW          850    .bss                ble_conn_params.o
    0x20002f8c   0x00000060   Zero   RW          997    .bss                c_p.l(libspace.o)
    0x20002fec   0x00000004   PAD
    0x20002ff0   0x00000400   Zero   RW           67    HEAP                arm_startup_nrf51.o
    0x200033f0   0x00000800   Zero   RW           66    STACK               arm_startup_nrf51.o



  Load Region LR$$.ARM.__AT_0x0002B004 (Base: 0x0002b004, Size: 0x00000000, Max: 0x00000004, ABSOLUTE)

    Execution Region ER$$.ARM.__AT_0x0002B004 (Base: 0x0002b004, Size: 0x00000004, Max: 0x00000004, ABSOLUTE, UNINIT)

    Base Addr    Size         Type   Attr      Idx    E Section Name        Object

    0x0002b004   0x00000004   Zero   RW           76    .ARM.__AT_0x0002B004  main.o



  Load Region LR$$.ARM.__AT_0x0003FC00 (Base: 0x0003fc00, Size: 0x00000000, Max: 0x00000400, ABSOLUTE)

    Execution Region ER$$.ARM.__AT_0x0003FC00 (Base: 0x0003fc00, Size: 0x00000400, Max: 0x00000400, ABSOLUTE, UNINIT)

    Base Addr    Size         Type   Attr      Idx    E Section Name        Object

    0x0003fc00   0x00000400   Zero   RW          302    .ARM.__AT_0x0003FC00  bootloader_util_arm.o



  Load Region LR$$.ARM.__AT_0x10001014 (Base: 0x10001014, Size: 0x00000004, Max: 0x00000004, ABSOLUTE)

    Execution Region ER$$.ARM.__AT_0x10001014 (Base: 0x10001014, Size: 0x00000004, Max: 0x00000004, ABSOLUTE, UNINIT)

    Base Addr    Size         Type   Attr      Idx    E Section Name        Object

    0x10001014   0x00000004   Data   RW          303    .ARM.__AT_0x10001014  bootloader_util_arm.o


==============================================================================

Image component sizes


      Code (inc. data)   RO Data    RW Data    ZI Data      Debug   Object Name

       264         34          0         12          0      11504   app_gpiote.o
       436         68          0         16          0      12539   app_scheduler.o
      1822        106          0         32          0      21421   app_timer.o
        72         32        192          0       3072        624   arm_startup_nrf51.o
      1132          6          0          0          0       9366   ble_advdata.o
       432         16          0         24         28       6571   ble_conn_params.o
      1038         28         16          8          0      41119   ble_dfu.o
       112         14          0          1          0       2018   ble_flash.o
       500         34          0         12         16       9522   bootloader.o
        32          8          0          4       1024       1959   bootloader_util_arm.o
        60          6          0          0          0       1084   crc16.o
       756         36          0         44         76       8000   dfu_dual_bank.o
      1540        112          0         26         60      22649   dfu_transport_ble.o
       328         14          0          1       1268       3678   hci_mem_pool.o
       344         56          0          4       1016      17778   main.o
      1300         20          0         24        264       7937   pstorage.o
       308         66          0         20          0      34734   softdevice_handler.o
       152         22          0          4          0      22315   system_nrf51.o

    ----------------------------------------------------------------------
     10630        678        240        236       6824     234818   Object Totals
         0          0         32          0          0          0   (incl. Generated)
         2          0          0          4          0          0   (incl. Padding)

    ----------------------------------------------------------------------

      Code (inc. data)   RO Data    RW Data    ZI Data      Debug   Library Member Name

         8          0          0          0          0         68   __main.o
        60          8          0          0          0          0   __scatter.o
        26          0          0          0          0          0   __scatter_copy.o
        28          0          0          0          0          0   __scatter_zi.o
       346          0          0          0          0         92   aeabi_sdiv.o
        12          0          0          0          0         64   exit.o
         6          0          0          0          0        136   heapauxi.o
         0          0          0          0          0          0   indicate_semi.o
         2          0          0          0          0          0   libinit.o
         6          0          0          0          0          0   libinit2.o
         2          0          0          0          0          0   libshutdown.o
         2          0          0          0          0          0   libshutdown2.o
         8          4          0          0         96         68   libspace.o
        64          0          0          0          0        108   rt_memclr.o
       186          0          0          0          0        144   rt_memcpy.o
         0          0          0          0          0          0   rtentry.o
        12          0          0          0          0          0   rtentry2.o
         6          0          0          0          0          0   rtentry4.o
         2          0          0          0          0          0   rtexit.o
        10          0          0          0          0          0   rtexit2.o
        12          4          0          0          0         60   sys_exit.o
        62          0          0          0          0         80   sys_stackheap_outer.o
        34          0          0          0          0         60   uread4.o
         2          0          0          0          0         68   use_no_semi.o

    ----------------------------------------------------------------------
       902         16          0          0        100        948   Library Totals
         6          0          0          0          4          0   (incl. Padding)

    ----------------------------------------------------------------------

      Code (inc. data)   RO Data    RW Data    ZI Data      Debug   Library Name

       896         16          0          0         96        948   c_p.l

    ----------------------------------------------------------------------
       902         16          0          0        100        948   Library Totals

    ----------------------------------------------------------------------

==============================================================================


      Code (inc. data)   RO Data    RW Data    ZI Data      Debug   

     11532        694        240        236       6924     234118   Grand Totals
     11532        694        240        236       6924     234118   ELF Image Totals
     11532        694        240        236          0          0   ROM Totals

==============================================================================

    Total RO  Size (Code + RO Data)                11772 (  11.50kB)
    Total RW  Size (RW Data + ZI Data)              7160 (   6.99kB)
    Total ROM Size (Code + RO Data + RW Data)      12008 (  11.73kB)

==============================================================================

